Component: Arm Compiler for Embedded 6.22 Tool: armlink [5ee90200]

==============================================================================

Section Cross References

    startup_stm32f103xb.o(STACK) refers (Special) to heapauxi.o(.text) for __use_two_region_memory
    startup_stm32f103xb.o(HEAP) refers (Special) to heapauxi.o(.text) for __use_two_region_memory
    startup_stm32f103xb.o(RESET) refers (Special) to heapauxi.o(.text) for __use_two_region_memory
    startup_stm32f103xb.o(RESET) refers to startup_stm32f103xb.o(STACK) for __initial_sp
    startup_stm32f103xb.o(RESET) refers to startup_stm32f103xb.o(.text) for Reset_Handler
    startup_stm32f103xb.o(RESET) refers to stm32f1xx_it.o(.text.NMI_Handler) for NMI_Handler
    startup_stm32f103xb.o(RESET) refers to stm32f1xx_it.o(.text.HardFault_Handler) for HardFault_Handler
    startup_stm32f103xb.o(RESET) refers to stm32f1xx_it.o(.text.MemManage_Handler) for MemManage_Handler
    startup_stm32f103xb.o(RESET) refers to stm32f1xx_it.o(.text.BusFault_Handler) for BusFault_Handler
    startup_stm32f103xb.o(RESET) refers to stm32f1xx_it.o(.text.UsageFault_Handler) for UsageFault_Handler
    startup_stm32f103xb.o(RESET) refers to stm32f1xx_it.o(.text.SVC_Handler) for SVC_Handler
    startup_stm32f103xb.o(RESET) refers to stm32f1xx_it.o(.text.DebugMon_Handler) for DebugMon_Handler
    startup_stm32f103xb.o(RESET) refers to stm32f1xx_it.o(.text.PendSV_Handler) for PendSV_Handler
    startup_stm32f103xb.o(RESET) refers to stm32f1xx_it.o(.text.SysTick_Handler) for SysTick_Handler
    startup_stm32f103xb.o(RESET) refers to stm32f1xx_it.o(.text.USB_LP_CAN1_RX0_IRQHandler) for USB_LP_CAN1_RX0_IRQHandler
    startup_stm32f103xb.o(.text) refers (Special) to heapauxi.o(.text) for __use_two_region_memory
    startup_stm32f103xb.o(.text) refers to system_stm32f1xx.o(.text.SystemInit) for SystemInit
    startup_stm32f103xb.o(.text) refers to __main.o(!!!main) for __main
    startup_stm32f103xb.o(.text) refers to startup_stm32f103xb.o(HEAP) for Heap_Mem
    startup_stm32f103xb.o(.text) refers to startup_stm32f103xb.o(STACK) for Stack_Mem
    zlac_can.o(.text.SDO_Write) refers to stm32f1xx_hal.o(.text.HAL_GetTick) for HAL_GetTick
    zlac_can.o(.text.SDO_Write) refers to can.o(.bss.hcan) for hcan
    zlac_can.o(.text.SDO_Write) refers to stm32f1xx_hal_can.o(.text.HAL_CAN_GetTxMailboxesFreeLevel) for HAL_CAN_GetTxMailboxesFreeLevel
    zlac_can.o(.text.SDO_Write) refers to stm32f1xx_hal_can.o(.text.HAL_CAN_AddTxMessage) for HAL_CAN_AddTxMessage
    zlac_can.o(.ARM.exidx.text.SDO_Write) refers to zlac_can.o(.text.SDO_Write) for [Anonymous Symbol]
    zlac_can.o(.text.SDO_Read_Request) refers to stm32f1xx_hal.o(.text.HAL_GetTick) for HAL_GetTick
    zlac_can.o(.text.SDO_Read_Request) refers to can.o(.bss.hcan) for hcan
    zlac_can.o(.text.SDO_Read_Request) refers to stm32f1xx_hal_can.o(.text.HAL_CAN_GetTxMailboxesFreeLevel) for HAL_CAN_GetTxMailboxesFreeLevel
    zlac_can.o(.text.SDO_Read_Request) refers to stm32f1xx_hal_can.o(.text.HAL_CAN_AddTxMessage) for HAL_CAN_AddTxMessage
    zlac_can.o(.ARM.exidx.text.SDO_Read_Request) refers to zlac_can.o(.text.SDO_Read_Request) for [Anonymous Symbol]
    zlac_can.o(.text.NMT_Send) refers to stm32f1xx_hal.o(.text.HAL_GetTick) for HAL_GetTick
    zlac_can.o(.text.NMT_Send) refers to can.o(.bss.hcan) for hcan
    zlac_can.o(.text.NMT_Send) refers to stm32f1xx_hal_can.o(.text.HAL_CAN_GetTxMailboxesFreeLevel) for HAL_CAN_GetTxMailboxesFreeLevel
    zlac_can.o(.text.NMT_Send) refers to stm32f1xx_hal_can.o(.text.HAL_CAN_AddTxMessage) for HAL_CAN_AddTxMessage
    zlac_can.o(.ARM.exidx.text.NMT_Send) refers to zlac_can.o(.text.NMT_Send) for [Anonymous Symbol]
    zlac_can.o(.text.ZLAC_CAN_Init) refers to can.o(.bss.hcan) for hcan
    zlac_can.o(.text.ZLAC_CAN_Init) refers to stm32f1xx_hal_can.o(.text.HAL_CAN_ConfigFilter) for HAL_CAN_ConfigFilter
    zlac_can.o(.text.ZLAC_CAN_Init) refers to stm32f1xx_hal_can.o(.text.HAL_CAN_ActivateNotification) for HAL_CAN_ActivateNotification
    zlac_can.o(.text.ZLAC_CAN_Init) refers to stm32f1xx_hal_can.o(.text.HAL_CAN_Start) for HAL_CAN_Start
    zlac_can.o(.text.ZLAC_CAN_Init) refers to zlac_can.o(.bss..L_MergedGlobals) for .L_MergedGlobals
    zlac_can.o(.text.ZLAC_CAN_Init) refers to stm32f1xx_hal.o(.text.HAL_GetTick) for HAL_GetTick
    zlac_can.o(.ARM.exidx.text.ZLAC_CAN_Init) refers to zlac_can.o(.text.ZLAC_CAN_Init) for [Anonymous Symbol]
    zlac_can.o(.text.ZLAC_StateMachine) refers to stm32f1xx_hal.o(.text.HAL_GetTick) for HAL_GetTick
    zlac_can.o(.text.ZLAC_StateMachine) refers to zlac_can.o(.bss..L_MergedGlobals) for .L_MergedGlobals
    zlac_can.o(.text.ZLAC_StateMachine) refers to can.o(.bss.hcan) for hcan
    zlac_can.o(.text.ZLAC_StateMachine) refers to stm32f1xx_hal_can.o(.text.HAL_CAN_GetTxMailboxesFreeLevel) for HAL_CAN_GetTxMailboxesFreeLevel
    zlac_can.o(.text.ZLAC_StateMachine) refers to zlac_can.o(.text.ZLAC_SetSpeed_raw) for ZLAC_SetSpeed_raw
[...]
    Removing stm32f1xx_hal_pwr.o(.text), (0 bytes).
    Removing stm32f1xx_hal_pwr.o(.text.HAL_PWR_DeInit), (26 bytes).
    Removing stm32f1xx_hal_pwr.o(.ARM.exidx.text.HAL_PWR_DeInit), (8 bytes).
    Removing stm32f1xx_hal_pwr.o(.text.HAL_PWR_EnableBkUpAccess), (12 bytes).
    Removing stm32f1xx_hal_pwr.o(.ARM.exidx.text.HAL_PWR_EnableBkUpAccess), (8 bytes).
    Removing stm32f1xx_hal_pwr.o(.text.HAL_PWR_DisableBkUpAccess), (12 bytes).
    Removing stm32f1xx_hal_pwr.o(.ARM.exidx.text.HAL_PWR_DisableBkUpAccess), (8 bytes).
    Removing stm32f1xx_hal_pwr.o(.text.HAL_PWR_ConfigPVD), (130 bytes).
    Removing stm32f1xx_hal_pwr.o(.ARM.exidx.text.HAL_PWR_ConfigPVD), (8 bytes).
    Removing stm32f1xx_hal_pwr.o(.text.HAL_PWR_EnablePVD), (12 bytes).
    Removing stm32f1xx_hal_pwr.o(.ARM.exidx.text.HAL_PWR_EnablePVD), (8 bytes).
    Removing stm32f1xx_hal_pwr.o(.text.HAL_PWR_DisablePVD), (12 bytes).
    Removing stm32f1xx_hal_pwr.o(.ARM.exidx.text.HAL_PWR_DisablePVD), (8 bytes).
    Removing stm32f1xx_hal_pwr.o(.text.HAL_PWR_EnableWakeUpPin), (22 bytes).
    Removing stm32f1xx_hal_pwr.o(.ARM.exidx.text.HAL_PWR_EnableWakeUpPin), (8 bytes).
    Removing stm32f1xx_hal_pwr.o(.text.HAL_PWR_DisableWakeUpPin), (22 bytes).
    Removing stm32f1xx_hal_pwr.o(.ARM.exidx.text.HAL_PWR_DisableWakeUpPin), (8 bytes).
    Removing stm32f1xx_hal_pwr.o(.text.HAL_PWR_EnterSLEEPMode), (30 bytes).
    Removing stm32f1xx_hal_pwr.o(.ARM.exidx.text.HAL_PWR_EnterSLEEPMode), (8 bytes).
    Removing stm32f1xx_hal_pwr.o(.text.HAL_PWR_EnterSTOPMode), (80 bytes).
    Removing stm32f1xx_hal_pwr.o(.ARM.exidx.text.HAL_PWR_EnterSTOPMode), (8 bytes).
    Removing stm32f1xx_hal_pwr.o(.text.PWR_OverloadWfe), (6 bytes).
    Removing stm32f1xx_hal_pwr.o(.ARM.exidx.text.PWR_OverloadWfe), (8 bytes).
    Removing stm32f1xx_hal_pwr.o(.text.HAL_PWR_EnterSTANDBYMode), (36 bytes).
    Removing stm32f1xx_hal_pwr.o(.ARM.exidx.text.HAL_PWR_EnterSTANDBYMode), (8 bytes).
    Removing stm32f1xx_hal_pwr.o(.text.HAL_PWR_EnableSleepOnExit), (18 bytes).
    Removing stm32f1xx_hal_pwr.o(.ARM.exidx.text.HAL_PWR_EnableSleepOnExit), (8 bytes).
    Removing stm32f1xx_hal_pwr.o(.text.HAL_PWR_DisableSleepOnExit), (18 bytes).
    Removing stm32f1xx_hal_pwr.o(.ARM.exidx.text.HAL_PWR_DisableSleepOnExit), (8 bytes).
    Removing stm32f1xx_hal_pwr.o(.text.HAL_PWR_EnableSEVOnPend), (18 bytes).
    Removing stm32f1xx_hal_pwr.o(.ARM.exidx.text.HAL_PWR_EnableSEVOnPend), (8 bytes).
    Removing stm32f1xx_hal_pwr.o(.text.HAL_PWR_DisableSEVOnPend), (18 bytes).
    Removing stm32f1xx_hal_pwr.o(.ARM.exidx.text.HAL_PWR_DisableSEVOnPend), (8 bytes).
    Removing stm32f1xx_hal_pwr.o(.text.HAL_PWR_PVD_IRQHandler), (30 bytes).
    Removing stm32f1xx_hal_pwr.o(.ARM.exidx.text.HAL_PWR_PVD_IRQHandler), (8 bytes).
    Removing stm32f1xx_hal_pwr.o(.text.HAL_PWR_PVDCallback), (2 bytes).
    Removing stm32f1xx_hal_pwr.o(.ARM.exidx.text.HAL_PWR_PVDCallback), (8 bytes).
    Removing stm32f1xx_hal_flash.o(.text), (0 bytes).
    Removing stm32f1xx_hal_flash.o(.text.HAL_FLASH_Program), (278 bytes).
    Removing stm32f1xx_hal_flash.o(.ARM.exidx.text.HAL_FLASH_Program), (8 bytes).
    Removing stm32f1xx_hal_flash.o(.text.FLASH_WaitForLastOperation), (198 bytes).
    Removing stm32f1xx_hal_flash.o(.ARM.exidx.text.FLASH_WaitForLastOperation), (8 bytes).
    Removing stm32f1xx_hal_flash.o(.text.HAL_FLASH_Program_IT), (92 bytes).
    Removing stm32f1xx_hal_flash.o(.ARM.exidx.text.HAL_FLASH_Program_IT), (8 bytes).
    Removing stm32f1xx_hal_flash.o(.text.HAL_FLASH_IRQHandler), (368 bytes).
    Removing stm32f1xx_hal_flash.o(.ARM.exidx.text.HAL_FLASH_IRQHandler), (8 bytes).
    Removing stm32f1xx_hal_flash.o(.text.HAL_FLASH_OperationErrorCallback), (2 bytes).
    Removing stm32f1xx_hal_flash.o(.ARM.exidx.text.HAL_FLASH_OperationErrorCallback), (8 bytes).
    Removing stm32f1xx_hal_flash.o(.text.HAL_FLASH_EndOfOperationCallback), (2 bytes).
    Removing stm32f1xx_hal_flash.o(.ARM.exidx.text.HAL_FLASH_EndOfOperationCallback), (8 bytes).
    Removing stm32f1xx_hal_flash.o(.text.HAL_FLASH_Unlock), (46 bytes).
    Removing stm32f1xx_hal_flash.o(.ARM.exidx.text.HAL_FLASH_Unlock), (8 bytes).
    Removing stm32f1xx_hal_flash.o(.text.HAL_FLASH_Lock), (20 bytes).
    Removing stm32f1xx_hal_flash.o(.ARM.exidx.text.HAL_FLASH_Lock), (8 bytes).
    Removing stm32f1xx_hal_flash.o(.text.HAL_FLASH_OB_Unlock), (42 bytes).
    Removing stm32f1xx_hal_flash.o(.ARM.exidx.text.HAL_FLASH_OB_Unlock), (8 bytes).
    Removing stm32f1xx_hal_flash.o(.text.HAL_FLASH_OB_Lock), (20 bytes).
    Removing stm32f1xx_hal_flash.o(.ARM.exidx.text.HAL_FLASH_OB_Lock), (8 bytes).
    Removing stm32f1xx_hal_flash.o(.text.HAL_FLASH_OB_Launch), (4 bytes).
    Removing stm32f1xx_hal_flash.o(.ARM.exidx.text.HAL_FLASH_OB_Launch), (8 bytes).
    Removing stm32f1xx_hal_flash.o(.text.HAL_FLASH_GetError), (12 bytes).
    Removing stm32f1xx_hal_flash.o(.ARM.exidx.text.HAL_FLASH_GetError), (8 bytes).
    Removing stm32f1xx_hal_flash.o(.bss.pFlash), (32 bytes).
    Removing stm32f1xx_hal_flash_ex.o(.text), (0 bytes).
    Removing stm32f1xx_hal_flash_ex.o(.text.HAL_FLASHEx_Erase), (238 bytes).
    Removing stm32f1xx_hal_flash_ex.o(.ARM.exidx.text.HAL_FLASHEx_Erase), (8 bytes).
    Removing stm32f1xx_hal_flash_ex.o(.text.FLASH_PageErase), (40 bytes).
    Removing stm32f1xx_hal_flash_ex.o(.ARM.exidx.text.FLASH_PageErase), (8 bytes).
    Removing stm32f1xx_hal_flash_ex.o(.text.HAL_FLASHEx_Erase_IT), (98 bytes).
    Removing stm32f1xx_hal_flash_ex.o(.ARM.exidx.text.HAL_FLASHEx_Erase_IT), (8 bytes).
    Removing stm32f1xx_hal_flash_ex.o(.text.HAL_FLASHEx_OBErase), (172 bytes).
    Removing stm32f1xx_hal_flash_ex.o(.ARM.exidx.text.HAL_FLASHEx_OBErase), (8 bytes).
    Removing stm32f1xx_hal_flash_ex.o(.text.HAL_FLASHEx_OBProgram), (694 bytes).
    Removing stm32f1xx_hal_flash_ex.o(.ARM.exidx.text.HAL_FLASHEx_OBProgram), (8 bytes).
    Removing stm32f1xx_hal_flash_ex.o(.text.HAL_FLASHEx_OBGetConfig), (42 bytes).
    Removing stm32f1xx_hal_flash_ex.o(.ARM.exidx.text.HAL_FLASHEx_OBGetConfig), (8 bytes).
    Removing stm32f1xx_hal_flash_ex.o(.text.HAL_FLASHEx_OBGetUserData), (34 bytes).
    Removing stm32f1xx_hal_flash_ex.o(.ARM.exidx.text.HAL_FLASHEx_OBGetUserData), (8 bytes).
    Removing stm32f1xx_hal_exti.o(.text), (0 bytes).
    Removing stm32f1xx_hal_exti.o(.text.HAL_EXTI_SetConfigLine), (186 bytes).
    Removing stm32f1xx_hal_exti.o(.ARM.exidx.text.HAL_EXTI_SetConfigLine), (8 bytes).
    Removing stm32f1xx_hal_exti.o(.text.HAL_EXTI_GetConfigLine), (148 bytes).
    Removing stm32f1xx_hal_exti.o(.ARM.exidx.text.HAL_EXTI_GetConfigLine), (8 bytes).
    Removing stm32f1xx_hal_exti.o(.text.HAL_EXTI_ClearConfigLine), (140 bytes).
    Removing stm32f1xx_hal_exti.o(.ARM.exidx.text.HAL_EXTI_ClearConfigLine), (8 bytes).
    Removing stm32f1xx_hal_exti.o(.text.HAL_EXTI_RegisterCallback), (12 bytes).
    Removing stm32f1xx_hal_exti.o(.ARM.exidx.text.HAL_EXTI_RegisterCallback), (8 bytes).
    Removing stm32f1xx_hal_exti.o(.text.HAL_EXTI_GetHandle), (12 bytes).
    Removing stm32f1xx_hal_exti.o(.ARM.exidx.text.HAL_EXTI_GetHandle), (8 bytes).
    Removing stm32f1xx_hal_exti.o(.text.HAL_EXTI_IRQHandler), (42 bytes).
    Removing stm32f1xx_hal_exti.o(.ARM.exidx.text.HAL_EXTI_IRQHandler), (8 bytes).
    Removing stm32f1xx_hal_exti.o(.text.HAL_EXTI_GetPending), (28 bytes).
    Removing stm32f1xx_hal_exti.o(.ARM.exidx.text.HAL_EXTI_GetPending), (8 bytes).
    Removing stm32f1xx_hal_exti.o(.text.HAL_EXTI_ClearPending), (24 bytes).
    Removing stm32f1xx_hal_exti.o(.ARM.exidx.text.HAL_EXTI_ClearPending), (8 bytes).
    Removing stm32f1xx_hal_exti.o(.text.HAL_EXTI_GenerateSWI), (24 bytes).
    Removing stm32f1xx_hal_exti.o(.ARM.exidx.text.HAL_EXTI_GenerateSWI), (8 bytes).
    Removing stm32f1xx_hal_tim.o(.text), (0 bytes).
    Removing stm32f1xx_hal_tim_ex.o(.text), (0 bytes).
    Removing system_stm32f1xx.o(.text), (0 bytes).
    Removing system_stm32f1xx.o(.ARM.exidx.text.SystemInit), (8 bytes).
    Removing system_stm32f1xx.o(.text.SystemCoreClockUpdate), (92 bytes).
    Removing system_stm32f1xx.o(.ARM.exidx.text.SystemCoreClockUpdate), (8 bytes).
    Removing system_stm32f1xx.o(.rodata.APBPrescTable), (8 bytes).

362 unused section(s) (total 11769 bytes) removed from the image.

==============================================================================

Image Symbol Table

    Local Symbols

    Symbol Name                              Value     Ov Type        Size  Object(Section)

    ../clib/angel/boardlib.s                 0x00000000   Number         0  boardinit1.o ABSOLUTE
    ../clib/angel/boardlib.s                 0x00000000   Number         0  boardinit2.o ABSOLUTE
    ../clib/angel/boardlib.s                 0x00000000   Number         0  boardinit3.o ABSOLUTE
    ../clib/angel/boardlib.s                 0x00000000   Number         0  boardshut.o ABSOLUTE
    ../clib/angel/handlers.s                 0x00000000   Number         0  __scatter_copy.o ABSOLUTE
    ../clib/angel/handlers.s                 0x00000000   Number         0  __scatter_zi.o ABSOLUTE
    ../clib/angel/kernel.s                   0x00000000   Number         0  __rtentry.o ABSOLUTE
    ../clib/angel/kernel.s                   0x00000000   Number         0  __rtentry2.o ABSOLUTE
    ../clib/angel/kernel.s                   0x00000000   Number         0  __rtentry4.o ABSOLUTE
    ../clib/angel/kernel.s                   0x00000000   Number         0  rtexit.o ABSOLUTE
    ../clib/angel/kernel.s                   0x00000000   Number         0  rtexit2.o ABSOLUTE
    ../clib/angel/rt.s                       0x00000000   Number         0  rt_errno_addr.o ABSOLUTE
    ../clib/angel/rt.s                       0x00000000   Number         0  rt_errno_addr_intlibspace.o ABSOLUTE
    ../clib/angel/rt.s                       0x00000000   Number         0  rt_raise.o ABSOLUTE
    ../clib/angel/scatter.s                  0x00000000   Number         0  __scatter.o ABSOLUTE
    ../clib/angel/startup.s                  0x00000000   Number         0  __main.o ABSOLUTE
    ../clib/angel/sys.s                      0x00000000   Number         0  libspace.o ABSOLUTE
    ../clib/angel/sys.s                      0x00000000   Number         0  sys_stackheap_outer.o ABSOLUTE
    ../clib/angel/sys.s                      0x00000000   Number         0  use_no_semi.o ABSOLUTE
    ../clib/angel/sys.s                      0x00000000   Number         0  indicate_semi.o ABSOLUTE
    ../clib/angel/sysapp.c                   0x00000000   Number         0  sys_exit.o ABSOLUTE
    ../clib/angel/sysapp.c                   0x00000000   Number         0  sys_exit_hlt.o ABSOLUTE
    ../clib/angel/sysapp.c                   0x00000000   Number         0  sys_command.o ABSOLUTE
    ../clib/angel/sysapp.c                   0x00000000   Number         0  sys_command_hlt.o ABSOLUTE
    ../clib/angel/sysapp.c                   0x00000000   Number         0  sys_wrch.o ABSOLUTE
    ../clib/angel/sysapp.c                   0x00000000   Number         0  sys_wrch_hlt.o ABSOLUTE
    ../clib/armsys.c                         0x00000000   Number         0  argv_veneer.o ABSOLUTE
    ../clib/armsys.c                         0x00000000   Number         0  argv_veneer.o ABSOLUTE
    ../clib/armsys.c                         0x00000000   Number         0  _get_argv_nomalloc.o ABSOLUTE
    ../clib/armsys.c                         0x00000000   Number         0  no_argv.o ABSOLUTE
    ../clib/fenv.c                           0x00000000   Number         0  _rserrno.o ABSOLUTE
    ../clib/heapalloc.c                      0x00000000   Number         0  hrguard.o ABSOLUTE
    ../clib/heapaux.c                        0x00000000   Number         0  heapauxi.o ABSOLUTE
    ../clib/libinit.s                        0x00000000   Number         0  libinit.o ABSOLUTE
    ../clib/libinit.s                        0x00000000   Number         0  libinit2.o ABSOLUTE
    ../clib/libinit.s                        0x00000000   Number         0  libshutdown.o ABSOLUTE
    ../clib/libinit.s                        0x00000000   Number         0  libshutdown2.o ABSOLUTE
    ../clib/signal.c                         0x00000000   Number         0  defsig_rtmem_outer.o ABSOLUTE
    ../clib/signal.c                         0x00000000   Number         0  defsig_rtmem_formal.o ABSOLUTE
    ../clib/signal.c                         0x00000000   Number         0  defsig_exit.o ABSOLUTE
    ../clib/signal.c                         0x00000000   Number         0  defsig_rtmem_inner.o ABSOLUTE
    ../clib/signal.c                         0x00000000   Number         0  __raise.o ABSOLUTE
    ../clib/signal.c                         0x00000000   Number         0  defsig_general.o ABSOLUTE
    ../clib/signal.c                         0x00000000   Number         0  defsig_abrt_inner.o ABSOLUTE
    ../clib/signal.c                         0x00000000   Number         0  defsig_fpe_inner.o ABSOLUTE
    ../clib/signal.c                         0x00000000   Number         0  defsig_rtred_inner.o ABSOLUTE
    ../clib/signal.c                         0x00000000   Number         0  defsig_stak_inner.o ABSOLUTE
    ../clib/signal.c                         0x00000000   Number         0  defsig_pvfn_inner.o ABSOLUTE
    ../clib/signal.c                         0x00000000   Number         0  defsig_cppl_inner.o ABSOLUTE
    ../clib/signal.c                         0x00000000   Number         0  defsig_segv_inner.o ABSOLUTE
    ../clib/signal.c                         0x00000000   Number         0  defsig_other.o ABSOLUTE
    ../clib/signal.s                         0x00000000   Number         0  defsig.o ABSOLUTE
    ../clib/stdlib.c                         0x00000000   Number         0  exit.o ABSOLUTE
    ../fplib/faddsub.s                       0x00000000   Number         0  faddsub_clz.o ABSOLUTE
    ../fplib/fcheck1.s                       0x00000000   Number         0  fcheck1.o ABSOLUTE
    ../fplib/fcmp.s                          0x00000000   Number         0  fcmp.o ABSOLUTE
    ../fplib/fcmpi.s                         0x00000000   Number         0  fcmpi.o ABSOLUTE
    ../fplib/fdiv.s                          0x00000000   Number         0  fdiv.o ABSOLUTE
    ../fplib/feqf.s                          0x00000000   Number         0  feqf.o ABSOLUTE
    ../fplib/ffix.s                          0x00000000   Number         0  ffix.o ABSOLUTE
    ../fplib/fflt.s                          0x00000000   Number         0  fflt_clz.o ABSOLUTE
    ../fplib/fgeqf.s                         0x00000000   Number         0  fgeqf.o ABSOLUTE
    ../fplib/fleqf.s                         0x00000000   Number         0  fleqf.o ABSOLUTE
    ../fplib/fmul.s                          0x00000000   Number         0  fmul.o ABSOLUTE
    ../fplib/fnaninf.s                       0x00000000   Number         0  fnaninf.o ABSOLUTE
    ../fplib/fpinit.s                        0x00000000   Number         0  fpinit.o ABSOLUTE
    ../fplib/fpinit_empty.s                  0x00000000   Number         0  fpinit_empty.o ABSOLUTE
    ../fplib/fretinf.s                       0x00000000   Number         0  fretinf.o ABSOLUTE
    ../fplib/frnd.s                          0x00000000   Number         0  frnd.o ABSOLUTE
    ../fplib/retnan.s                        0x00000000   Number         0  retnan.o ABSOLUTE
    ../fplib/scalbnf.s                       0x00000000   Number         0  scalbnf.o ABSOLUTE
    ../fplib/trapv.s                         0x00000000   Number         0  trapv.o ABSOLUTE
    ../fplib/usenofp.s                       0x00000000   Number         0  usenofp.o ABSOLUTE
    ../mathlib/cosf.c                        0x00000000   Number         0  cosf.o ABSOLUTE
    ../mathlib/fpclassifyf.c                 0x00000000   Number         0  fpclassifyf.o ABSOLUTE
    ../mathlib/funder.c                      0x00000000   Number         0  funder.o ABSOLUTE
    ../mathlib/rredf.c                       0x00000000   Number         0  rredf.o ABSOLUTE
    ../mathlib/sinf.c                        0x00000000   Number         0  sinf.o ABSOLUTE
    can.c                                    0x00000000   Number         0  can.o ABSOLUTE
    dc.s                                     0x00000000   Number         0  dc.o ABSOLUTE
    gpio.c                                   0x00000000   Number         0  gpio.o ABSOLUTE
    main.c                                   0x00000000   Number         0  main.o ABSOLUTE
    startup_stm32f103xb.s                    0x00000000   Number         0  startup_stm32f103xb.o ABSOLUTE
    stm32f1xx_hal.c                          0x00000000   Number         0  stm32f1xx_hal.o ABSOLUTE
    stm32f1xx_hal_can.c                      0x00000000   Number         0  stm32f1xx_hal_can.o ABSOLUTE
    stm32f1xx_hal_cortex.c                   0x00000000   Number         0  stm32f1xx_hal_cortex.o ABSOLUTE
    stm32f1xx_hal_dma.c                      0x00000000   Number         0  stm32f1xx_hal_dma.o ABSOLUTE
    stm32f1xx_hal_exti.c                     0x00000000   Number         0  stm32f1xx_hal_exti.o ABSOLUTE
    stm32f1xx_hal_flash.c                    0x00000000   Number         0  stm32f1xx_hal_flash.o ABSOLUTE
    stm32f1xx_hal_flash_ex.c                 0x00000000   Number         0  stm32f1xx_hal_flash_ex.o ABSOLUTE
    stm32f1xx_hal_gpio.c                     0x00000000   Number         0  stm32f1xx_hal_gpio.o ABSOLUTE
    stm32f1xx_hal_gpio_ex.c                  0x00000000   Number         0  stm32f1xx_hal_gpio_ex.o ABSOLUTE
    stm32f1xx_hal_msp.c                      0x00000000   Number         0  stm32f1xx_hal_msp.o ABSOLUTE
    stm32f1xx_hal_pwr.c                      0x00000000   Number         0  stm32f1xx_hal_pwr.o ABSOLUTE
    stm32f1xx_hal_rcc.c                      0x00000000   Number         0  stm32f1xx_hal_rcc.o ABSOLUTE
    stm32f1xx_hal_rcc_ex.c                   0x00000000   Number         0  stm32f1xx_hal_rcc_ex.o ABSOLUTE
    stm32f1xx_hal_tim.c                      0x00000000   Number         0  stm32f1xx_hal_tim.o ABSOLUTE
    stm32f1xx_hal_tim_ex.c                   0x00000000   Number         0  stm32f1xx_hal_tim_ex.o ABSOLUTE
    stm32f1xx_it.c                           0x00000000   Number         0  stm32f1xx_it.o ABSOLUTE
    system_stm32f1xx.c                       0x00000000   Number         0  system_stm32f1xx.o ABSOLUTE
    zlac_can.c                               0x00000000   Number         0  zlac_can.o ABSOLUTE
    RESET                                    0x08000000   Section      236  startup_stm32f103xb.o(RESET)
    !!!main                                  0x080000ec   Section        8  __main.o(!!!main)
    !!!scatter                               0x080000f4   Section       92  __scatter.o(!!!scatter)
    !!handler_copy                           0x08000150   Section       26  __scatter_copy.o(!!handler_copy)
    !!handler_null                           0x0800016c   Section        2  __scatter.o(!!handler_null)
    !!handler_zi                             0x08000170   Section       28  __scatter_zi.o(!!handler_zi)
    .ARM.Collect$$libinit$$00000000          0x0800018c   Section        2  libinit.o(.ARM.Collect$$libinit$$00000000)
    .ARM.Collect$$libinit$$00000002          0x0800018e   Section        0  libinit2.o(.ARM.Collect$$libinit$$00000002)
    .ARM.Collect$$libinit$$00000004          0x0800018e   Section        0  libinit2.o(.ARM.Collect$$libinit$$00000004)
    .ARM.Collect$$libinit$$00000006          0x0800018e   Section        0  libinit2.o(.ARM.Collect$$libinit$$00000006)
    .ARM.Collect$$libinit$$0000000C          0x0800018e   Section        0  libinit2.o(.ARM.Collect$$libinit$$0000000C)
    .ARM.Collect$$libinit$$0000000E          0x0800018e   Section        0  libinit2.o(.ARM.Collect$$libinit$$0000000E)
    .ARM.Collect$$libinit$$00000010          0x0800018e   Section        0  libinit2.o(.ARM.Collect$$libinit$$00000010)
    .ARM.Collect$$libinit$$00000013          0x0800018e   Section        0  libinit2.o(.ARM.Collect$$libinit$$00000013)
    .ARM.Collect$$libinit$$00000015          0x0800018e   Section        0  libinit2.o(.ARM.Collect$$libinit$$00000015)
    .ARM.Collect$$libinit$$00000017          0x0800018e   Section        0  libinit2.o(.ARM.Collect$$libinit$$00000017)
    .ARM.Collect$$libinit$$00000019          0x0800018e   Section        0  libinit2.o(.ARM.Collect$$libinit$$00000019)
    .ARM.Collect$$libinit$$0000001B          0x0800018e   Section        0  libinit2.o(.ARM.Collect$$libinit$$0000001B)
    .ARM.Collect$$libinit$$0000001D          0x0800018e   Section        0  libinit2.o(.ARM.Collect$$libinit$$0000001D)
    .ARM.Collect$$libinit$$0000001F          0x0800018e   Section        0  libinit2.o(.ARM.Collect$$libinit$$0000001F)
    .ARM.Collect$$libinit$$00000021          0x0800018e   Section        0  libinit2.o(.ARM.Collect$$libinit$$00000021)
    .ARM.Collect$$libinit$$00000023          0x0800018e   Section        0  libinit2.o(.ARM.Collect$$libinit$$00000023)
    .ARM.Collect$$libinit$$00000025          0x0800018e   Section        0  libinit2.o(.ARM.Collect$$libinit$$00000025)
    .ARM.Collect$$libinit$$00000027          0x0800018e   Section        0  libinit2.o(.ARM.Collect$$libinit$$00000027)
    .ARM.Collect$$libinit$$0000002E          0x0800018e   Section        0  libinit2.o(.ARM.Collect$$libinit$$0000002E)
    .ARM.Collect$$libinit$$00000030          0x0800018e   Section        0  libinit2.o(.ARM.Collect$$libinit$$00000030)
    .ARM.Collect$$libinit$$00000032          0x0800018e   Section        0  libinit2.o(.ARM.Collect$$libinit$$00000032)
    .ARM.Collect$$libinit$$00000034          0x0800018e   Section        0  libinit2.o(.ARM.Collect$$libinit$$00000034)
    .ARM.Collect$$libinit$$00000035          0x0800018e   Section        2  libinit2.o(.ARM.Collect$$libinit$$00000035)
    .ARM.Collect$$libshutdown$$00000000      0x08000190   Section        2  libshutdown.o(.ARM.Collect$$libshutdown$$00000000)
    .ARM.Collect$$libshutdown$$00000002      0x08000192   Section        0  libshutdown2.o(.ARM.Collect$$libshutdown$$00000002)
    .ARM.Collect$$libshutdown$$00000004      0x08000192   Section        0  libshutdown2.o(.ARM.Collect$$libshutdown$$00000004)
    .ARM.Collect$$libshutdown$$00000007      0x08000192   Section        0  libshutdown2.o(.ARM.Collect$$libshutdown$$00000007)
    .ARM.Collect$$libshutdown$$0000000A      0x08000192   Section        0  libshutdown2.o(.ARM.Collect$$libshutdown$$0000000A)
    .ARM.Collect$$libshutdown$$0000000C      0x08000192   Section        0  libshutdown2.o(.ARM.Collect$$libshutdown$$0000000C)
    .ARM.Collect$$libshutdown$$0000000F      0x08000192   Section        0  libshutdown2.o(.ARM.Collect$$libshutdown$$0000000F)
    .ARM.Collect$$libshutdown$$00000010      0x08000192   Section        2  libshutdown2.o(.ARM.Collect$$libshutdown$$00000010)
    .ARM.Collect$$rtentry$$00000000          0x08000194   Section        0  __rtentry.o(.ARM.Collect$$rtentry$$00000000)
    .ARM.Collect$$rtentry$$00000002          0x08000194   Section        0  __rtentry2.o(.ARM.Collect$$rtentry$$00000002)
    .ARM.Collect$$rtentry$$00000004          0x08000194   Section        6  __rtentry4.o(.ARM.Collect$$rtentry$$00000004)
    .ARM.Collect$$rtentry$$00000009          0x0800019a   Section        0  __rtentry2.o(.ARM.Collect$$rtentry$$00000009)
    .ARM.Collect$$rtentry$$0000000A          0x0800019a   Section        4  __rtentry2.o(.ARM.Collect$$rtentry$$0000000A)
    .ARM.Collect$$rtentry$$0000000C          0x0800019e   Section        0  __rtentry2.o(.ARM.Collect$$rtentry$$0000000C)
    .ARM.Collect$$rtentry$$0000000D          0x0800019e   Section        8  __rtentry2.o(.ARM.Collect$$rtentry$$0000000D)
    .ARM.Collect$$rtexit$$00000000           0x080001a6   Section        2  rtexit.o(.ARM.Collect$$rtexit$$00000000)
    .ARM.Collect$$rtexit$$00000002           0x080001a8   Section        0  rtexit2.o(.ARM.Collect$$rtexit$$00000002)
    .ARM.Collect$$rtexit$$00000003           0x080001a8   Section        4  rtexit2.o(.ARM.Collect$$rtexit$$00000003)
    .ARM.Collect$$rtexit$$00000004           0x080001ac   Section        6  rtexit2.o(.ARM.Collect$$rtexit$$00000004)
    .text                                    0x080001b4   Section       64  startup_stm32f103xb.o(.text)
    .text                                    0x080001f4   Section        0  heapauxi.o(.text)
    .text                                    0x080001fa   Section        0  _rserrno.o(.text)
    .text                                    0x08000210   Section        8  rt_errno_addr_intlibspace.o(.text)
    .text                                    0x08000218   Section        8  libspace.o(.text)
    .text                                    0x08000220   Section       74  sys_stackheap_outer.o(.text)
    .text                                    0x0800026a   Section        0  exit.o(.text)
    .text                                    0x0800027c   Section        0  sys_exit.o(.text)
    .text                                    0x08000288   Section        2  use_no_semi.o(.text)
    .text                                    0x0800028a   Section        0  indicate_semi.o(.text)
    [Anonymous Symbol]                       0x0800028c   Section        0  stm32f1xx_it.o(.text.BusFault_Handler)
    [Anonymous Symbol]                       0x08000290   Section        0  stm32f1xx_it.o(.text.DebugMon_Handler)
    [Anonymous Symbol]                       0x08000294   Section        0  main.o(.text.Error_Handler)
    [Anonymous Symbol]                       0x080002a0   Section        0  stm32f1xx_hal_can.o(.text.HAL_CAN_ActivateNotification)
    [Anonymous Symbol]                       0x080002d0   Section        0  stm32f1xx_hal_can.o(.text.HAL_CAN_AddTxMessage)
    [Anonymous Symbol]                       0x08000374   Section        0  stm32f1xx_hal_can.o(.text.HAL_CAN_ConfigFilter)
    [Anonymous Symbol]                       0x08000460   Section        0  stm32f1xx_hal_can.o(.text.HAL_CAN_ErrorCallback)
    [Anonymous Symbol]                       0x08000464   Section        0  stm32f1xx_hal_can.o(.text.HAL_CAN_GetRxMessage)
    [Anonymous Symbol]                       0x08000594   Section        0  stm32f1xx_hal_can.o(.text.HAL_CAN_GetTxMailboxesFreeLevel)
    [Anonymous Symbol]                       0x080005bc   Section        0  stm32f1xx_hal_can.o(.text.HAL_CAN_IRQHandler)
    [Anonymous Symbol]                       0x0800081c   Section        0  stm32f1xx_hal_can.o(.text.HAL_CAN_Init)
    [Anonymous Symbol]                       0x08000910   Section        0  can.o(.text.HAL_CAN_MspInit)
    [Anonymous Symbol]                       0x080009a0   Section        0  stm32f1xx_hal_can.o(.text.HAL_CAN_RxFifo0FullCallback)
    [Anonymous Symbol]                       0x080009a4   Section        0  zlac_can.o(.text.HAL_CAN_RxFifo0MsgPendingCallback)
    [Anonymous Symbol]                       0x08000a7c   Section        0  stm32f1xx_hal_can.o(.text.HAL_CAN_RxFifo1FullCallback)
    [Anonymous Symbol]                       0x08000a80   Section        0  stm32f1xx_hal_can.o(.text.HAL_CAN_RxFifo1MsgPendingCallback)
    [Anonymous Symbol]                       0x08000a84   Section        0  stm32f1xx_hal_can.o(.text.HAL_CAN_SleepCallback)
    [Anonymous Symbol]                       0x08000a88   Section        0  stm32f1xx_hal_can.o(.text.HAL_CAN_Start)
    [Anonymous Symbol]                       0x08000ae4   Section        0  stm32f1xx_hal_can.o(.text.HAL_CAN_TxMailbox0AbortCallback)
    [Anonymous Symbol]                       0x08000ae8   Section        0  stm32f1xx_hal_can.o(.text.HAL_CAN_TxMailbox0CompleteCallback)
    [Anonymous Symbol]                       0x08000aec   Section        0  stm32f1xx_hal_can.o(.text.HAL_CAN_TxMailbox1AbortCallback)
    [Anonymous Symbol]                       0x08000af0   Section        0  stm32f1xx_hal_can.o(.text.HAL_CAN_TxMailbox1CompleteCallback)
    [Anonymous Symbol]                       0x08000af4   Section        0  stm32f1xx_hal_can.o(.text.HAL_CAN_TxMailbox2AbortCallback)
    [Anonymous Symbol]                       0x08000af8   Section        0  stm32f1xx_hal_can.o(.text.HAL_CAN_TxMailbox2CompleteCallback)
    [Anonymous Symbol]                       0x08000afc   Section        0  stm32f1xx_hal_can.o(.text.HAL_CAN_WakeUpFromRxMsgCallback)
    [Anonymous Symbol]                       0x08000b00   Section        0  stm32f1xx_hal.o(.text.HAL_Delay)
    [Anonymous Symbol]                       0x08000b28   Section        0  stm32f1xx_hal_gpio.o(.text.HAL_GPIO_Init)
    [Anonymous Symbol]                       0x08000d38   Section        0  stm32f1xx_hal.o(.text.HAL_GetTick)
    [Anonymous Symbol]                       0x08000d44   Section        0  stm32f1xx_hal.o(.text.HAL_IncTick)
    [Anonymous Symbol]                       0x08000d60   Section        0  stm32f1xx_hal.o(.text.HAL_Init)
    [Anonymous Symbol]                       0x08000d88   Section        0  stm32f1xx_hal.o(.text.HAL_InitTick)
    [Anonymous Symbol]                       0x08000dd0   Section        0  stm32f1xx_hal_msp.o(.text.HAL_MspInit)
    [Anonymous Symbol]                       0x08000e14   Section        0  stm32f1xx_hal_cortex.o(.text.HAL_NVIC_EnableIRQ)
    [Anonymous Symbol]                       0x08000e38   Section        0  stm32f1xx_hal_cortex.o(.text.HAL_NVIC_SetPriority)
    [Anonymous Symbol]                       0x08000e90   Section        0  stm32f1xx_hal_cortex.o(.text.HAL_NVIC_SetPriorityGrouping)
    [Anonymous Symbol]                       0x08000eb0   Section        0  stm32f1xx_hal_rcc.o(.text.HAL_RCC_ClockConfig)
    [Anonymous Symbol]                       0x0800106c   Section        0  stm32f1xx_hal_rcc.o(.text.HAL_RCC_OscConfig)
    [Anonymous Symbol]                       0x0800146c   Section        0  stm32f1xx_hal_cortex.o(.text.HAL_SYSTICK_Config)
    [Anonymous Symbol]                       0x08001498   Section        0  stm32f1xx_it.o(.text.HardFault_Handler)
    [Anonymous Symbol]                       0x0800149c   Section        0  can.o(.text.MX_CAN_Init)
    [Anonymous Symbol]                       0x080014dc   Section        0  gpio.o(.text.MX_GPIO_Init)
    [Anonymous Symbol]                       0x08001520   Section        0  stm32f1xx_it.o(.text.MemManage_Handler)
    [Anonymous Symbol]                       0x08001524   Section        0  stm32f1xx_it.o(.text.NMI_Handler)
    [Anonymous Symbol]                       0x08001528   Section        0  stm32f1xx_it.o(.text.PendSV_Handler)
    [Anonymous Symbol]                       0x0800152c   Section        0  zlac_can.o(.text.SDO_Read_Request)
    [Anonymous Symbol]                       0x08001598   Section        0  zlac_can.o(.text.SDO_Write)
    SDO_Write.cs_table                       0x08001624   Number         0  zlac_can.o(.text.SDO_Write)
    [Anonymous Symbol]                       0x0800162c   Section        0  stm32f1xx_it.o(.text.SVC_Handler)
    [Anonymous Symbol]                       0x08001630   Section        0  stm32f1xx_it.o(.text.SysTick_Handler)
    [Anonymous Symbol]                       0x08001634   Section        0  system_stm32f1xx.o(.text.SystemInit)
    [Anonymous Symbol]                       0x08001638   Section        0  stm32f1xx_it.o(.text.USB_LP_CAN1_RX0_IRQHandler)
    [Anonymous Symbol]                       0x08001644   Section        0  stm32f1xx_it.o(.text.UsageFault_Handler)
    [Anonymous Symbol]                       0x08001648   Section        0  zlac_can.o(.text.ZLAC_CAN_Init)
    [Anonymous Symbol]                       0x080016ac   Section        0  zlac_can.o(.text.ZLAC_IsReady)
    [Anonymous Symbol]                       0x080016c0   Section        0  zlac_can.o(.text.ZLAC_Odom_Reset)
    [Anonymous Symbol]                       0x080016d8   Section        0  zlac_can.o(.text.ZLAC_Odom_Update)
    [Anonymous Symbol]                       0x080018dc   Section        0  zlac_can.o(.text.ZLAC_SetSpeed_raw)
    [Anonymous Symbol]                       0x080019cc   Section        0  zlac_can.o(.text.ZLAC_StateMachine)
    [Anonymous Symbol]                       0x08002028   Section        0  zlac_can.o(.text.ZLAC_Stop)
    [Anonymous Symbol]                       0x08002030   Section        0  main.o(.text.main)
    i.__ARM_fpclassifyf                      0x0800229e   Section        0  fpclassifyf.o(i.__ARM_fpclassifyf)
    i.__mathlib_flt_infnan                   0x080022c4   Section        0  funder.o(i.__mathlib_flt_infnan)
    i.__mathlib_flt_invalid                  0x080022ca   Section        0  funder.o(i.__mathlib_flt_invalid)
    i.__mathlib_flt_underflow                0x080022d2   Section        0  funder.o(i.__mathlib_flt_underflow)
    i.__mathlib_rredf2                       0x080022dc   Section        0  rredf.o(i.__mathlib_rredf2)
    i.cosf                                   0x08002444   Section        0  cosf.o(i.cosf)
    i.sinf                                   0x080025c0   Section        0  sinf.o(i.sinf)
    x$fpl$fadd                               0x08002748   Section      196  faddsub_clz.o(x$fpl$fadd)
    _fadd1                                   0x08002757   Thumb Code     0  faddsub_clz.o(x$fpl$fadd)
    x$fpl$fcheck1                            0x0800280c   Section       12  fcheck1.o(x$fpl$fcheck1)
    x$fpl$fcmp                               0x08002818   Section       84  fcmp.o(x$fpl$fcmp)
    x$fpl$fcmpinf                            0x0800286c   Section       24  fcmpi.o(x$fpl$fcmpinf)
    _fdiv1                                   0x08002885   Thumb Code     0  fdiv.o(x$fpl$fdiv)
    x$fpl$fdiv                               0x08002884   Section      388  fdiv.o(x$fpl$fdiv)
    x$fpl$feqf                               0x08002a08   Section      104  feqf.o(x$fpl$feqf)
    x$fpl$ffix                               0x08002a70   Section       54  ffix.o(x$fpl$ffix)
    x$fpl$fflt                               0x08002aa8   Section       48  fflt_clz.o(x$fpl$fflt)
    x$fpl$ffltu                              0x08002ad8   Section       38  fflt_clz.o(x$fpl$ffltu)
    x$fpl$fgeqf                              0x08002b00   Section      104  fgeqf.o(x$fpl$fgeqf)
    x$fpl$fleqf                              0x08002b68   Section      104  fleqf.o(x$fpl$fleqf)
    x$fpl$fmul                               0x08002bd0   Section      258  fmul.o(x$fpl$fmul)
    x$fpl$fnaninf                            0x08002cd2   Section      140  fnaninf.o(x$fpl$fnaninf)
    x$fpl$fretinf                            0x08002d5e   Section       10  fretinf.o(x$fpl$fretinf)
    x$fpl$frnd                               0x08002d68   Section       96  frnd.o(x$fpl$frnd)
    x$fpl$frsb                               0x08002dc8   Section       20  faddsub_clz.o(x$fpl$frsb)
    x$fpl$fsub                               0x08002ddc   Section      234  faddsub_clz.o(x$fpl$fsub)
    _fsub1                                   0x08002deb   Thumb Code     0  faddsub_clz.o(x$fpl$fsub)
    x$fpl$retnan                             0x08002ec6   Section      100  retnan.o(x$fpl$retnan)
    x$fpl$scalbnf                            0x08002f2a   Section       76  scalbnf.o(x$fpl$scalbnf)
    x$fpl$trapveneer                         0x08002f76   Section       48  trapv.o(x$fpl$trapveneer)
    x$fpl$usenofp                            0x08002fa6   Section        0  usenofp.o(x$fpl$usenofp)
    twooverpi                                0x08002fa8   Data          32  rredf.o(.constdata)
    .constdata                               0x08002fa8   Section       32  rredf.o(.constdata)
    HAL_RCC_GetSysClockFreq.aPredivFactorTable 0x08002fd8   Data           2  stm32f1xx_hal_rcc.o(.rodata.HAL_RCC_GetSysClockFreq.aPredivFactorTable)
    [Anonymous Symbol]                       0x08002fd8   Section        0  stm32f1xx_hal_rcc.o(.rodata.HAL_RCC_GetSysClockFreq.aPredivFactorTable)
    HAL_RCC_GetSysClockFreq.aPLLMULFactorTable 0x08002fda   Data          16  stm32f1xx_hal_rcc.o(.rodata.cst16)
    [Anonymous Symbol]                       0x08002fda   Section        0  stm32f1xx_hal_rcc.o(.rodata.cst16)
    .L_MergedGlobals                         0x20000000   Data           8  stm32f1xx_hal.o(.data..L_MergedGlobals)
    [Anonymous Symbol]                       0x20000000   Section        0  stm32f1xx_hal.o(.data..L_MergedGlobals)
    .bss                                     0x20000010   Section       96  libspace.o(.bss)
    .L_MergedGlobals                         0x20000070   Data          60  zlac_can.o(.bss..L_MergedGlobals)
    [Anonymous Symbol]                       0x20000070   Section        0  zlac_can.o(.bss..L_MergedGlobals)
    ZLAC_Odom_Update.first_time              0x20000071   Data           1  zlac_can.o(.bss..L_MergedGlobals)
    state_entry_tick                         0x20000074   Data           4  zlac_can.o(.bss..L_MergedGlobals)
    ZLAC_Odom_Update.last_pos_a              0x20000078   Data           4  zlac_can.o(.bss..L_MergedGlobals)
    ZLAC_Odom_Update.last_pos_b              0x2000007c   Data           4  zlac_can.o(.bss..L_MergedGlobals)
    .L_MergedGlobals                         0x200000ac   Data          16  main.o(.bss..L_MergedGlobals)
    [Anonymous Symbol]                       0x200000ac   Section        0  main.o(.bss..L_MergedGlobals)
    Heap_Mem                                 0x200000e8   Data         512  startup_stm32f103xb.o(HEAP)
    HEAP                                     0x200000e8   Section      512  startup_stm32f103xb.o(HEAP)
    Stack_Mem                                0x200002e8   Data        1024  startup_stm32f103xb.o(STACK)
    STACK                                    0x200002e8   Section     1024  startup_stm32f103xb.o(STACK)
    __initial_sp                             0x200006e8   Data           0  startup_stm32f103xb.o(STACK)

    Global Symbols

    Symbol Name                              Value     Ov Type        Size  Object(Section)

    BuildAttributes$$THM_ISAv4$P$D$K$B$S$PE$A:L22UL41UL21$X:L11$S22US41US21$IEEE1$IW$~IW$USESV6$~STKCKD$USESV7$~SHL$OTIME$ROPI$IEEEX$EBA8$UX$STANDARDLIB$REQ8$PRES8$EABIv2 0x00000000   Number         0  anon$$obj.o ABSOLUTE
    __fp_init_empty                          0x00000000   Number         0  fpinit_empty.o ABSOLUTE
    __ARM_exceptions_init                     - Undefined Weak Reference
    __alloca_initialize                       - Undefined Weak Reference
    __arm_preinit_                            - Undefined Weak Reference
    __arm_relocate_pie_                       - Undefined Weak Reference
    __cpp_initialize__aeabi_                  - Undefined Weak Reference
    __cxa_finalize                            - Undefined Weak Reference
    __rt_locale                               - Undefined Weak Reference
    __sigvec_lookup                           - Undefined Weak Reference
    _atexit_init                              - Undefined Weak Reference
    _call_atexit_fns                          - Undefined Weak Reference
    _clock_init                               - Undefined Weak Reference
    _fp_trap_init                             - Undefined Weak Reference
    _fp_trap_shutdown                         - Undefined Weak Reference
    _get_lc_collate                           - Undefined Weak Reference
    _get_lc_ctype                             - Undefined Weak Reference
    _get_lc_monetary                          - Undefined Weak Reference
    _get_lc_numeric                           - Undefined Weak Reference
    _get_lc_time                              - Undefined Weak Reference
    _getenv_init                              - Undefined Weak Reference
    _handle_redirection                       - Undefined Weak Reference
    _init_alloc                               - Undefined Weak Reference
    _init_user_alloc                          - Undefined Weak Reference
    _initio                                   - Undefined Weak Reference
    _rand_init                                - Undefined Weak Reference
    _signal_finish                            - Undefined Weak Reference
    _signal_init                              - Undefined Weak Reference
    _terminate_alloc                          - Undefined Weak Reference
    _terminate_user_alloc                     - Undefined Weak Reference
    _terminateio                              - Undefined Weak Reference
    __Vectors_Size                           0x000000ec   Number         0  startup_stm32f103xb.o ABSOLUTE
    __Vectors                                0x08000000   Data           4  startup_stm32f103xb.o(RESET)
    __Vectors_End                            0x080000ec   Data           0  startup_stm32f103xb.o(RESET)
    __main                                   0x080000ed   Thumb Code     8  __main.o(!!!main)
    __scatterload                            0x080000f5   Thumb Code     0  __scatter.o(!!!scatter)
    __scatterload_rt2                        0x080000f5   Thumb Code    84  __scatter.o(!!!scatter)
    __scatterload_rt2_thumb_only             0x080000f5   Thumb Code     0  __scatter.o(!!!scatter)
    __scatterload_loop                       0x080000ff   Thumb Code     0  __scatter.o(!!!scatter)
    __scatterload_copy                       0x08000151   Thumb Code    26  __scatter_copy.o(!!handler_copy)
    __scatterload_null                       0x0800016d   Thumb Code     2  __scatter.o(!!handler_null)
    __scatterload_zeroinit                   0x08000171   Thumb Code    28  __scatter_zi.o(!!handler_zi)
    __rt_lib_init                            0x0800018d   Thumb Code     0  libinit.o(.ARM.Collect$$libinit$$00000000)
    __rt_lib_init_alloca_1                   0x0800018f   Thumb Code     0  libinit2.o(.ARM.Collect$$libinit$$00000030)
    __rt_lib_init_argv_1                     0x0800018f   Thumb Code     0  libinit2.o(.ARM.Collect$$libinit$$0000002E)
    __rt_lib_init_atexit_1                   0x0800018f   Thumb Code     0  libinit2.o(.ARM.Collect$$libinit$$0000001D)
    __rt_lib_init_clock_1                    0x0800018f   Thumb Code     0  libinit2.o(.ARM.Collect$$libinit$$00000023)
    __rt_lib_init_cpp_1                      0x0800018f   Thumb Code     0  libinit2.o(.ARM.Collect$$libinit$$00000034)
    __rt_lib_init_exceptions_1               0x0800018f   Thumb Code     0  libinit2.o(.ARM.Collect$$libinit$$00000032)
    __rt_lib_init_fp_1                       0x0800018f   Thumb Code     0  libinit2.o(.ARM.Collect$$libinit$$00000002)
    __rt_lib_init_fp_trap_1                  0x0800018f   Thumb Code     0  libinit2.o(.ARM.Collect$$libinit$$00000021)
    __rt_lib_init_getenv_1                   0x0800018f   Thumb Code     0  libinit2.o(.ARM.Collect$$libinit$$00000025)
    __rt_lib_init_heap_1                     0x0800018f   Thumb Code     0  libinit2.o(.ARM.Collect$$libinit$$0000000C)
    __rt_lib_init_lc_collate_1               0x0800018f   Thumb Code     0  libinit2.o(.ARM.Collect$$libinit$$00000013)
    __rt_lib_init_lc_ctype_1                 0x0800018f   Thumb Code     0  libinit2.o(.ARM.Collect$$libinit$$00000015)
    __rt_lib_init_lc_monetary_1              0x0800018f   Thumb Code     0  libinit2.o(.ARM.Collect$$libinit$$00000017)
    __rt_lib_init_lc_numeric_1               0x0800018f   Thumb Code     0  libinit2.o(.ARM.Collect$$libinit$$00000019)
    __rt_lib_init_lc_time_1                  0x0800018f   Thumb Code     0  libinit2.o(.ARM.Collect$$libinit$$0000001B)
    __rt_lib_init_preinit_1                  0x0800018f   Thumb Code     0  libinit2.o(.ARM.Collect$$libinit$$00000006)
    __rt_lib_init_rand_1                     0x0800018f   Thumb Code     0  libinit2.o(.ARM.Collect$$libinit$$00000010)
    __rt_lib_init_relocate_pie_1             0x0800018f   Thumb Code     0  libinit2.o(.ARM.Collect$$libinit$$00000004)
    __rt_lib_init_return                     0x0800018f   Thumb Code     0  libinit2.o(.ARM.Collect$$libinit$$00000035)
    __rt_lib_init_signal_1                   0x0800018f   Thumb Code     0  libinit2.o(.ARM.Collect$$libinit$$0000001F)
    __rt_lib_init_stdio_1                    0x0800018f   Thumb Code     0  libinit2.o(.ARM.Collect$$libinit$$00000027)
    __rt_lib_init_user_alloc_1               0x0800018f   Thumb Code     0  libinit2.o(.ARM.Collect$$libinit$$0000000E)
    __rt_lib_shutdown                        0x08000191   Thumb Code     0  libshutdown.o(.ARM.Collect$$libshutdown$$00000000)
    __rt_lib_shutdown_cpp_1                  0x08000193   Thumb Code     0  libshutdown2.o(.ARM.Collect$$libshutdown$$00000002)
    __rt_lib_shutdown_fp_trap_1              0x08000193   Thumb Code     0  libshutdown2.o(.ARM.Collect$$libshutdown$$00000007)
    __rt_lib_shutdown_heap_1                 0x08000193   Thumb Code     0  libshutdown2.o(.ARM.Collect$$libshutdown$$0000000F)
    __rt_lib_shutdown_return                 0x08000193   Thumb Code     0  libshutdown2.o(.ARM.Collect$$libshutdown$$00000010)
    __rt_lib_shutdown_signal_1               0x08000193   Thumb Code     0  libshutdown2.o(.ARM.Collect$$libshutdown$$0000000A)
    __rt_lib_shutdown_stdio_1                0x08000193   Thumb Code     0  libshutdown2.o(.ARM.Collect$$libshutdown$$00000004)
    __rt_lib_shutdown_user_alloc_1           0x08000193   Thumb Code     0  libshutdown2.o(.ARM.Collect$$libshutdown$$0000000C)
    __rt_entry                               0x08000195   Thumb Code     0  __rtentry.o(.ARM.Collect$$rtentry$$00000000)
    __rt_entry_presh_1                       0x08000195   Thumb Code     0  __rtentry2.o(.ARM.Collect$$rtentry$$00000002)
    __rt_entry_sh                            0x08000195   Thumb Code     0  __rtentry4.o(.ARM.Collect$$rtentry$$00000004)
    __rt_entry_li                            0x0800019b   Thumb Code     0  __rtentry2.o(.ARM.Collect$$rtentry$$0000000A)
    __rt_entry_postsh_1                      0x0800019b   Thumb Code     0  __rtentry2.o(.ARM.Collect$$rtentry$$00000009)
    __rt_entry_main                          0x0800019f   Thumb Code     0  __rtentry2.o(.ARM.Collect$$rtentry$$0000000D)
    __rt_entry_postli_1                      0x0800019f   Thumb Code     0  __rtentry2.o(.ARM.Collect$$rtentry$$0000000C)
    __rt_exit                                0x080001a7   Thumb Code     0  rtexit.o(.ARM.Collect$$rtexit$$00000000)
    __rt_exit_ls                             0x080001a9   Thumb Code     0  rtexit2.o(.ARM.Collect$$rtexit$$00000003)
    __rt_exit_prels_1                        0x080001a9   Thumb Code     0  rtexit2.o(.ARM.Collect$$rtexit$$00000002)
    __rt_exit_exit                           0x080001ad   Thumb Code     0  rtexit2.o(.ARM.Collect$$rtexit$$00000004)
    Reset_Handler                            0x080001b5   Thumb Code     8  startup_stm32f103xb.o(.text)
    ADC1_2_IRQHandler                        0x080001cf   Thumb Code     0  startup_stm32f103xb.o(.text)
    CAN1_RX1_IRQHandler                      0x080001cf   Thumb Code     0  startup_stm32f103xb.o(.text)
    CAN1_SCE_IRQHandler                      0x080001cf   Thumb Code     0  startup_stm32f103xb.o(.text)
    DMA1_Channel1_IRQHandler                 0x080001cf   Thumb Code     0  startup_stm32f103xb.o(.text)
    DMA1_Channel2_IRQHandler                 0x080001cf   Thumb Code     0  startup_stm32f103xb.o(.text)
    DMA1_Channel3_IRQHandler                 0x080001cf   Thumb Code     0  startup_stm32f103xb.o(.text)
    DMA1_Channel4_IRQHandler                 0x080001cf   Thumb Code     0  startup_stm32f103xb.o(.text)
    DMA1_Channel5_IRQHandler                 0x080001cf   Thumb Code     0  startup_stm32f103xb.o(.text)
    DMA1_Channel6_IRQHandler                 0x080001cf   Thumb Code     0  startup_stm32f103xb.o(.text)
    DMA1_Channel7_IRQHandler                 0x080001cf   Thumb Code     0  startup_stm32f103xb.o(.text)
    EXTI0_IRQHandler                         0x080001cf   Thumb Code     0  startup_stm32f103xb.o(.text)
    EXTI15_10_IRQHandler                     0x080001cf   Thumb Code     0  startup_stm32f103xb.o(.text)
    EXTI1_IRQHandler                         0x080001cf   Thumb Code     0  startup_stm32f103xb.o(.text)
    EXTI2_IRQHandler                         0x080001cf   Thumb Code     0  startup_stm32f103xb.o(.text)
    EXTI3_IRQHandler                         0x080001cf   Thumb Code     0  startup_stm32f103xb.o(.text)
    EXTI4_IRQHandler                         0x080001cf   Thumb Code     0  startup_stm32f103xb.o(.text)
    EXTI9_5_IRQHandler                       0x080001cf   Thumb Code     0  startup_stm32f103xb.o(.text)
    FLASH_IRQHandler                         0x080001cf   Thumb Code     0  startup_stm32f103xb.o(.text)
    I2C1_ER_IRQHandler                       0x080001cf   Thumb Code     0  startup_stm32f103xb.o(.text)
    I2C1_EV_IRQHandler                       0x080001cf   Thumb Code     0  startup_stm32f103xb.o(.text)
    I2C2_ER_IRQHandler                       0x080001cf   Thumb Code     0  startup_stm32f103xb.o(.text)
    I2C2_EV_IRQHandler                       0x080001cf   Thumb Code     0  startup_stm32f103xb.o(.text)
    PVD_IRQHandler                           0x080001cf   Thumb Code     0  startup_stm32f103xb.o(.text)
    RCC_IRQHandler                           0x080001cf   Thumb Code     0  startup_stm32f103xb.o(.text)
    RTC_Alarm_IRQHandler                     0x080001cf   Thumb Code     0  startup_stm32f103xb.o(.text)
    RTC_IRQHandler                           0x080001cf   Thumb Code     0  startup_stm32f103xb.o(.text)
    SPI1_IRQHandler                          0x080001cf   Thumb Code     0  startup_stm32f103xb.o(.text)
    SPI2_IRQHandler                          0x080001cf   Thumb Code     0  startup_stm32f103xb.o(.text)
    TAMPER_IRQHandler                        0x080001cf   Thumb Code     0  startup_stm32f103xb.o(.text)
    TIM1_BRK_IRQHandler                      0x080001cf   Thumb Code     0  startup_stm32f103xb.o(.text)
    TIM1_CC_IRQHandler                       0x080001cf   Thumb Code     0  startup_stm32f103xb.o(.text)
    TIM1_TRG_COM_IRQHandler                  0x080001cf   Thumb Code     0  startup_stm32f103xb.o(.text)
    TIM1_UP_IRQHandler                       0x080001cf   Thumb Code     0  startup_stm32f103xb.o(.text)
    TIM2_IRQHandler                          0x080001cf   Thumb Code     0  startup_stm32f103xb.o(.text)
    TIM3_IRQHandler                          0x080001cf   Thumb Code     0  startup_stm32f103xb.o(.text)
    TIM4_IRQHandler                          0x080001cf   Thumb Code     0  startup_stm32f103xb.o(.text)
    USART1_IRQHandler                        0x080001cf   Thumb Code     0  startup_stm32f103xb.o(.text)
    USART2_IRQHandler                        0x080001cf   Thumb Code     0  startup_stm32f103xb.o(.text)
    USART3_IRQHandler                        0x080001cf   Thumb Code     0  startup_stm32f103xb.o(.text)
    USBWakeUp_IRQHandler                     0x080001cf   Thumb Code     0  startup_stm32f103xb.o(.text)
    USB_HP_CAN1_TX_IRQHandler                0x080001cf   Thumb Code     0  startup_stm32f103xb.o(.text)
    WWDG_IRQHandler                          0x080001cf   Thumb Code     0  startup_stm32f103xb.o(.text)
    __user_initial_stackheap                 0x080001d1   Thumb Code     0  startup_stm32f103xb.o(.text)
    __use_two_region_memory                  0x080001f5   Thumb Code     2  heapauxi.o(.text)
    __rt_heap_escrow$2region                 0x080001f7   Thumb Code     2  heapauxi.o(.text)
    __rt_heap_expand$2region                 0x080001f9   Thumb Code     2  heapauxi.o(.text)
    __read_errno                             0x080001fb   Thumb Code    10  _rserrno.o(.text)
    __set_errno                              0x08000205   Thumb Code    12  _rserrno.o(.text)
    __aeabi_errno_addr                       0x08000211   Thumb Code     8  rt_errno_addr_intlibspace.o(.text)
    __errno$intlibspace                      0x08000211   Thumb Code     0  rt_errno_addr_intlibspace.o(.text)
    __rt_errno_addr$intlibspace              0x08000211   Thumb Code     0  rt_errno_addr_intlibspace.o(.text)
    __user_libspace                          0x08000219   Thumb Code     8  libspace.o(.text)
    __user_perproc_libspace                  0x08000219   Thumb Code     0  libspace.o(.text)
    __user_perthread_libspace                0x08000219   Thumb Code     0  libspace.o(.text)
    __user_setup_stackheap                   0x08000221   Thumb Code    74  sys_stackheap_outer.o(.text)
    exit                                     0x0800026b   Thumb Code    18  exit.o(.text)
    _sys_exit                                0x0800027d   Thumb Code     8  sys_exit.o(.text)
    __I$use$semihosting                      0x08000289   Thumb Code     0  use_no_semi.o(.text)
    __use_no_semihosting_swi                 0x08000289   Thumb Code     2  use_no_semi.o(.text)
    __semihosting_library_function           0x0800028b   Thumb Code     0  indicate_semi.o(.text)
    BusFault_Handler                         0x0800028d   Thumb Code     2  stm32f1xx_it.o(.text.BusFault_Handler)
    DebugMon_Handler                         0x08000291   Thumb Code     2  stm32f1xx_it.o(.text.DebugMon_Handler)
    Error_Handler                            0x08000295   Thumb Code    10  main.o(.text.Error_Handler)
    HAL_CAN_ActivateNotification             0x080002a1   Thumb Code    46  stm32f1xx_hal_can.o(.text.HAL_CAN_ActivateNotification)
    HAL_CAN_AddTxMessage                     0x080002d1   Thumb Code   164  stm32f1xx_hal_can.o(.text.HAL_CAN_AddTxMessage)
    HAL_CAN_ConfigFilter                     0x08000375   Thumb Code   234  stm32f1xx_hal_can.o(.text.HAL_CAN_ConfigFilter)
    HAL_CAN_ErrorCallback                    0x08000461   Thumb Code     2  stm32f1xx_hal_can.o(.text.HAL_CAN_ErrorCallback)
    HAL_CAN_GetRxMessage                     0x08000465   Thumb Code   302  stm32f1xx_hal_can.o(.text.HAL_CAN_GetRxMessage)
    HAL_CAN_GetTxMailboxesFreeLevel          0x08000595   Thumb Code    40  stm32f1xx_hal_can.o(.text.HAL_CAN_GetTxMailboxesFreeLevel)
    HAL_CAN_IRQHandler                       0x080005bd   Thumb Code   606  stm32f1xx_hal_can.o(.text.HAL_CAN_IRQHandler)
    HAL_CAN_Init                             0x0800081d   Thumb Code   244  stm32f1xx_hal_can.o(.text.HAL_CAN_Init)
    HAL_CAN_MspInit                          0x08000911   Thumb Code   142  can.o(.text.HAL_CAN_MspInit)
    HAL_CAN_RxFifo0FullCallback              0x080009a1   Thumb Code     2  stm32f1xx_hal_can.o(.text.HAL_CAN_RxFifo0FullCallback)
    HAL_CAN_RxFifo0MsgPendingCallback        0x080009a5   Thumb Code   214  zlac_can.o(.text.HAL_CAN_RxFifo0MsgPendingCallback)
    HAL_CAN_RxFifo1FullCallback              0x08000a7d   Thumb Code     2  stm32f1xx_hal_can.o(.text.HAL_CAN_RxFifo1FullCallback)
    HAL_CAN_RxFifo1MsgPendingCallback        0x08000a81   Thumb Code     2  stm32f1xx_hal_can.o(.text.HAL_CAN_RxFifo1MsgPendingCallback)
    HAL_CAN_SleepCallback                    0x08000a85   Thumb Code     2  stm32f1xx_hal_can.o(.text.HAL_CAN_SleepCallback)
    HAL_CAN_Start                            0x08000a89   Thumb Code    90  stm32f1xx_hal_can.o(.text.HAL_CAN_Start)
    HAL_CAN_TxMailbox0AbortCallback          0x08000ae5   Thumb Code     2  stm32f1xx_hal_can.o(.text.HAL_CAN_TxMailbox0AbortCallback)
    HAL_CAN_TxMailbox0CompleteCallback       0x08000ae9   Thumb Code     2  stm32f1xx_hal_can.o(.text.HAL_CAN_TxMailbox0CompleteCallback)
    HAL_CAN_TxMailbox1AbortCallback          0x08000aed   Thumb Code     2  stm32f1xx_hal_can.o(.text.HAL_CAN_TxMailbox1AbortCallback)
    HAL_CAN_TxMailbox1CompleteCallback       0x08000af1   Thumb Code     2  stm32f1xx_hal_can.o(.text.HAL_CAN_TxMailbox1CompleteCallback)
    HAL_CAN_TxMailbox2AbortCallback          0x08000af5   Thumb Code     2  stm32f1xx_hal_can.o(.text.HAL_CAN_TxMailbox2AbortCallback)
    HAL_CAN_TxMailbox2CompleteCallback       0x08000af9   Thumb Code     2  stm32f1xx_hal_can.o(.text.HAL_CAN_TxMailbox2CompleteCallback)
    HAL_CAN_WakeUpFromRxMsgCallback          0x08000afd   Thumb Code     2  stm32f1xx_hal_can.o(.text.HAL_CAN_WakeUpFromRxMsgCallback)
    HAL_Delay                                0x08000b01   Thumb Code    40  stm32f1xx_hal.o(.text.HAL_Delay)
    HAL_GPIO_Init                            0x08000b29   Thumb Code   526  stm32f1xx_hal_gpio.o(.text.HAL_GPIO_Init)
    HAL_GetTick                              0x08000d39   Thumb Code    12  stm32f1xx_hal.o(.text.HAL_GetTick)
    HAL_IncTick                              0x08000d45   Thumb Code    26  stm32f1xx_hal.o(.text.HAL_IncTick)
    HAL_Init                                 0x08000d61   Thumb Code    38  stm32f1xx_hal.o(.text.HAL_Init)
    HAL_InitTick                             0x08000d89   Thumb Code    72  stm32f1xx_hal.o(.text.HAL_InitTick)
    HAL_MspInit                              0x08000dd1   Thumb Code    66  stm32f1xx_hal_msp.o(.text.HAL_MspInit)
    HAL_NVIC_EnableIRQ                       0x08000e15   Thumb Code    34  stm32f1xx_hal_cortex.o(.text.HAL_NVIC_EnableIRQ)
    HAL_NVIC_SetPriority                     0x08000e39   Thumb Code    86  stm32f1xx_hal_cortex.o(.text.HAL_NVIC_SetPriority)
    HAL_NVIC_SetPriorityGrouping             0x08000e91   Thumb Code    32  stm32f1xx_hal_cortex.o(.text.HAL_NVIC_SetPriorityGrouping)
    HAL_RCC_ClockConfig                      0x08000eb1   Thumb Code   442  stm32f1xx_hal_rcc.o(.text.HAL_RCC_ClockConfig)
    HAL_RCC_OscConfig                        0x0800106d   Thumb Code  1024  stm32f1xx_hal_rcc.o(.text.HAL_RCC_OscConfig)
    HAL_SYSTICK_Config                       0x0800146d   Thumb Code    44  stm32f1xx_hal_cortex.o(.text.HAL_SYSTICK_Config)
    HardFault_Handler                        0x08001499   Thumb Code     2  stm32f1xx_it.o(.text.HardFault_Handler)
    MX_CAN_Init                              0x0800149d   Thumb Code    64  can.o(.text.MX_CAN_Init)
    MX_GPIO_Init                             0x080014dd   Thumb Code    66  gpio.o(.text.MX_GPIO_Init)
    MemManage_Handler                        0x08001521   Thumb Code     2  stm32f1xx_it.o(.text.MemManage_Handler)
    NMI_Handler                              0x08001525   Thumb Code     2  stm32f1xx_it.o(.text.NMI_Handler)
    PendSV_Handler                           0x08001529   Thumb Code     2  stm32f1xx_it.o(.text.PendSV_Handler)
    SDO_Read_Request                         0x0800152d   Thumb Code   106  zlac_can.o(.text.SDO_Read_Request)
    SDO_Write                                0x08001599   Thumb Code   140  zlac_can.o(.text.SDO_Write)
    SVC_Handler                              0x0800162d   Thumb Code     2  stm32f1xx_it.o(.text.SVC_Handler)
    SysTick_Handler                          0x08001631   Thumb Code     4  stm32f1xx_it.o(.text.SysTick_Handler)
    SystemInit                               0x08001635   Thumb Code     2  system_stm32f1xx.o(.text.SystemInit)
    USB_LP_CAN1_RX0_IRQHandler               0x08001639   Thumb Code    12  stm32f1xx_it.o(.text.USB_LP_CAN1_RX0_IRQHandler)
    UsageFault_Handler                       0x08001645   Thumb Code     2  stm32f1xx_it.o(.text.UsageFault_Handler)
    ZLAC_CAN_Init                            0x08001649   Thumb Code    98  zlac_can.o(.text.ZLAC_CAN_Init)
    ZLAC_IsReady                             0x080016ad   Thumb Code    20  zlac_can.o(.text.ZLAC_IsReady)
    ZLAC_Odom_Reset                          0x080016c1   Thumb Code    22  zlac_can.o(.text.ZLAC_Odom_Reset)
    ZLAC_Odom_Update                         0x080016d9   Thumb Code   514  zlac_can.o(.text.ZLAC_Odom_Update)
    ZLAC_SetSpeed_raw                        0x080018dd   Thumb Code   238  zlac_can.o(.text.ZLAC_SetSpeed_raw)
    ZLAC_StateMachine                        0x080019cd   Thumb Code  1626  zlac_can.o(.text.ZLAC_StateMachine)
    ZLAC_Stop                                0x08002029   Thumb Code     8  zlac_can.o(.text.ZLAC_Stop)
    main                                     0x08002031   Thumb Code   622  main.o(.text.main)
    __ARM_fpclassifyf                        0x0800229f   Thumb Code    38  fpclassifyf.o(i.__ARM_fpclassifyf)
    __mathlib_flt_infnan                     0x080022c5   Thumb Code     6  funder.o(i.__mathlib_flt_infnan)
    __mathlib_flt_invalid                    0x080022cb   Thumb Code     8  funder.o(i.__mathlib_flt_invalid)
    __mathlib_flt_underflow                  0x080022d3   Thumb Code    10  funder.o(i.__mathlib_flt_underflow)
    __mathlib_rredf2                         0x080022dd   Thumb Code   344  rredf.o(i.__mathlib_rredf2)
    cosf                                     0x08002445   Thumb Code   328  cosf.o(i.cosf)
    sinf                                     0x080025c1   Thumb Code   338  sinf.o(i.sinf)
    __aeabi_fadd                             0x08002749   Thumb Code     0  faddsub_clz.o(x$fpl$fadd)
    _fadd                                    0x08002749   Thumb Code   196  faddsub_clz.o(x$fpl$fadd)
    __fpl_fcheck_NaN1                        0x0800280d   Thumb Code     6  fcheck1.o(x$fpl$fcheck1)
    __aeabi_fcmpeq                           0x08002819   Thumb Code     0  fcmp.o(x$fpl$fcmp)
    _feq                                     0x08002819   Thumb Code    14  fcmp.o(x$fpl$fcmp)
    _fneq                                    0x08002827   Thumb Code    14  fcmp.o(x$fpl$fcmp)
    __aeabi_fcmpgt                           0x08002835   Thumb Code     0  fcmp.o(x$fpl$fcmp)
    _fgr                                     0x08002835   Thumb Code    14  fcmp.o(x$fpl$fcmp)
    __aeabi_fcmpge                           0x08002843   Thumb Code     0  fcmp.o(x$fpl$fcmp)
    _fgeq                                    0x08002843   Thumb Code    14  fcmp.o(x$fpl$fcmp)
    __aeabi_fcmple                           0x08002851   Thumb Code     0  fcmp.o(x$fpl$fcmp)
    _fleq                                    0x08002851   Thumb Code    14  fcmp.o(x$fpl$fcmp)
    __aeabi_fcmplt                           0x0800285f   Thumb Code     0  fcmp.o(x$fpl$fcmp)
    _fls                                     0x0800285f   Thumb Code    14  fcmp.o(x$fpl$fcmp)
    __fpl_fcmp_Inf                           0x0800286d   Thumb Code    24  fcmpi.o(x$fpl$fcmpinf)
    __aeabi_fdiv                             0x08002885   Thumb Code     0  fdiv.o(x$fpl$fdiv)
    _fdiv                                    0x08002885   Thumb Code   384  fdiv.o(x$fpl$fdiv)
    __aeabi_cfcmpeq                          0x08002a09   Thumb Code     0  feqf.o(x$fpl$feqf)
    _fcmpeq                                  0x08002a09   Thumb Code   104  feqf.o(x$fpl$feqf)
    __aeabi_f2iz                             0x08002a71   Thumb Code     0  ffix.o(x$fpl$ffix)
    _ffix                                    0x08002a71   Thumb Code    54  ffix.o(x$fpl$ffix)
    __aeabi_i2f                              0x08002aa9   Thumb Code     0  fflt_clz.o(x$fpl$fflt)
    _fflt                                    0x08002aa9   Thumb Code    48  fflt_clz.o(x$fpl$fflt)
    __aeabi_ui2f                             0x08002ad9   Thumb Code     0  fflt_clz.o(x$fpl$ffltu)
    _ffltu                                   0x08002ad9   Thumb Code    38  fflt_clz.o(x$fpl$ffltu)
    _fcmpge                                  0x08002b01   Thumb Code   104  fgeqf.o(x$fpl$fgeqf)
    __aeabi_cfcmple                          0x08002b69   Thumb Code     0  fleqf.o(x$fpl$fleqf)
    _fcmple                                  0x08002b69   Thumb Code   104  fleqf.o(x$fpl$fleqf)
    __fpl_fcmple_InfNaN                      0x08002bbb   Thumb Code     0  fleqf.o(x$fpl$fleqf)
    __aeabi_fmul                             0x08002bd1   Thumb Code     0  fmul.o(x$fpl$fmul)
    _fmul                                    0x08002bd1   Thumb Code   258  fmul.o(x$fpl$fmul)
    __fpl_fnaninf                            0x08002cd3   Thumb Code   140  fnaninf.o(x$fpl$fnaninf)
    __fpl_fretinf                            0x08002d5f   Thumb Code    10  fretinf.o(x$fpl$fretinf)
    _frnd                                    0x08002d69   Thumb Code    96  frnd.o(x$fpl$frnd)
    __aeabi_frsub                            0x08002dc9   Thumb Code     0  faddsub_clz.o(x$fpl$frsb)
    _frsb                                    0x08002dc9   Thumb Code    20  faddsub_clz.o(x$fpl$frsb)
    __aeabi_fsub                             0x08002ddd   Thumb Code     0  faddsub_clz.o(x$fpl$fsub)
    _fsub                                    0x08002ddd   Thumb Code   234  faddsub_clz.o(x$fpl$fsub)
    __fpl_return_NaN                         0x08002ec7   Thumb Code   100  retnan.o(x$fpl$retnan)
    __ARM_scalbnf                            0x08002f2b   Thumb Code    76  scalbnf.o(x$fpl$scalbnf)
    __fpl_cmpreturn                          0x08002f77   Thumb Code    48  trapv.o(x$fpl$trapveneer)
    __I$use$fp                               0x08002fa6   Number         0  usenofp.o(x$fpl$usenofp)
    AHBPrescTable                            0x08002fc8   Data          16  system_stm32f1xx.o(.rodata.AHBPrescTable)
    Region$$Table$$Base                      0x08002fec   Number         0  anon$$obj.o(Region$$Table)
    Region$$Table$$Limit                     0x0800300c   Number         0  anon$$obj.o(Region$$Table)
    uwTickFreq                               0x20000000   Data           1  stm32f1xx_hal.o(.data..L_MergedGlobals)
    uwTickPrio                               0x20000004   Data           4  stm32f1xx_hal.o(.data..L_MergedGlobals)
    SystemCoreClock                          0x20000008   Data           4  system_stm32f1xx.o(.data.SystemCoreClock)
    is_motor_enabled                         0x2000000c   Data           1  main.o(.data.is_motor_enabled)
    __libspace_start                         0x20000010   Data          96  libspace.o(.bss)
    __temporary_stack_top$libspace           0x20000070   Data           0  libspace.o(.bss)
    zlac_state                               0x20000070   Data           1  zlac_can.o(.bss..L_MergedGlobals)
    zlac_odom                                0x20000080   Data          20  zlac_can.o(.bss..L_MergedGlobals)
    zlac_fb                                  0x20000094   Data          24  zlac_can.o(.bss..L_MergedGlobals)
    mode_return                              0x200000ac   Data           1  main.o(.bss..L_MergedGlobals)
    has_anchor                               0x200000ad   Data           1  main.o(.bss..L_MergedGlobals)
    stop_time                                0x200000b0   Data           4  main.o(.bss..L_MergedGlobals)
    anchor_pos_a                             0x200000b4   Data           4  main.o(.bss..L_MergedGlobals)
    anchor_pos_b                             0x200000b8   Data           4  main.o(.bss..L_MergedGlobals)
    hcan                                     0x200000bc   Data          40  can.o(.bss.hcan)
    uwTick                                   0x200000e4   Data           4  stm32f1xx_hal.o(.bss.uwTick)



==============================================================================

Memory Map of the image

  Image Entry point : 0x080000ed

  Load Region LR_IROM1 (Base: 0x08000000, Size: 0x00003020, Max: 0x00010000, ABSOLUTE)

    Execution Region ER_IROM1 (Exec base: 0x08000000, Load base: 0x08000000, Size: 0x0000300c, Max: 0x00010000, ABSOLUTE)

    Exec Addr    Load Addr    Size         Type   Attr      Idx    E Section Name        Object

    0x08000000   0x08000000   0x000000ec   Data   RO            3    RESET               startup_stm32f103xb.o
    0x080000ec   0x080000ec   0x00000008   Code   RO          574  * !!!main             c_w.l(__main.o)
    0x080000f4   0x080000f4   0x0000005c   Code   RO          820    !!!scatter          c_w.l(__scatter.o)
    0x08000150   0x08000150   0x0000001a   Code   RO          824    !!handler_copy      c_w.l(__scatter_copy.o)
    0x0800016a   0x0800016a   0x00000002   PAD
    0x0800016c   0x0800016c   0x00000002   Code   RO          821    !!handler_null      c_w.l(__scatter.o)
    0x0800016e   0x0800016e   0x00000002   PAD
    0x08000170   0x08000170   0x0000001c   Code   RO          826    !!handler_zi        c_w.l(__scatter_zi.o)
    0x0800018c   0x0800018c   0x00000002   Code   RO          679    .ARM.Collect$$libinit$$00000000  c_w.l(libinit.o)
    0x0800018e   0x0800018e   0x00000000   Code   RO          685    .ARM.Collect$$libinit$$00000002  c_w.l(libinit2.o)
    0x0800018e   0x0800018e   0x00000000   Code   RO          687    .ARM.Collect$$libinit$$00000004  c_w.l(libinit2.o)
    0x0800018e   0x0800018e   0x00000000   Code   RO          689    .ARM.Collect$$libinit$$00000006  c_w.l(libinit2.o)
    0x0800018e   0x0800018e   0x00000000   Code   RO          692    .ARM.Collect$$libinit$$0000000C  c_w.l(libinit2.o)
    0x0800018e   0x0800018e   0x00000000   Code   RO          694    .ARM.Collect$$libinit$$0000000E  c_w.l(libinit2.o)
    0x0800018e   0x0800018e   0x00000000   Code   RO          696    .ARM.Collect$$libinit$$00000010  c_w.l(libinit2.o)
    0x0800018e   0x0800018e   0x00000000   Code   RO          699    .ARM.Collect$$libinit$$00000013  c_w.l(libinit2.o)
    0x0800018e   0x0800018e   0x00000000   Code   RO          701    .ARM.Collect$$libinit$$00000015  c_w.l(libinit2.o)
    0x0800018e   0x0800018e   0x00000000   Code   RO          703    .ARM.Collect$$libinit$$00000017  c_w.l(libinit2.o)
    0x0800018e   0x0800018e   0x00000000   Code   RO          705    .ARM.Collect$$libinit$$00000019  c_w.l(libinit2.o)
    0x0800018e   0x0800018e   0x00000000   Code   RO          707    .ARM.Collect$$libinit$$0000001B  c_w.l(libinit2.o)
    0x0800018e   0x0800018e   0x00000000   Code   RO          709    .ARM.Collect$$libinit$$0000001D  c_w.l(libinit2.o)
    0x0800018e   0x0800018e   0x00000000   Code   RO          711    .ARM.Collect$$libinit$$0000001F  c_w.l(libinit2.o)
    0x0800018e   0x0800018e   0x00000000   Code   RO          713    .ARM.Collect$$libinit$$00000021  c_w.l(libinit2.o)
    0x0800018e   0x0800018e   0x00000000   Code   RO          715    .ARM.Collect$$libinit$$00000023  c_w.l(libinit2.o)
    0x0800018e   0x0800018e   0x00000000   Code   RO          717    .ARM.Collect$$libinit$$00000025  c_w.l(libinit2.o)
    0x0800018e   0x0800018e   0x00000000   Code   RO          719    .ARM.Collect$$libinit$$00000027  c_w.l(libinit2.o)
    0x0800018e   0x0800018e   0x00000000   Code   RO          723    .ARM.Collect$$libinit$$0000002E  c_w.l(libinit2.o)
    0x0800018e   0x0800018e   0x00000000   Code   RO          725    .ARM.Collect$$libinit$$00000030  c_w.l(libinit2.o)
    0x0800018e   0x0800018e   0x00000000   Code   RO          727    .ARM.Collect$$libinit$$00000032  c_w.l(libinit2.o)
    0x0800018e   0x0800018e   0x00000000   Code   RO          729    .ARM.Collect$$libinit$$00000034  c_w.l(libinit2.o)
    0x0800018e   0x0800018e   0x00000002   Code   RO          730    .ARM.Collect$$libinit$$00000035  c_w.l(libinit2.o)
    0x08000190   0x08000190   0x00000002   Code   RO          756    .ARM.Collect$$libshutdown$$00000000  c_w.l(libshutdown.o)
    0x08000192   0x08000192   0x00000000   Code   RO          771    .ARM.Collect$$libshutdown$$00000002  c_w.l(libshutdown2.o)
    0x08000192   0x08000192   0x00000000   Code   RO          773    .ARM.Collect$$libshutdown$$00000004  c_w.l(libshutdown2.o)
    0x08000192   0x08000192   0x00000000   Code   RO          776    .ARM.Collect$$libshutdown$$00000007  c_w.l(libshutdown2.o)
    0x08000192   0x08000192   0x00000000   Code   RO          779    .ARM.Collect$$libshutdown$$0000000A  c_w.l(libshutdown2.o)
    0x08000192   0x08000192   0x00000000   Code   RO          781    .ARM.Collect$$libshutdown$$0000000C  c_w.l(libshutdown2.o)
    0x08000192   0x08000192   0x00000000   Code   RO          784    .ARM.Collect$$libshutdown$$0000000F  c_w.l(libshutdown2.o)
    0x08000192   0x08000192   0x00000002   Code   RO          785    .ARM.Collect$$libshutdown$$00000010  c_w.l(libshutdown2.o)
    0x08000194   0x08000194   0x00000000   Code   RO          608    .ARM.Collect$$rtentry$$00000000  c_w.l(__rtentry.o)
    0x08000194   0x08000194   0x00000000   Code   RO          644    .ARM.Collect$$rtentry$$00000002  c_w.l(__rtentry2.o)
    0x08000194   0x08000194   0x00000006   Code   RO          656    .ARM.Collect$$rtentry$$00000004  c_w.l(__rtentry4.o)
    0x0800019a   0x0800019a   0x00000000   Code   RO          646    .ARM.Collect$$rtentry$$00000009  c_w.l(__rtentry2.o)
    0x0800019a   0x0800019a   0x00000004   Code   RO          647    .ARM.Collect$$rtentry$$0000000A  c_w.l(__rtentry2.o)
    0x0800019e   0x0800019e   0x00000000   Code   RO          649    .ARM.Collect$$rtentry$$0000000C  c_w.l(__rtentry2.o)
    0x0800019e   0x0800019e   0x00000008   Code   RO          650    .ARM.Collect$$rtentry$$0000000D  c_w.l(__rtentry2.o)
    0x080001a6   0x080001a6   0x00000002   Code   RO          682    .ARM.Collect$$rtexit$$00000000  c_w.l(rtexit.o)
    0x080001a8   0x080001a8   0x00000000   Code   RO          734    .ARM.Collect$$rtexit$$00000002  c_w.l(rtexit2.o)
    0x080001a8   0x080001a8   0x00000004   Code   RO          735    .ARM.Collect$$rtexit$$00000003  c_w.l(rtexit2.o)
    0x080001ac   0x080001ac   0x00000006   Code   RO          736    .ARM.Collect$$rtexit$$00000004  c_w.l(rtexit2.o)
    0x080001b2   0x080001b2   0x00000002   PAD
    0x080001b4   0x080001b4   0x00000040   Code   RO            4    .text               startup_stm32f103xb.o
    0x080001f4   0x080001f4   0x00000006   Code   RO          572    .text               c_w.l(heapauxi.o)
    0x080001fa   0x080001fa   0x00000016   Code   RO          609    .text               c_w.l(_rserrno.o)
    0x08000210   0x08000210   0x00000008   Code   RO          661    .text               c_w.l(rt_errno_addr_intlibspace.o)
    0x08000218   0x08000218   0x00000008   Code   RO          667    .text               c_w.l(libspace.o)
    0x08000220   0x08000220   0x0000004a   Code   RO          670    .text               c_w.l(sys_stackheap_outer.o)
    0x0800026a   0x0800026a   0x00000012   Code   RO          672    .text               c_w.l(exit.o)
    0x0800027c   0x0800027c   0x0000000c   Code   RO          746    .text               c_w.l(sys_exit.o)
    0x08000288   0x08000288   0x00000002   Code   RO          761    .text               c_w.l(use_no_semi.o)
    0x0800028a   0x0800028a   0x00000000   Code   RO          763    .text               c_w.l(indicate_semi.o)
    0x0800028a   0x0800028a   0x00000002   PAD
    0x0800028c   0x0800028c   0x00000002   Code   RO           97    .text.BusFault_Handler  stm32f1xx_it.o
    0x0800028e   0x0800028e   0x00000002   PAD
    0x08000290   0x08000290   0x00000002   Code   RO          103    .text.DebugMon_Handler  stm32f1xx_it.o
    0x08000292   0x08000292   0x00000002   PAD
    0x08000294   0x08000294   0x0000000a   Code   RO           52    .text.Error_Handler  main.o
    0x0800029e   0x0800029e   0x00000002   PAD
    0x080002a0   0x080002a0   0x0000002e   Code   RO          175    .text.HAL_CAN_ActivateNotification  stm32f1xx_hal_can.o
    0x080002ce   0x080002ce   0x00000002   PAD
    0x080002d0   0x080002d0   0x000000a4   Code   RO          161    .text.HAL_CAN_AddTxMessage  stm32f1xx_hal_can.o
    0x08000374   0x08000374   0x000000ea   Code   RO          151    .text.HAL_CAN_ConfigFilter  stm32f1xx_hal_can.o
    0x0800045e   0x0800045e   0x00000002   PAD
    0x08000460   0x08000460   0x00000002   Code   RO          205    .text.HAL_CAN_ErrorCallback  stm32f1xx_hal_can.o
    0x08000462   0x08000462   0x00000002   PAD
    0x08000464   0x08000464   0x0000012e   Code   RO          171    .text.HAL_CAN_GetRxMessage  stm32f1xx_hal_can.o
    0x08000592   0x08000592   0x00000002   PAD
    0x08000594   0x08000594   0x00000028   Code   RO          165    .text.HAL_CAN_GetTxMailboxesFreeLevel  stm32f1xx_hal_can.o
    0x080005bc   0x080005bc   0x0000025e   Code   RO          179    .text.HAL_CAN_IRQHandler  stm32f1xx_hal_can.o
    0x0800081a   0x0800081a   0x00000002   PAD
    0x0800081c   0x0800081c   0x000000f4   Code   RO          141    .text.HAL_CAN_Init  stm32f1xx_hal_can.o
    0x08000910   0x08000910   0x0000008e   Code   RO           78    .text.HAL_CAN_MspInit  can.o
    0x0800099e   0x0800099e   0x00000002   PAD
    0x080009a0   0x080009a0   0x00000002   Code   RO          193    .text.HAL_CAN_RxFifo0FullCallback  stm32f1xx_hal_can.o
    0x080009a2   0x080009a2   0x00000002   PAD
    0x080009a4   0x080009a4   0x000000d6   Code   RO           37    .text.HAL_CAN_RxFifo0MsgPendingCallback  zlac_can.o
    0x08000a7a   0x08000a7a   0x00000002   PAD
    0x08000a7c   0x08000a7c   0x00000002   Code   RO          197    .text.HAL_CAN_RxFifo1FullCallback  stm32f1xx_hal_can.o
    0x08000a7e   0x08000a7e   0x00000002   PAD
    0x08000a80   0x08000a80   0x00000002   Code   RO          199    .text.HAL_CAN_RxFifo1MsgPendingCallback  stm32f1xx_hal_can.o
    0x08000a82   0x08000a82   0x00000002   PAD
    0x08000a84   0x08000a84   0x00000002   Code   RO          201    .text.HAL_CAN_SleepCallback  stm32f1xx_hal_can.o
    0x08000a86   0x08000a86   0x00000002   PAD
    0x08000a88   0x08000a88   0x0000005a   Code   RO          153    .text.HAL_CAN_Start  stm32f1xx_hal_can.o
    0x08000ae2   0x08000ae2   0x00000002   PAD
    0x08000ae4   0x08000ae4   0x00000002   Code   RO          183    .text.HAL_CAN_TxMailbox0AbortCallback  stm32f1xx_hal_can.o
    0x08000ae6   0x08000ae6   0x00000002   PAD
    0x08000ae8   0x08000ae8   0x00000002   Code   RO          181    .text.HAL_CAN_TxMailbox0CompleteCallback  stm32f1xx_hal_can.o
    0x08000aea   0x08000aea   0x00000002   PAD
    0x08000aec   0x08000aec   0x00000002   Code   RO          187    .text.HAL_CAN_TxMailbox1AbortCallback  stm32f1xx_hal_can.o
    0x08000aee   0x08000aee   0x00000002   PAD
    0x08000af0   0x08000af0   0x00000002   Code   RO          185    .text.HAL_CAN_TxMailbox1CompleteCallback  stm32f1xx_hal_can.o
    0x08000af2   0x08000af2   0x00000002   PAD
    0x08000af4   0x08000af4   0x00000002   Code   RO          191    .text.HAL_CAN_TxMailbox2AbortCallback  stm32f1xx_hal_can.o
    0x08000af6   0x08000af6   0x00000002   PAD
    0x08000af8   0x08000af8   0x00000002   Code   RO          189    .text.HAL_CAN_TxMailbox2CompleteCallback  stm32f1xx_hal_can.o
    0x08000afa   0x08000afa   0x00000002   PAD
    0x08000afc   0x08000afc   0x00000002   Code   RO          203    .text.HAL_CAN_WakeUpFromRxMsgCallback  stm32f1xx_hal_can.o
    0x08000afe   0x08000afe   0x00000002   PAD
    0x08000b00   0x08000b00   0x00000028   Code   RO          241    .text.HAL_Delay     stm32f1xx_hal.o
    0x08000b28   0x08000b28   0x0000020e   Code   RO          333    .text.HAL_GPIO_Init  stm32f1xx_hal_gpio.o
    0x08000d36   0x08000d36   0x00000002   PAD
    0x08000d38   0x08000d38   0x0000000c   Code   RO          233    .text.HAL_GetTick   stm32f1xx_hal.o
    0x08000d44   0x08000d44   0x0000001a   Code   RO          231    .text.HAL_IncTick   stm32f1xx_hal.o
    0x08000d5e   0x08000d5e   0x00000002   PAD
    0x08000d60   0x08000d60   0x00000026   Code   RO          221    .text.HAL_Init      stm32f1xx_hal.o
    0x08000d86   0x08000d86   0x00000002   PAD
    0x08000d88   0x08000d88   0x00000048   Code   RO          223    .text.HAL_InitTick  stm32f1xx_hal.o
    0x08000dd0   0x08000dd0   0x00000042   Code   RO          118    .text.HAL_MspInit   stm32f1xx_hal_msp.o
    0x08000e12   0x08000e12   0x00000002   PAD
    0x08000e14   0x08000e14   0x00000022   Code   RO          393    .text.HAL_NVIC_EnableIRQ  stm32f1xx_hal_cortex.o
    0x08000e36   0x08000e36   0x00000002   PAD
    0x08000e38   0x08000e38   0x00000056   Code   RO          391    .text.HAL_NVIC_SetPriority  stm32f1xx_hal_cortex.o
    0x08000e8e   0x08000e8e   0x00000002   PAD
    0x08000e90   0x08000e90   0x00000020   Code   RO          389    .text.HAL_NVIC_SetPriorityGrouping  stm32f1xx_hal_cortex.o
    0x08000eb0   0x08000eb0   0x000001ba   Code   RO          285    .text.HAL_RCC_ClockConfig  stm32f1xx_hal_rcc.o
    0x0800106a   0x0800106a   0x00000002   PAD
    0x0800106c   0x0800106c   0x00000400   Code   RO          283    .text.HAL_RCC_OscConfig  stm32f1xx_hal_rcc.o
    0x0800146c   0x0800146c   0x0000002c   Code   RO          401    .text.HAL_SYSTICK_Config  stm32f1xx_hal_cortex.o
    0x08001498   0x08001498   0x00000002   Code   RO           93    .text.HardFault_Handler  stm32f1xx_it.o
    0x0800149a   0x0800149a   0x00000002   PAD
    0x0800149c   0x0800149c   0x00000040   Code   RO           76    .text.MX_CAN_Init   can.o
    0x080014dc   0x080014dc   0x00000042   Code   RO           68    .text.MX_GPIO_Init  gpio.o
    0x0800151e   0x0800151e   0x00000002   PAD
    0x08001520   0x08001520   0x00000002   Code   RO           95    .text.MemManage_Handler  stm32f1xx_it.o
    0x08001522   0x08001522   0x00000002   PAD
    0x08001524   0x08001524   0x00000002   Code   RO           91    .text.NMI_Handler   stm32f1xx_it.o
    0x08001526   0x08001526   0x00000002   PAD
    0x08001528   0x08001528   0x00000002   Code   RO          105    .text.PendSV_Handler  stm32f1xx_it.o
    0x0800152a   0x0800152a   0x00000002   PAD
    0x0800152c   0x0800152c   0x0000006a   Code   RO           13    .text.SDO_Read_Request  zlac_can.o
    0x08001596   0x08001596   0x00000002   PAD
    0x08001598   0x08001598   0x00000094   Code   RO           11    .text.SDO_Write     zlac_can.o
    0x0800162c   0x0800162c   0x00000002   Code   RO          101    .text.SVC_Handler   stm32f1xx_it.o
    0x0800162e   0x0800162e   0x00000002   PAD
    0x08001630   0x08001630   0x00000004   Code   RO          107    .text.SysTick_Handler  stm32f1xx_it.o
    0x08001634   0x08001634   0x00000002   Code   RO          556    .text.SystemInit    system_stm32f1xx.o
    0x08001636   0x08001636   0x00000002   PAD
    0x08001638   0x08001638   0x0000000c   Code   RO          109    .text.USB_LP_CAN1_RX0_IRQHandler  stm32f1xx_it.o
    0x08001644   0x08001644   0x00000002   Code   RO           99    .text.UsageFault_Handler  stm32f1xx_it.o
    0x08001646   0x08001646   0x00000002   PAD
    0x08001648   0x08001648   0x00000062   Code   RO           17    .text.ZLAC_CAN_Init  zlac_can.o
    0x080016aa   0x080016aa   0x00000002   PAD
    0x080016ac   0x080016ac   0x00000014   Code   RO           23    .text.ZLAC_IsReady  zlac_can.o
    0x080016c0   0x080016c0   0x00000016   Code   RO           35    .text.ZLAC_Odom_Reset  zlac_can.o
    0x080016d6   0x080016d6   0x00000002   PAD
    0x080016d8   0x080016d8   0x00000202   Code   RO           33    .text.ZLAC_Odom_Update  zlac_can.o
    0x080018da   0x080018da   0x00000002   PAD
    0x080018dc   0x080018dc   0x000000ee   Code   RO           25    .text.ZLAC_SetSpeed_raw  zlac_can.o
    0x080019ca   0x080019ca   0x00000002   PAD
    0x080019cc   0x080019cc   0x0000065a   Code   RO           19    .text.ZLAC_StateMachine  zlac_can.o
    0x08002026   0x08002026   0x00000002   PAD
    0x08002028   0x08002028   0x00000008   Code   RO           21    .text.ZLAC_Stop     zlac_can.o
    0x08002030   0x08002030   0x0000026e   Code   RO           48    .text.main          main.o
    0x0800229e   0x0800229e   0x00000026   Code   RO          624    i.__ARM_fpclassifyf  m_ws.l(fpclassifyf.o)
    0x080022c4   0x080022c4   0x00000006   Code   RO          627    i.__mathlib_flt_infnan  m_ws.l(funder.o)
    0x080022ca   0x080022ca   0x00000008   Code   RO          629    i.__mathlib_flt_invalid  m_ws.l(funder.o)
    0x080022d2   0x080022d2   0x0000000a   Code   RO          632    i.__mathlib_flt_underflow  m_ws.l(funder.o)
    0x080022dc   0x080022dc   0x00000168   Code   RO          640    i.__mathlib_rredf2  m_ws.l(rredf.o)
    0x08002444   0x08002444   0x0000017c   Code   RO          601    i.cosf              m_ws.l(cosf.o)
    0x080025c0   0x080025c0   0x00000188   Code   RO          605    i.sinf              m_ws.l(sinf.o)
    0x08002748   0x08002748   0x000000c4   Code   RO          576    x$fpl$fadd          fz_ws.l(faddsub_clz.o)
    0x0800280c   0x0800280c   0x0000000c   Code   RO          680    x$fpl$fcheck1       fz_ws.l(fcheck1.o)
    0x08002818   0x08002818   0x00000054   Code   RO          582    x$fpl$fcmp          fz_ws.l(fcmp.o)
    0x0800286c   0x0800286c   0x00000018   Code   RO          663    x$fpl$fcmpinf       fz_ws.l(fcmpi.o)
    0x08002884   0x08002884   0x00000184   Code   RO          585    x$fpl$fdiv          fz_ws.l(fdiv.o)
    0x08002a08   0x08002a08   0x00000068   Code   RO          611    x$fpl$feqf          fz_ws.l(feqf.o)
    0x08002a70   0x08002a70   0x00000036   Code   RO          588    x$fpl$ffix          fz_ws.l(ffix.o)
    0x08002aa6   0x08002aa6   0x00000002   PAD
    0x08002aa8   0x08002aa8   0x00000030   Code   RO          593    x$fpl$fflt          fz_ws.l(fflt_clz.o)
    0x08002ad8   0x08002ad8   0x00000026   Code   RO          592    x$fpl$ffltu         fz_ws.l(fflt_clz.o)
    0x08002afe   0x08002afe   0x00000002   PAD
    0x08002b00   0x08002b00   0x00000068   Code   RO          613    x$fpl$fgeqf         fz_ws.l(fgeqf.o)
    0x08002b68   0x08002b68   0x00000068   Code   RO          615    x$fpl$fleqf         fz_ws.l(fleqf.o)
    0x08002bd0   0x08002bd0   0x00000102   Code   RO          598    x$fpl$fmul          fz_ws.l(fmul.o)
    0x08002cd2   0x08002cd2   0x0000008c   Code   RO          617    x$fpl$fnaninf       fz_ws.l(fnaninf.o)
    0x08002d5e   0x08002d5e   0x0000000a   Code   RO          619    x$fpl$fretinf       fz_ws.l(fretinf.o)
    0x08002d68   0x08002d68   0x00000060   Code   RO          621    x$fpl$frnd          fz_ws.l(frnd.o)
    0x08002dc8   0x08002dc8   0x00000014   Code   RO          577    x$fpl$frsb          fz_ws.l(faddsub_clz.o)
    0x08002ddc   0x08002ddc   0x000000ea   Code   RO          578    x$fpl$fsub          fz_ws.l(faddsub_clz.o)
    0x08002ec6   0x08002ec6   0x00000064   Code   RO          731    x$fpl$retnan        fz_ws.l(retnan.o)
    0x08002f2a   0x08002f2a   0x0000004c   Code   RO          665    x$fpl$scalbnf       fz_ws.l(scalbnf.o)
    0x08002f76   0x08002f76   0x00000030   Code   RO          744    x$fpl$trapveneer    fz_ws.l(trapv.o)
    0x08002fa6   0x08002fa6   0x00000000   Code   RO          623    x$fpl$usenofp       fz_ws.l(usenofp.o)
    0x08002fa6   0x08002fa6   0x00000002   PAD
    0x08002fa8   0x08002fa8   0x00000020   Data   RO          641    .constdata          m_ws.l(rredf.o)
    0x08002fc8   0x08002fc8   0x00000010   Data   RO          561    .rodata.AHBPrescTable  system_stm32f1xx.o
    0x08002fd8   0x08002fd8   0x00000002   Data   RO          310    .rodata.HAL_RCC_GetSysClockFreq.aPredivFactorTable  stm32f1xx_hal_rcc.o
    0x08002fda   0x08002fda   0x00000010   Data   RO          309    .rodata.cst16       stm32f1xx_hal_rcc.o
    0x08002fea   0x08002fea   0x00000002   PAD
    0x08002fec   0x08002fec   0x00000020   Data   RO          819    Region$$Table       anon$$obj.o


    Execution Region RW_IRAM1 (Exec base: 0x20000000, Load base: 0x08003010, Size: 0x000006e8, Max: 0x00005000, ABSOLUTE)

    Exec Addr    Load Addr    Size         Type   Attr      Idx    E Section Name        Object

    0x20000000   0x08003010   0x00000008   Data   RW          272    .data..L_MergedGlobals  stm32f1xx_hal.o
    0x20000008   0x08003018   0x00000004   Data   RW          560    .data.SystemCoreClock  system_stm32f1xx.o
    0x2000000c   0x0800301c   0x00000001   Data   RW           54    .data.is_motor_enabled  main.o
    0x2000000d   0x0800301d   0x00000003   PAD
    0x20000010        -       0x00000060   Zero   RW          668    .bss                c_w.l(libspace.o)
    0x20000070        -       0x0000003c   Zero   RW           39    .bss..L_MergedGlobals  zlac_can.o
    0x200000ac        -       0x00000010   Zero   RW           59    .bss..L_MergedGlobals  main.o
    0x200000bc        -       0x00000028   Zero   RW           82    .bss.hcan           can.o
    0x200000e4        -       0x00000004   Zero   RW          271    .bss.uwTick         stm32f1xx_hal.o
    0x200000e8        -       0x00000200   Zero   RW            2    HEAP                startup_stm32f103xb.o
    0x200002e8        -       0x00000400   Zero   RW            1    STACK               startup_stm32f103xb.o


==============================================================================

Image component sizes


      Code (inc. data)   RO Data    RW Data    ZI Data      Debug   Object Name

       206          0          0          0         40       4941   can.o
        66          0          0          0          0       1355   gpio.o
       632          0          0          1         16       3786   main.o
        64         26        236          0       1536        800   startup_stm32f103xb.o
       188          0          0          8          4       5781   stm32f1xx_hal.o
      1750          6          0          0          0      13664   stm32f1xx_hal_can.o
       196          0          0          0          0       8435   stm32f1xx_hal_cortex.o
       526         22          0          0          0       4709   stm32f1xx_hal_gpio.o
        66          0          0          0          0       1230   stm32f1xx_hal_msp.o
      1466          0         18          0          0       7969   stm32f1xx_hal_rcc.o
        32          0          0          0          0       3302   stm32f1xx_it.o
         2          0         16          4          0       1619   system_stm32f1xx.o
      2994         22          0          0         60      20041   zlac_can.o

    ----------------------------------------------------------------------
      8274         76        304         16       1656      77632   Object Totals
         0          0         32          0          0          0   (incl. Generated)
        86          0          2          3          0          0   (incl. Padding)

    ----------------------------------------------------------------------

      Code (inc. data)   RO Data    RW Data    ZI Data      Debug   Library Member Name

         8          0          0          0          0         68   __main.o
         0          0          0          0          0          0   __rtentry.o
        12          0          0          0          0          0   __rtentry2.o
         6          0          0          0          0          0   __rtentry4.o
        94          8          0          0          0          0   __scatter.o
        26          0          0          0          0          0   __scatter_copy.o
        28          0          0          0          0          0   __scatter_zi.o
        22          0          0          0          0        100   _rserrno.o
        18          0          0          0          0         80   exit.o
         6          0          0          0          0        152   heapauxi.o
         0          0          0          0          0          0   indicate_semi.o
         2          0          0          0          0          0   libinit.o
         2          0          0          0          0          0   libinit2.o
         2          0          0          0          0          0   libshutdown.o
         2          0          0          0          0          0   libshutdown2.o
         8          4          0          0         96         68   libspace.o
         8          4          0          0          0         68   rt_errno_addr_intlibspace.o
         2          0          0          0          0          0   rtexit.o
        10          0          0          0          0          0   rtexit2.o
        12          4          0          0          0         68   sys_exit.o
        74          0          0          0          0         80   sys_stackheap_outer.o
         2          0          0          0          0         68   use_no_semi.o
       450          8          0          0          0        236   faddsub_clz.o
        12          4          0          0          0         68   fcheck1.o
        84          0          0          0          0        196   fcmp.o
        24          0          0          0          0         68   fcmpi.o
       388         76          0          0          0         96   fdiv.o
       104          4          0          0          0         84   feqf.o
        54          4          0          0          0         84   ffix.o
        86          0          0          0          0        136   fflt_clz.o
       104          4          0          0          0         84   fgeqf.o
       104          4          0          0          0         84   fleqf.o
       258          4          0          0          0         84   fmul.o
       140          4          0          0          0         84   fnaninf.o
        10          0          0          0          0         68   fretinf.o
        96          4          0          0          0         76   frnd.o
       100          0          0          0          0         68   retnan.o
        76          0          0          0          0         68   scalbnf.o
        48          0          0          0          0         68   trapv.o
         0          0          0          0          0          0   usenofp.o
       380         52          0          0          0        124   cosf.o
        38          0          0          0          0         68   fpclassifyf.o
        24          0          0          0          0        204   funder.o
       360         16         32          0          0         88   rredf.o
       392         54          0          0          0        124   sinf.o

    ----------------------------------------------------------------------
      3690        258         32          0         96       3012   Library Totals
        14          0          0          0          0          0   (incl. Padding)

    ----------------------------------------------------------------------

      Code (inc. data)   RO Data    RW Data    ZI Data      Debug   Library Name

       344         20          0          0         96        752   c_w.l
      2138        116          0          0          0       1652   fz_ws.l
      1194        122         32          0          0        608   m_ws.l

    ----------------------------------------------------------------------
      3690        258         32          0         96       3012   Library Totals

    ----------------------------------------------------------------------

==============================================================================


      Code (inc. data)   RO Data    RW Data    ZI Data      Debug   

     11964        334        336         16       1752      78876   Grand Totals
     11964        334        336         16       1752      78876   ELF Image Totals
     11964        334        336         16          0          0   ROM Totals

==============================================================================

    Total RO  Size (Code + RO Data)                12300 (  12.01kB)
    Total RW  Size (RW Data + ZI Data)              1768 (   1.73kB)
    Total ROM Size (Code + RO Data + RW Data)      12316 (  12.03kB)

==============================================================================

