Component: Arm Compiler for Embedded 6.22 Tool: armlink [5ee90200]

==============================================================================

Section Cross References

    startup_stm32f103xb.o(STACK) refers (Special) to heapauxi.o(.text) for __use_two_region_memory
    startup_stm32f103xb.o(HEAP) refers (Special) to heapauxi.o(.text) for __use_two_region_memory
    startup_stm32f103xb.o(RESET) refers (Special) to heapauxi.o(.text) for __use_two_region_memory
    startup_stm32f103xb.o(RESET) refers to startup_stm32f103xb.o(STACK) for __initial_sp
    startup_stm32f103xb.o(RESET) refers to startup_stm32f103xb.o(.text) for Reset_Handler
    startup_stm32f103xb.o(RESET) refers to stm32f1xx_it.o(.text.NMI_Handler) for NMI_Handler
    startup_stm32f103xb.o(RESET) refers to stm32f1xx_it.o(.text.HardFault_Handler) for HardFault_Handler
    startup_stm32f103xb.o(RESET) refers to stm32f1xx_it.o(.text.MemManage_Handler) for MemManage_Handler
    startup_stm32f103xb.o(RESET) refers to stm32f1xx_it.o(.text.BusFault_Handler) for BusFault_Handler
    startup_stm32f103xb.o(RESET) refers to stm32f1xx_it.o(.text.UsageFault_Handler) for UsageFault_Handler
    startup_stm32f103xb.o(RESET) refers to stm32f1xx_it.o(.text.SVC_Handler) for SVC_Handler
    startup_stm32f103xb.o(RESET) refers to stm32f1xx_it.o(.text.DebugMon_Handler) for DebugMon_Handler
    startup_stm32f103xb.o(RESET) refers to stm32f1xx_it.o(.text.PendSV_Handler) for PendSV_Handler
    startup_stm32f103xb.o(RESET) refers to stm32f1xx_it.o(.text.SysTick_Handler) for SysTick_Handler
    startup_stm32f103xb.o(RESET) refers to stm32f1xx_it.o(.text.DMA1_Channel2_IRQHandler) for DMA1_Channel2_IRQHandler
    startup_stm32f103xb.o(RESET) refers to stm32f1xx_it.o(.text.DMA1_Channel3_IRQHandler) for DMA1_Channel3_IRQHandler
    startup_stm32f103xb.o(RESET) refers to stm32f1xx_it.o(.text.USB_LP_CAN1_RX0_IRQHandler) for USB_LP_CAN1_RX0_IRQHandler
    startup_stm32f103xb.o(.text) refers (Special) to heapauxi.o(.text) for __use_two_region_memory
    startup_stm32f103xb.o(.text) refers to system_stm32f1xx.o(.text.SystemInit) for SystemInit
    startup_stm32f103xb.o(.text) refers to __main.o(!!!main) for __main
    startup_stm32f103xb.o(.text) refers to startup_stm32f103xb.o(HEAP) for Heap_Mem
    startup_stm32f103xb.o(.text) refers to startup_stm32f103xb.o(STACK) for Stack_Mem
    zlac_can.o(.text.SDO_Write) refers to stm32f1xx_hal.o(.text.HAL_GetTick) for HAL_GetTick
    zlac_can.o(.text.SDO_Write) refers to can.o(.bss.hcan) for hcan
    zlac_can.o(.text.SDO_Write) refers to stm32f1xx_hal_can.o(.text.HAL_CAN_GetTxMailboxesFreeLevel) for HAL_CAN_GetTxMailboxesFreeLevel
    zlac_can.o(.text.SDO_Write) refers to stm32f1xx_hal_can.o(.text.HAL_CAN_AddTxMessage) for HAL_CAN_AddTxMessage
    zlac_can.o(.ARM.exidx.text.SDO_Write) refers to zlac_can.o(.text.SDO_Write) for [Anonymous Symbol]
    zlac_can.o(.text.SDO_Read_Request) refers to stm32f1xx_hal.o(.text.HAL_GetTick) for HAL_GetTick
    zlac_can.o(.text.SDO_Read_Request) refers to can.o(.bss.hcan) for hcan
    zlac_can.o(.text.SDO_Read_Request) refers to stm32f1xx_hal_can.o(.text.HAL_CAN_GetTxMailboxesFreeLevel) for HAL_CAN_GetTxMailboxesFreeLevel
    zlac_can.o(.text.SDO_Read_Request) refers to stm32f1xx_hal_can.o(.text.HAL_CAN_AddTxMessage) for HAL_CAN_AddTxMessage
    zlac_can.o(.ARM.exidx.text.SDO_Read_Request) refers to zlac_can.o(.text.SDO_Read_Request) for [Anonymous Symbol]
    zlac_can.o(.text.NMT_Send) refers to stm32f1xx_hal.o(.text.HAL_GetTick) for HAL_GetTick
    zlac_can.o(.text.NMT_Send) refers to can.o(.bss.hcan) for hcan
    zlac_can.o(.text.NMT_Send) refers to stm32f1xx_hal_can.o(.text.HAL_CAN_GetTxMailboxesFreeLevel) for HAL_CAN_GetTxMailboxesFreeLevel
    zlac_can.o(.text.NMT_Send) refers to stm32f1xx_hal_can.o(.text.HAL_CAN_AddTxMessage) for HAL_CAN_AddTxMessage
    zlac_can.o(.ARM.exidx.text.NMT_Send) refers to zlac_can.o(.text.NMT_Send) for [Anonymous Symbol]
    zlac_can.o(.text.ZLAC_CAN_Init) refers to can.o(.bss.hcan) for hcan
    zlac_can.o(.text.ZLAC_CAN_Init) refers to stm32f1xx_hal_can.o(.text.HAL_CAN_ConfigFilter) for HAL_CAN_ConfigFilter
    zlac_can.o(.text.ZLAC_CAN_Init) refers to stm32f1xx_hal_can.o(.text.HAL_CAN_ActivateNotification) for HAL_CAN_ActivateNotification
    zlac_can.o(.text.ZLAC_CAN_Init) refers to stm32f1xx_hal_can.o(.text.HAL_CAN_Start) for HAL_CAN_Start
    zlac_can.o(.text.ZLAC_CAN_Init) refers to zlac_can.o(.bss..L_MergedGlobals) for .L_MergedGlobals
    zlac_can.o(.text.ZLAC_CAN_Init) refers to stm32f1xx_hal.o(.text.HAL_GetTick) for HAL_GetTick
    zlac_can.o(.ARM.exidx.text.ZLAC_CAN_Init) refers to zlac_can.o(.text.ZLAC_CAN_Init) for [Anonymous Symbol]
    zlac_can.o(.text.ZLAC_StateMachine) refers to stm32f1xx_hal.o(.text.HAL_GetTick) for HAL_GetTick
    zlac_can.o(.text.ZLAC_StateMachine) refers to zlac_can.o(.bss..L_MergedGlobals) for .L_MergedGlobals
    zlac_can.o(.text.ZLAC_StateMachine) refers to can.o(.bss.hcan) for hcan
[...]
    main.c                                   0x00000000   Number         0  main.o ABSOLUTE
    socket.c                                 0x00000000   Number         0  socket.o ABSOLUTE
    spi.c                                    0x00000000   Number         0  spi.o ABSOLUTE
    startup_stm32f103xb.s                    0x00000000   Number         0  startup_stm32f103xb.o ABSOLUTE
    stm32f1xx_hal.c                          0x00000000   Number         0  stm32f1xx_hal.o ABSOLUTE
    stm32f1xx_hal_can.c                      0x00000000   Number         0  stm32f1xx_hal_can.o ABSOLUTE
    stm32f1xx_hal_cortex.c                   0x00000000   Number         0  stm32f1xx_hal_cortex.o ABSOLUTE
    stm32f1xx_hal_dma.c                      0x00000000   Number         0  stm32f1xx_hal_dma.o ABSOLUTE
    stm32f1xx_hal_exti.c                     0x00000000   Number         0  stm32f1xx_hal_exti.o ABSOLUTE
    stm32f1xx_hal_flash.c                    0x00000000   Number         0  stm32f1xx_hal_flash.o ABSOLUTE
    stm32f1xx_hal_flash_ex.c                 0x00000000   Number         0  stm32f1xx_hal_flash_ex.o ABSOLUTE
    stm32f1xx_hal_gpio.c                     0x00000000   Number         0  stm32f1xx_hal_gpio.o ABSOLUTE
    stm32f1xx_hal_gpio_ex.c                  0x00000000   Number         0  stm32f1xx_hal_gpio_ex.o ABSOLUTE
    stm32f1xx_hal_i2c.c                      0x00000000   Number         0  stm32f1xx_hal_i2c.o ABSOLUTE
    stm32f1xx_hal_msp.c                      0x00000000   Number         0  stm32f1xx_hal_msp.o ABSOLUTE
    stm32f1xx_hal_pwr.c                      0x00000000   Number         0  stm32f1xx_hal_pwr.o ABSOLUTE
    stm32f1xx_hal_rcc.c                      0x00000000   Number         0  stm32f1xx_hal_rcc.o ABSOLUTE
    stm32f1xx_hal_rcc_ex.c                   0x00000000   Number         0  stm32f1xx_hal_rcc_ex.o ABSOLUTE
    stm32f1xx_hal_spi.c                      0x00000000   Number         0  stm32f1xx_hal_spi.o ABSOLUTE
    stm32f1xx_hal_tim.c                      0x00000000   Number         0  stm32f1xx_hal_tim.o ABSOLUTE
    stm32f1xx_hal_tim_ex.c                   0x00000000   Number         0  stm32f1xx_hal_tim_ex.o ABSOLUTE
    stm32f1xx_it.c                           0x00000000   Number         0  stm32f1xx_it.o ABSOLUTE
    system_stm32f1xx.c                       0x00000000   Number         0  system_stm32f1xx.o ABSOLUTE
    w5500.c                                  0x00000000   Number         0  w5500.o ABSOLUTE
    wizchip_conf.c                           0x00000000   Number         0  wizchip_conf.o ABSOLUTE
    zlac_can.c                               0x00000000   Number         0  zlac_can.o ABSOLUTE
    RESET                                    0x08000000   Section      236  startup_stm32f103xb.o(RESET)
    !!!main                                  0x080000ec   Section        8  __main.o(!!!main)
    !!!scatter                               0x080000f4   Section       92  __scatter.o(!!!scatter)
    !!handler_copy                           0x08000150   Section       26  __scatter_copy.o(!!handler_copy)
    !!handler_null                           0x0800016c   Section        2  __scatter.o(!!handler_null)
    !!handler_zi                             0x08000170   Section       28  __scatter_zi.o(!!handler_zi)
    .ARM.Collect$$libinit$$00000000          0x0800018c   Section        2  libinit.o(.ARM.Collect$$libinit$$00000000)
    .ARM.Collect$$libinit$$00000002          0x0800018e   Section        0  libinit2.o(.ARM.Collect$$libinit$$00000002)
    .ARM.Collect$$libinit$$00000004          0x0800018e   Section        0  libinit2.o(.ARM.Collect$$libinit$$00000004)
    .ARM.Collect$$libinit$$00000006          0x0800018e   Section        0  libinit2.o(.ARM.Collect$$libinit$$00000006)
    .ARM.Collect$$libinit$$0000000C          0x0800018e   Section        0  libinit2.o(.ARM.Collect$$libinit$$0000000C)
    .ARM.Collect$$libinit$$0000000E          0x0800018e   Section        0  libinit2.o(.ARM.Collect$$libinit$$0000000E)
    .ARM.Collect$$libinit$$00000010          0x0800018e   Section        0  libinit2.o(.ARM.Collect$$libinit$$00000010)
    .ARM.Collect$$libinit$$00000013          0x0800018e   Section        0  libinit2.o(.ARM.Collect$$libinit$$00000013)
    .ARM.Collect$$libinit$$00000015          0x0800018e   Section        0  libinit2.o(.ARM.Collect$$libinit$$00000015)
    .ARM.Collect$$libinit$$00000017          0x0800018e   Section        0  libinit2.o(.ARM.Collect$$libinit$$00000017)
    .ARM.Collect$$libinit$$00000019          0x0800018e   Section        0  libinit2.o(.ARM.Collect$$libinit$$00000019)
    .ARM.Collect$$libinit$$0000001B          0x0800018e   Section        0  libinit2.o(.ARM.Collect$$libinit$$0000001B)
    .ARM.Collect$$libinit$$0000001D          0x0800018e   Section        0  libinit2.o(.ARM.Collect$$libinit$$0000001D)
    .ARM.Collect$$libinit$$0000001F          0x0800018e   Section        0  libinit2.o(.ARM.Collect$$libinit$$0000001F)
    .ARM.Collect$$libinit$$00000021          0x0800018e   Section        0  libinit2.o(.ARM.Collect$$libinit$$00000021)
    .ARM.Collect$$libinit$$00000023          0x0800018e   Section        0  libinit2.o(.ARM.Collect$$libinit$$00000023)
    .ARM.Collect$$libinit$$00000025          0x0800018e   Section        0  libinit2.o(.ARM.Collect$$libinit$$00000025)
    .ARM.Collect$$libinit$$00000027          0x0800018e   Section        0  libinit2.o(.ARM.Collect$$libinit$$00000027)
    .ARM.Collect$$libinit$$0000002E          0x0800018e   Section        0  libinit2.o(.ARM.Collect$$libinit$$0000002E)
    .ARM.Collect$$libinit$$00000030          0x0800018e   Section        0  libinit2.o(.ARM.Collect$$libinit$$00000030)
    .ARM.Collect$$libinit$$00000032          0x0800018e   Section        0  libinit2.o(.ARM.Collect$$libinit$$00000032)
    .ARM.Collect$$libinit$$00000034          0x0800018e   Section        0  libinit2.o(.ARM.Collect$$libinit$$00000034)
    .ARM.Collect$$libinit$$00000035          0x0800018e   Section        2  libinit2.o(.ARM.Collect$$libinit$$00000035)
    .ARM.Collect$$libshutdown$$00000000      0x08000190   Section        2  libshutdown.o(.ARM.Collect$$libshutdown$$00000000)
    .ARM.Collect$$libshutdown$$00000002      0x08000192   Section        0  libshutdown2.o(.ARM.Collect$$libshutdown$$00000002)
    .ARM.Collect$$libshutdown$$00000004      0x08000192   Section        0  libshutdown2.o(.ARM.Collect$$libshutdown$$00000004)
    .ARM.Collect$$libshutdown$$00000007      0x08000192   Section        0  libshutdown2.o(.ARM.Collect$$libshutdown$$00000007)
    .ARM.Collect$$libshutdown$$0000000A      0x08000192   Section        0  libshutdown2.o(.ARM.Collect$$libshutdown$$0000000A)
    .ARM.Collect$$libshutdown$$0000000C      0x08000192   Section        0  libshutdown2.o(.ARM.Collect$$libshutdown$$0000000C)
    .ARM.Collect$$libshutdown$$0000000F      0x08000192   Section        0  libshutdown2.o(.ARM.Collect$$libshutdown$$0000000F)
    .ARM.Collect$$libshutdown$$00000010      0x08000192   Section        2  libshutdown2.o(.ARM.Collect$$libshutdown$$00000010)
    .ARM.Collect$$rtentry$$00000000          0x08000194   Section        0  __rtentry.o(.ARM.Collect$$rtentry$$00000000)
    .ARM.Collect$$rtentry$$00000002          0x08000194   Section        0  __rtentry2.o(.ARM.Collect$$rtentry$$00000002)
    .ARM.Collect$$rtentry$$00000004          0x08000194   Section        6  __rtentry4.o(.ARM.Collect$$rtentry$$00000004)
    .ARM.Collect$$rtentry$$00000009          0x0800019a   Section        0  __rtentry2.o(.ARM.Collect$$rtentry$$00000009)
    .ARM.Collect$$rtentry$$0000000A          0x0800019a   Section        4  __rtentry2.o(.ARM.Collect$$rtentry$$0000000A)
    .ARM.Collect$$rtentry$$0000000C          0x0800019e   Section        0  __rtentry2.o(.ARM.Collect$$rtentry$$0000000C)
    .ARM.Collect$$rtentry$$0000000D          0x0800019e   Section        8  __rtentry2.o(.ARM.Collect$$rtentry$$0000000D)
    .ARM.Collect$$rtexit$$00000000           0x080001a6   Section        2  rtexit.o(.ARM.Collect$$rtexit$$00000000)
    .ARM.Collect$$rtexit$$00000002           0x080001a8   Section        0  rtexit2.o(.ARM.Collect$$rtexit$$00000002)
    .ARM.Collect$$rtexit$$00000003           0x080001a8   Section        4  rtexit2.o(.ARM.Collect$$rtexit$$00000003)
    .ARM.Collect$$rtexit$$00000004           0x080001ac   Section        6  rtexit2.o(.ARM.Collect$$rtexit$$00000004)
    .text                                    0x080001b4   Section       64  startup_stm32f103xb.o(.text)
    .text                                    0x080001f4   Section        0  heapauxi.o(.text)
    .text                                    0x080001fc   Section        8  libspace.o(.text)
    .text                                    0x08000204   Section       74  sys_stackheap_outer.o(.text)
    .text                                    0x0800024e   Section        0  exit.o(.text)
    .text                                    0x08000260   Section        0  sys_exit.o(.text)
    .text                                    0x0800026c   Section        2  use_no_semi.o(.text)
    .text                                    0x0800026e   Section        0  indicate_semi.o(.text)
    [Anonymous Symbol]                       0x08000270   Section        0  stm32f1xx_it.o(.text.BusFault_Handler)
    [Anonymous Symbol]                       0x08000274   Section        0  stm32f1xx_it.o(.text.DMA1_Channel2_IRQHandler)
    [Anonymous Symbol]                       0x08000280   Section        0  stm32f1xx_it.o(.text.DMA1_Channel3_IRQHandler)
    [Anonymous Symbol]                       0x0800028c   Section        0  stm32f1xx_it.o(.text.DebugMon_Handler)
    [Anonymous Symbol]                       0x08000290   Section        0  main.o(.text.Error_Handler)
    [Anonymous Symbol]                       0x0800029c   Section        0  stm32f1xx_hal_can.o(.text.HAL_CAN_ActivateNotification)
    [Anonymous Symbol]                       0x080002cc   Section        0  stm32f1xx_hal_can.o(.text.HAL_CAN_AddTxMessage)
    [Anonymous Symbol]                       0x08000370   Section        0  stm32f1xx_hal_can.o(.text.HAL_CAN_ConfigFilter)
    [Anonymous Symbol]                       0x0800045c   Section        0  stm32f1xx_hal_can.o(.text.HAL_CAN_ErrorCallback)
    [Anonymous Symbol]                       0x08000460   Section        0  stm32f1xx_hal_can.o(.text.HAL_CAN_GetRxMessage)
    [Anonymous Symbol]                       0x08000590   Section        0  stm32f1xx_hal_can.o(.text.HAL_CAN_GetTxMailboxesFreeLevel)
    [Anonymous Symbol]                       0x080005b8   Section        0  stm32f1xx_hal_can.o(.text.HAL_CAN_IRQHandler)
    [Anonymous Symbol]                       0x08000818   Section        0  stm32f1xx_hal_can.o(.text.HAL_CAN_Init)
    [Anonymous Symbol]                       0x0800090c   Section        0  can.o(.text.HAL_CAN_MspInit)
    [Anonymous Symbol]                       0x0800099c   Section        0  stm32f1xx_hal_can.o(.text.HAL_CAN_RxFifo0FullCallback)
    [Anonymous Symbol]                       0x080009a0   Section        0  zlac_can.o(.text.HAL_CAN_RxFifo0MsgPendingCallback)
    [Anonymous Symbol]                       0x08000aa8   Section        0  stm32f1xx_hal_can.o(.text.HAL_CAN_RxFifo1FullCallback)
    [Anonymous Symbol]                       0x08000aac   Section        0  stm32f1xx_hal_can.o(.text.HAL_CAN_RxFifo1MsgPendingCallback)
    [Anonymous Symbol]                       0x08000ab0   Section        0  stm32f1xx_hal_can.o(.text.HAL_CAN_SleepCallback)
    [Anonymous Symbol]                       0x08000ab4   Section        0  stm32f1xx_hal_can.o(.text.HAL_CAN_Start)
    [Anonymous Symbol]                       0x08000b10   Section        0  stm32f1xx_hal_can.o(.text.HAL_CAN_TxMailbox0AbortCallback)
    [Anonymous Symbol]                       0x08000b14   Section        0  stm32f1xx_hal_can.o(.text.HAL_CAN_TxMailbox0CompleteCallback)
    [Anonymous Symbol]                       0x08000b18   Section        0  stm32f1xx_hal_can.o(.text.HAL_CAN_TxMailbox1AbortCallback)
    [Anonymous Symbol]                       0x08000b1c   Section        0  stm32f1xx_hal_can.o(.text.HAL_CAN_TxMailbox1CompleteCallback)
    [Anonymous Symbol]                       0x08000b20   Section        0  stm32f1xx_hal_can.o(.text.HAL_CAN_TxMailbox2AbortCallback)
    [Anonymous Symbol]                       0x08000b24   Section        0  stm32f1xx_hal_can.o(.text.HAL_CAN_TxMailbox2CompleteCallback)
    [Anonymous Symbol]                       0x08000b28   Section        0  stm32f1xx_hal_can.o(.text.HAL_CAN_WakeUpFromRxMsgCallback)
    [Anonymous Symbol]                       0x08000b2c   Section        0  stm32f1xx_hal_dma.o(.text.HAL_DMA_IRQHandler)
    [Anonymous Symbol]                       0x08000ccc   Section        0  stm32f1xx_hal_dma.o(.text.HAL_DMA_Init)
    [Anonymous Symbol]                       0x08000d50   Section        0  stm32f1xx_hal.o(.text.HAL_Delay)
    [Anonymous Symbol]                       0x08000d78   Section        0  stm32f1xx_hal_gpio.o(.text.HAL_GPIO_Init)
    [Anonymous Symbol]                       0x08000f88   Section        0  stm32f1xx_hal_gpio.o(.text.HAL_GPIO_WritePin)
    [Anonymous Symbol]                       0x08000f94   Section        0  stm32f1xx_hal.o(.text.HAL_GetTick)
    [Anonymous Symbol]                       0x08000fa0   Section        0  stm32f1xx_hal_i2c.o(.text.HAL_I2C_Init)
    [Anonymous Symbol]                       0x08001104   Section        0  i2c.o(.text.HAL_I2C_MspInit)
    [Anonymous Symbol]                       0x08001170   Section        0  stm32f1xx_hal.o(.text.HAL_IncTick)
    [Anonymous Symbol]                       0x0800118c   Section        0  stm32f1xx_hal.o(.text.HAL_Init)
    [Anonymous Symbol]                       0x080011b4   Section        0  stm32f1xx_hal.o(.text.HAL_InitTick)
    [Anonymous Symbol]                       0x080011fc   Section        0  stm32f1xx_hal_msp.o(.text.HAL_MspInit)
    [Anonymous Symbol]                       0x08001240   Section        0  stm32f1xx_hal_cortex.o(.text.HAL_NVIC_EnableIRQ)
    [Anonymous Symbol]                       0x08001264   Section        0  stm32f1xx_hal_cortex.o(.text.HAL_NVIC_SetPriority)
    [Anonymous Symbol]                       0x080012bc   Section        0  stm32f1xx_hal_cortex.o(.text.HAL_NVIC_SetPriorityGrouping)
    [Anonymous Symbol]                       0x080012dc   Section        0  stm32f1xx_hal_rcc.o(.text.HAL_RCC_ClockConfig)
    [Anonymous Symbol]                       0x08001498   Section        0  stm32f1xx_hal_rcc.o(.text.HAL_RCC_GetPCLK1Freq)
    [Anonymous Symbol]                       0x080014c0   Section        0  stm32f1xx_hal_rcc.o(.text.HAL_RCC_OscConfig)
    [Anonymous Symbol]                       0x080018c0   Section        0  stm32f1xx_hal_spi.o(.text.HAL_SPI_Init)
    [Anonymous Symbol]                       0x08001968   Section        0  spi.o(.text.HAL_SPI_MspInit)
    [Anonymous Symbol]                       0x08001a50   Section        0  stm32f1xx_hal_spi.o(.text.HAL_SPI_Receive)
    [Anonymous Symbol]                       0x08001c50   Section        0  stm32f1xx_hal_spi.o(.text.HAL_SPI_Transmit)
    [Anonymous Symbol]                       0x08001e4c   Section        0  stm32f1xx_hal_spi.o(.text.HAL_SPI_TransmitReceive)
    [Anonymous Symbol]                       0x08002120   Section        0  stm32f1xx_hal_cortex.o(.text.HAL_SYSTICK_Config)
    [Anonymous Symbol]                       0x0800214c   Section        0  stm32f1xx_it.o(.text.HardFault_Handler)
    [Anonymous Symbol]                       0x08002150   Section        0  can.o(.text.MX_CAN_Init)
    [Anonymous Symbol]                       0x08002190   Section        0  dma.o(.text.MX_DMA_Init)
    [Anonymous Symbol]                       0x080021d4   Section        0  gpio.o(.text.MX_GPIO_Init)
    [Anonymous Symbol]                       0x08002264   Section        0  i2c.o(.text.MX_I2C1_Init)
    [Anonymous Symbol]                       0x080022a8   Section        0  spi.o(.text.MX_SPI1_Init)
    [Anonymous Symbol]                       0x080022f4   Section        0  stm32f1xx_it.o(.text.MemManage_Handler)
    [Anonymous Symbol]                       0x080022f8   Section        0  stm32f1xx_it.o(.text.NMI_Handler)
    [Anonymous Symbol]                       0x080022fc   Section        0  stm32f1xx_it.o(.text.PendSV_Handler)
    [Anonymous Symbol]                       0x08002300   Section        0  zlac_can.o(.text.SDO_Read_Request)
    SPI_WaitFlagStateUntilTimeout            0x0800236d   Thumb Code   288  stm32f1xx_hal_spi.o(.text.SPI_WaitFlagStateUntilTimeout)
    [Anonymous Symbol]                       0x0800236c   Section        0  stm32f1xx_hal_spi.o(.text.SPI_WaitFlagStateUntilTimeout)
    [Anonymous Symbol]                       0x0800248c   Section        0  stm32f1xx_it.o(.text.SVC_Handler)
    [Anonymous Symbol]                       0x08002490   Section        0  stm32f1xx_it.o(.text.SysTick_Handler)
    [Anonymous Symbol]                       0x08002494   Section        0  system_stm32f1xx.o(.text.SystemInit)
    [Anonymous Symbol]                       0x08002498   Section        0  stm32f1xx_it.o(.text.USB_LP_CAN1_RX0_IRQHandler)
    [Anonymous Symbol]                       0x080024a4   Section        0  stm32f1xx_it.o(.text.UsageFault_Handler)
    [Anonymous Symbol]                       0x080024a8   Section        0  main.o(.text.W5500_Deselect)
    [Anonymous Symbol]                       0x080024b8   Section        0  main.o(.text.W5500_ReadBurst)
    [Anonymous Symbol]                       0x080024cc   Section        0  main.o(.text.W5500_ReadByte)
    [Anonymous Symbol]                       0x08002504   Section        0  main.o(.text.W5500_Select)
    [Anonymous Symbol]                       0x08002514   Section        0  main.o(.text.W5500_WriteBurst)
    [Anonymous Symbol]                       0x08002528   Section        0  main.o(.text.W5500_WriteByte)
    [Anonymous Symbol]                       0x08002554   Section        0  w5500.o(.text.WIZCHIP_READ)
    [Anonymous Symbol]                       0x080025b8   Section        0  w5500.o(.text.WIZCHIP_READ_BUF)
    [Anonymous Symbol]                       0x08002630   Section        0  w5500.o(.text.WIZCHIP_WRITE)
    [Anonymous Symbol]                       0x08002694   Section        0  w5500.o(.text.WIZCHIP_WRITE_BUF)
    [Anonymous Symbol]                       0x08002714   Section        0  zlac_can.o(.text.ZLAC_CAN_Init)
    [Anonymous Symbol]                       0x08002778   Section        0  zlac_can.o(.text.ZLAC_IsReady)
    [Anonymous Symbol]                       0x0800278c   Section        0  zlac_can.o(.text.ZLAC_Odom_Reset)
    [Anonymous Symbol]                       0x080027a4   Section        0  zlac_can.o(.text.ZLAC_SetSpeed_mps)
    [Anonymous Symbol]                       0x08002898   Section        0  zlac_can.o(.text.ZLAC_SetSpeed_raw)
    [Anonymous Symbol]                       0x08002988   Section        0  zlac_can.o(.text.ZLAC_StateMachine)
    [Anonymous Symbol]                       0x08003700   Section        0  zlac_can.o(.text.ZLAC_Stop)
    [Anonymous Symbol]                       0x08003708   Section        0  socket.o(.text.close)
    [Anonymous Symbol]                       0x0800377c   Section        0  w5500.o(.text.getSn_RX_RSR)
    [Anonymous Symbol]                       0x08003948   Section        0  w5500.o(.text.getSn_TX_FSR)
    [Anonymous Symbol]                       0x08003b14   Section        0  main.o(.text.main)
    recvfrom_IO_6                            0x08003e65   Thumb Code   602  socket.o(.text.recvfrom_IO_6)
    [Anonymous Symbol]                       0x08003e64   Section        0  socket.o(.text.recvfrom_IO_6)
    [Anonymous Symbol]                       0x080040c0   Section        0  socket.o(.text.recvfrom_W5x00)
    [Anonymous Symbol]                       0x080040cc   Section        0  wizchip_conf.o(.text.reg_wizchip_cs_cbfunc)
    [Anonymous Symbol]                       0x08004104   Section        0  wizchip_conf.o(.text.reg_wizchip_spi_cbfunc)
    [Anonymous Symbol]                       0x08004148   Section        0  wizchip_conf.o(.text.reg_wizchip_spiburst_cbfunc)
    sendto_IO_6                              0x0800418d   Thumb Code   522  socket.o(.text.sendto_IO_6)
    [Anonymous Symbol]                       0x0800418c   Section        0  socket.o(.text.sendto_IO_6)
    [Anonymous Symbol]                       0x08004398   Section        0  socket.o(.text.sendto_W5x00)
    [Anonymous Symbol]                       0x080043b0   Section        0  socket.o(.text.socket)
    [Anonymous Symbol]                       0x08004568   Section        0  w5500.o(.text.wiz_recv_data)
    [Anonymous Symbol]                       0x08004750   Section        0  w5500.o(.text.wiz_recv_ignore)
    [Anonymous Symbol]                       0x080048c4   Section        0  w5500.o(.text.wiz_send_data)
    [Anonymous Symbol]                       0x08004aa8   Section        0  wizchip_conf.o(.text.wizchip_bus_readdata)
    [Anonymous Symbol]                       0x08004aac   Section        0  wizchip_conf.o(.text.wizchip_bus_writedata)
    [Anonymous Symbol]                       0x08004ab0   Section        0  wizchip_conf.o(.text.wizchip_cris_enter)
    [Anonymous Symbol]                       0x08004ab4   Section        0  wizchip_conf.o(.text.wizchip_cris_exit)
    [Anonymous Symbol]                       0x08004ab8   Section        0  wizchip_conf.o(.text.wizchip_cs_deselect)
    [Anonymous Symbol]                       0x08004abc   Section        0  wizchip_conf.o(.text.wizchip_cs_select)
    [Anonymous Symbol]                       0x08004ac0   Section        0  wizchip_conf.o(.text.wizchip_setnetinfo)
    [Anonymous Symbol]                       0x08004b10   Section        0  wizchip_conf.o(.text.wizchip_spi_readburst)
    [Anonymous Symbol]                       0x08004b40   Section        0  wizchip_conf.o(.text.wizchip_spi_readbyte)
    [Anonymous Symbol]                       0x08004b44   Section        0  wizchip_conf.o(.text.wizchip_spi_writeburst)
    [Anonymous Symbol]                       0x08004b74   Section        0  wizchip_conf.o(.text.wizchip_spi_writebyte)
    i.roundf                                 0x08004b76   Section        0  roundf.o(i.roundf)
    x$fpl$fadd                               0x08004be8   Section      196  faddsub_clz.o(x$fpl$fadd)
    _fadd1                                   0x08004bf7   Thumb Code     0  faddsub_clz.o(x$fpl$fadd)
    x$fpl$fcmp                               0x08004cac   Section       84  fcmp.o(x$fpl$fcmp)
    x$fpl$fcmpinf                            0x08004d00   Section       24  fcmpi.o(x$fpl$fcmpinf)
    _fdiv1                                   0x08004d19   Thumb Code     0  fdiv.o(x$fpl$fdiv)
    x$fpl$fdiv                               0x08004d18   Section      388  fdiv.o(x$fpl$fdiv)
    x$fpl$feqf                               0x08004e9c   Section      104  feqf.o(x$fpl$feqf)
    x$fpl$ffix                               0x08004f04   Section       54  ffix.o(x$fpl$ffix)
    x$fpl$fgeqf                              0x08004f3c   Section      104  fgeqf.o(x$fpl$fgeqf)
    x$fpl$fleqf                              0x08004fa4   Section      104  fleqf.o(x$fpl$fleqf)
    x$fpl$fmul                               0x0800500c   Section      258  fmul.o(x$fpl$fmul)
    x$fpl$fnaninf                            0x0800510e   Section      140  fnaninf.o(x$fpl$fnaninf)
    x$fpl$fretinf                            0x0800519a   Section       10  fretinf.o(x$fpl$fretinf)
    x$fpl$frnd                               0x080051a4   Section       96  frnd.o(x$fpl$frnd)
    x$fpl$fsub                               0x08005204   Section      234  faddsub_clz.o(x$fpl$fsub)
    _fsub1                                   0x08005213   Thumb Code     0  faddsub_clz.o(x$fpl$fsub)
    x$fpl$usenofp                            0x080052ee   Section        0  usenofp.o(x$fpl$usenofp)
    .L__const.main.net_info                  0x080052f0   Data          23  main.o(.rodata..L__const.main.net_info)
    HAL_RCC_GetSysClockFreq.aPredivFactorTable 0x0800531f   Data           2  stm32f1xx_hal_rcc.o(.rodata.HAL_RCC_GetSysClockFreq.aPredivFactorTable)
    [Anonymous Symbol]                       0x0800531f   Section        0  stm32f1xx_hal_rcc.o(.rodata.HAL_RCC_GetSysClockFreq.aPredivFactorTable)
    HAL_RCC_GetSysClockFreq.aPLLMULFactorTable 0x08005321   Data          16  stm32f1xx_hal_rcc.o(.rodata.cst16)
    [Anonymous Symbol]                       0x08005321   Section        0  stm32f1xx_hal_rcc.o(.rodata.cst16)
    .L_MergedGlobals                         0x20000000   Data           6  main.o(.data..L_MergedGlobals)
    [Anonymous Symbol]                       0x20000000   Section        0  main.o(.data..L_MergedGlobals)
    .L_MergedGlobals                         0x20000008   Data           8  stm32f1xx_hal.o(.data..L_MergedGlobals)
    [Anonymous Symbol]                       0x20000008   Section        0  stm32f1xx_hal.o(.data..L_MergedGlobals)
    sock_any_port                            0x20000040   Data           2  socket.o(.data.sock_any_port)
    [Anonymous Symbol]                       0x20000040   Section        0  socket.o(.data.sock_any_port)
    .bss                                     0x20000048   Section       96  libspace.o(.bss)
    .L_MergedGlobals                         0x200000a8   Data          68  zlac_can.o(.bss..L_MergedGlobals)
    [Anonymous Symbol]                       0x200000a8   Section        0  zlac_can.o(.bss..L_MergedGlobals)
    ZLAC_Odom_Update.first_time              0x200000a9   Data           1  zlac_can.o(.bss..L_MergedGlobals)
    state_entry_tick                         0x200000ac   Data           4  zlac_can.o(.bss..L_MergedGlobals)
    ZLAC_StateMachine.stall_timer            0x200000b0   Data           4  zlac_can.o(.bss..L_MergedGlobals)
    ZLAC_Odom_Update.last_pos_a              0x200000b4   Data           4  zlac_can.o(.bss..L_MergedGlobals)
    ZLAC_Odom_Update.last_pos_b              0x200000b8   Data           4  zlac_can.o(.bss..L_MergedGlobals)
    .L_MergedGlobals                         0x200000ec   Data          28  socket.o(.bss..L_MergedGlobals)
    sock_io_mode                             0x200000ec   Data           2  socket.o(.bss..L_MergedGlobals)
    [Anonymous Symbol]                       0x200000ec   Section        0  socket.o(.bss..L_MergedGlobals)
    sock_is_sending                          0x200000ee   Data           2  socket.o(.bss..L_MergedGlobals)
    sock_remained_size                       0x200000f8   Data          16  socket.o(.bss..L_MergedGlobals)
    .L_MergedGlobals                         0x20000108   Data           5  wizchip_conf.o(.bss..L_MergedGlobals)
    _DNS_.0                                  0x20000108   Data           1  wizchip_conf.o(.bss..L_MergedGlobals)
    [Anonymous Symbol]                       0x20000108   Section        0  wizchip_conf.o(.bss..L_MergedGlobals)
    _DNS_.1                                  0x20000109   Data           1  wizchip_conf.o(.bss..L_MergedGlobals)
    _DNS_.2                                  0x2000010a   Data           1  wizchip_conf.o(.bss..L_MergedGlobals)
    _DNS_.3                                  0x2000010b   Data           1  wizchip_conf.o(.bss..L_MergedGlobals)
    _DHCP_                                   0x2000010c   Data           1  wizchip_conf.o(.bss..L_MergedGlobals)
    .L_MergedGlobals.1                       0x20000110   Data          16  main.o(.bss..L_MergedGlobals.1)
    [Anonymous Symbol]                       0x20000110   Section        0  main.o(.bss..L_MergedGlobals.1)
    main.last_vbus_poll_time                 0x2000011c   Data           4  main.o(.bss..L_MergedGlobals.1)
    Heap_Mem                                 0x20000280   Data         512  startup_stm32f103xb.o(HEAP)
    HEAP                                     0x20000280   Section      512  startup_stm32f103xb.o(HEAP)
    Stack_Mem                                0x20000480   Data        1024  startup_stm32f103xb.o(STACK)
    STACK                                    0x20000480   Section     1024  startup_stm32f103xb.o(STACK)
    __initial_sp                             0x20000880   Data           0  startup_stm32f103xb.o(STACK)

    Global Symbols

    Symbol Name                              Value     Ov Type        Size  Object(Section)

    BuildAttributes$$THM_ISAv4$P$D$K$B$S$PE$A:L22UL41UL21$X:L11$S22US41US21$IEEE1$IW$~IW$USESV6$~STKCKD$USESV7$~SHL$OTIME$ROPI$IEEEX$EBA8$UX$STANDARDLIB$REQ8$PRES8$EABIv2 0x00000000   Number         0  anon$$obj.o ABSOLUTE
    __fp_init_empty                          0x00000000   Number         0  fpinit_empty.o ABSOLUTE
    __ARM_exceptions_init                     - Undefined Weak Reference
    __alloca_initialize                       - Undefined Weak Reference
    __arm_preinit_                            - Undefined Weak Reference
    __arm_relocate_pie_                       - Undefined Weak Reference
    __cpp_initialize__aeabi_                  - Undefined Weak Reference
    __cxa_finalize                            - Undefined Weak Reference
    __rt_locale                               - Undefined Weak Reference
    __sigvec_lookup                           - Undefined Weak Reference
    _atexit_init                              - Undefined Weak Reference
    _call_atexit_fns                          - Undefined Weak Reference
    _clock_init                               - Undefined Weak Reference
    _fp_trap_init                             - Undefined Weak Reference
    _fp_trap_shutdown                         - Undefined Weak Reference
    _get_lc_collate                           - Undefined Weak Reference
    _get_lc_ctype                             - Undefined Weak Reference
    _get_lc_monetary                          - Undefined Weak Reference
    _get_lc_numeric                           - Undefined Weak Reference
    _get_lc_time                              - Undefined Weak Reference
    _getenv_init                              - Undefined Weak Reference
    _handle_redirection                       - Undefined Weak Reference
    _init_alloc                               - Undefined Weak Reference
    _init_user_alloc                          - Undefined Weak Reference
    _initio                                   - Undefined Weak Reference
    _rand_init                                - Undefined Weak Reference
    _signal_finish                            - Undefined Weak Reference
    _signal_init                              - Undefined Weak Reference
    _terminate_alloc                          - Undefined Weak Reference
    _terminate_user_alloc                     - Undefined Weak Reference
    _terminateio                              - Undefined Weak Reference
    __Vectors_Size                           0x000000ec   Number         0  startup_stm32f103xb.o ABSOLUTE
    __Vectors                                0x08000000   Data           4  startup_stm32f103xb.o(RESET)
    __Vectors_End                            0x080000ec   Data           0  startup_stm32f103xb.o(RESET)
    __main                                   0x080000ed   Thumb Code     8  __main.o(!!!main)
    __scatterload                            0x080000f5   Thumb Code     0  __scatter.o(!!!scatter)
    __scatterload_rt2                        0x080000f5   Thumb Code    84  __scatter.o(!!!scatter)
    __scatterload_rt2_thumb_only             0x080000f5   Thumb Code     0  __scatter.o(!!!scatter)
    __scatterload_loop                       0x080000ff   Thumb Code     0  __scatter.o(!!!scatter)
    __scatterload_copy                       0x08000151   Thumb Code    26  __scatter_copy.o(!!handler_copy)
    __scatterload_null                       0x0800016d   Thumb Code     2  __scatter.o(!!handler_null)
    __scatterload_zeroinit                   0x08000171   Thumb Code    28  __scatter_zi.o(!!handler_zi)
    __rt_lib_init                            0x0800018d   Thumb Code     0  libinit.o(.ARM.Collect$$libinit$$00000000)
    __rt_lib_init_alloca_1                   0x0800018f   Thumb Code     0  libinit2.o(.ARM.Collect$$libinit$$00000030)
    __rt_lib_init_argv_1                     0x0800018f   Thumb Code     0  libinit2.o(.ARM.Collect$$libinit$$0000002E)
    __rt_lib_init_atexit_1                   0x0800018f   Thumb Code     0  libinit2.o(.ARM.Collect$$libinit$$0000001D)
    __rt_lib_init_clock_1                    0x0800018f   Thumb Code     0  libinit2.o(.ARM.Collect$$libinit$$00000023)
    __rt_lib_init_cpp_1                      0x0800018f   Thumb Code     0  libinit2.o(.ARM.Collect$$libinit$$00000034)
    __rt_lib_init_exceptions_1               0x0800018f   Thumb Code     0  libinit2.o(.ARM.Collect$$libinit$$00000032)
    __rt_lib_init_fp_1                       0x0800018f   Thumb Code     0  libinit2.o(.ARM.Collect$$libinit$$00000002)
    __rt_lib_init_fp_trap_1                  0x0800018f   Thumb Code     0  libinit2.o(.ARM.Collect$$libinit$$00000021)
    __rt_lib_init_getenv_1                   0x0800018f   Thumb Code     0  libinit2.o(.ARM.Collect$$libinit$$00000025)
    __rt_lib_init_heap_1                     0x0800018f   Thumb Code     0  libinit2.o(.ARM.Collect$$libinit$$0000000C)
    __rt_lib_init_lc_collate_1               0x0800018f   Thumb Code     0  libinit2.o(.ARM.Collect$$libinit$$00000013)
    __rt_lib_init_lc_ctype_1                 0x0800018f   Thumb Code     0  libinit2.o(.ARM.Collect$$libinit$$00000015)
    __rt_lib_init_lc_monetary_1              0x0800018f   Thumb Code     0  libinit2.o(.ARM.Collect$$libinit$$00000017)
    __rt_lib_init_lc_numeric_1               0x0800018f   Thumb Code     0  libinit2.o(.ARM.Collect$$libinit$$00000019)
    __rt_lib_init_lc_time_1                  0x0800018f   Thumb Code     0  libinit2.o(.ARM.Collect$$libinit$$0000001B)
    __rt_lib_init_preinit_1                  0x0800018f   Thumb Code     0  libinit2.o(.ARM.Collect$$libinit$$00000006)
    __rt_lib_init_rand_1                     0x0800018f   Thumb Code     0  libinit2.o(.ARM.Collect$$libinit$$00000010)
    __rt_lib_init_relocate_pie_1             0x0800018f   Thumb Code     0  libinit2.o(.ARM.Collect$$libinit$$00000004)
    __rt_lib_init_return                     0x0800018f   Thumb Code     0  libinit2.o(.ARM.Collect$$libinit$$00000035)
    __rt_lib_init_signal_1                   0x0800018f   Thumb Code     0  libinit2.o(.ARM.Collect$$libinit$$0000001F)
    __rt_lib_init_stdio_1                    0x0800018f   Thumb Code     0  libinit2.o(.ARM.Collect$$libinit$$00000027)
    __rt_lib_init_user_alloc_1               0x0800018f   Thumb Code     0  libinit2.o(.ARM.Collect$$libinit$$0000000E)
    __rt_lib_shutdown                        0x08000191   Thumb Code     0  libshutdown.o(.ARM.Collect$$libshutdown$$00000000)
    __rt_lib_shutdown_cpp_1                  0x08000193   Thumb Code     0  libshutdown2.o(.ARM.Collect$$libshutdown$$00000002)
    __rt_lib_shutdown_fp_trap_1              0x08000193   Thumb Code     0  libshutdown2.o(.ARM.Collect$$libshutdown$$00000007)
    __rt_lib_shutdown_heap_1                 0x08000193   Thumb Code     0  libshutdown2.o(.ARM.Collect$$libshutdown$$0000000F)
    __rt_lib_shutdown_return                 0x08000193   Thumb Code     0  libshutdown2.o(.ARM.Collect$$libshutdown$$00000010)
    __rt_lib_shutdown_signal_1               0x08000193   Thumb Code     0  libshutdown2.o(.ARM.Collect$$libshutdown$$0000000A)
    __rt_lib_shutdown_stdio_1                0x08000193   Thumb Code     0  libshutdown2.o(.ARM.Collect$$libshutdown$$00000004)
    __rt_lib_shutdown_user_alloc_1           0x08000193   Thumb Code     0  libshutdown2.o(.ARM.Collect$$libshutdown$$0000000C)
    __rt_entry                               0x08000195   Thumb Code     0  __rtentry.o(.ARM.Collect$$rtentry$$00000000)
    __rt_entry_presh_1                       0x08000195   Thumb Code     0  __rtentry2.o(.ARM.Collect$$rtentry$$00000002)
    __rt_entry_sh                            0x08000195   Thumb Code     0  __rtentry4.o(.ARM.Collect$$rtentry$$00000004)
    __rt_entry_li                            0x0800019b   Thumb Code     0  __rtentry2.o(.ARM.Collect$$rtentry$$0000000A)
    __rt_entry_postsh_1                      0x0800019b   Thumb Code     0  __rtentry2.o(.ARM.Collect$$rtentry$$00000009)
    __rt_entry_main                          0x0800019f   Thumb Code     0  __rtentry2.o(.ARM.Collect$$rtentry$$0000000D)
    __rt_entry_postli_1                      0x0800019f   Thumb Code     0  __rtentry2.o(.ARM.Collect$$rtentry$$0000000C)
    __rt_exit                                0x080001a7   Thumb Code     0  rtexit.o(.ARM.Collect$$rtexit$$00000000)
    __rt_exit_ls                             0x080001a9   Thumb Code     0  rtexit2.o(.ARM.Collect$$rtexit$$00000003)
    __rt_exit_prels_1                        0x080001a9   Thumb Code     0  rtexit2.o(.ARM.Collect$$rtexit$$00000002)
    __rt_exit_exit                           0x080001ad   Thumb Code     0  rtexit2.o(.ARM.Collect$$rtexit$$00000004)
    Reset_Handler                            0x080001b5   Thumb Code     8  startup_stm32f103xb.o(.text)
    ADC1_2_IRQHandler                        0x080001cf   Thumb Code     0  startup_stm32f103xb.o(.text)
    CAN1_RX1_IRQHandler                      0x080001cf   Thumb Code     0  startup_stm32f103xb.o(.text)
    CAN1_SCE_IRQHandler                      0x080001cf   Thumb Code     0  startup_stm32f103xb.o(.text)
    DMA1_Channel1_IRQHandler                 0x080001cf   Thumb Code     0  startup_stm32f103xb.o(.text)
    DMA1_Channel4_IRQHandler                 0x080001cf   Thumb Code     0  startup_stm32f103xb.o(.text)
    DMA1_Channel5_IRQHandler                 0x080001cf   Thumb Code     0  startup_stm32f103xb.o(.text)
    DMA1_Channel6_IRQHandler                 0x080001cf   Thumb Code     0  startup_stm32f103xb.o(.text)
    DMA1_Channel7_IRQHandler                 0x080001cf   Thumb Code     0  startup_stm32f103xb.o(.text)
    EXTI0_IRQHandler                         0x080001cf   Thumb Code     0  startup_stm32f103xb.o(.text)
    EXTI15_10_IRQHandler                     0x080001cf   Thumb Code     0  startup_stm32f103xb.o(.text)
    EXTI1_IRQHandler                         0x080001cf   Thumb Code     0  startup_stm32f103xb.o(.text)
    EXTI2_IRQHandler                         0x080001cf   Thumb Code     0  startup_stm32f103xb.o(.text)
    EXTI3_IRQHandler                         0x080001cf   Thumb Code     0  startup_stm32f103xb.o(.text)
    EXTI4_IRQHandler                         0x080001cf   Thumb Code     0  startup_stm32f103xb.o(.text)
    EXTI9_5_IRQHandler                       0x080001cf   Thumb Code     0  startup_stm32f103xb.o(.text)
    FLASH_IRQHandler                         0x080001cf   Thumb Code     0  startup_stm32f103xb.o(.text)
    I2C1_ER_IRQHandler                       0x080001cf   Thumb Code     0  startup_stm32f103xb.o(.text)
    I2C1_EV_IRQHandler                       0x080001cf   Thumb Code     0  startup_stm32f103xb.o(.text)
    I2C2_ER_IRQHandler                       0x080001cf   Thumb Code     0  startup_stm32f103xb.o(.text)
    I2C2_EV_IRQHandler                       0x080001cf   Thumb Code     0  startup_stm32f103xb.o(.text)
    PVD_IRQHandler                           0x080001cf   Thumb Code     0  startup_stm32f103xb.o(.text)
    RCC_IRQHandler                           0x080001cf   Thumb Code     0  startup_stm32f103xb.o(.text)
    RTC_Alarm_IRQHandler                     0x080001cf   Thumb Code     0  startup_stm32f103xb.o(.text)
    RTC_IRQHandler                           0x080001cf   Thumb Code     0  startup_stm32f103xb.o(.text)
    SPI1_IRQHandler                          0x080001cf   Thumb Code     0  startup_stm32f103xb.o(.text)
    SPI2_IRQHandler                          0x080001cf   Thumb Code     0  startup_stm32f103xb.o(.text)
    TAMPER_IRQHandler                        0x080001cf   Thumb Code     0  startup_stm32f103xb.o(.text)
    TIM1_BRK_IRQHandler                      0x080001cf   Thumb Code     0  startup_stm32f103xb.o(.text)
    TIM1_CC_IRQHandler                       0x080001cf   Thumb Code     0  startup_stm32f103xb.o(.text)
    TIM1_TRG_COM_IRQHandler                  0x080001cf   Thumb Code     0  startup_stm32f103xb.o(.text)
    TIM1_UP_IRQHandler                       0x080001cf   Thumb Code     0  startup_stm32f103xb.o(.text)
    TIM2_IRQHandler                          0x080001cf   Thumb Code     0  startup_stm32f103xb.o(.text)
    TIM3_IRQHandler                          0x080001cf   Thumb Code     0  startup_stm32f103xb.o(.text)
    TIM4_IRQHandler                          0x080001cf   Thumb Code     0  startup_stm32f103xb.o(.text)
    USART1_IRQHandler                        0x080001cf   Thumb Code     0  startup_stm32f103xb.o(.text)
    USART2_IRQHandler                        0x080001cf   Thumb Code     0  startup_stm32f103xb.o(.text)
    USART3_IRQHandler                        0x080001cf   Thumb Code     0  startup_stm32f103xb.o(.text)
    USBWakeUp_IRQHandler                     0x080001cf   Thumb Code     0  startup_stm32f103xb.o(.text)
    USB_HP_CAN1_TX_IRQHandler                0x080001cf   Thumb Code     0  startup_stm32f103xb.o(.text)
    WWDG_IRQHandler                          0x080001cf   Thumb Code     0  startup_stm32f103xb.o(.text)
    __user_initial_stackheap                 0x080001d1   Thumb Code     0  startup_stm32f103xb.o(.text)
    __use_two_region_memory                  0x080001f5   Thumb Code     2  heapauxi.o(.text)
    __rt_heap_escrow$2region                 0x080001f7   Thumb Code     2  heapauxi.o(.text)
    __rt_heap_expand$2region                 0x080001f9   Thumb Code     2  heapauxi.o(.text)
    __user_libspace                          0x080001fd   Thumb Code     8  libspace.o(.text)
    __user_perproc_libspace                  0x080001fd   Thumb Code     0  libspace.o(.text)
    __user_perthread_libspace                0x080001fd   Thumb Code     0  libspace.o(.text)
    __user_setup_stackheap                   0x08000205   Thumb Code    74  sys_stackheap_outer.o(.text)
    exit                                     0x0800024f   Thumb Code    18  exit.o(.text)
    _sys_exit                                0x08000261   Thumb Code     8  sys_exit.o(.text)
    __I$use$semihosting                      0x0800026d   Thumb Code     0  use_no_semi.o(.text)
    __use_no_semihosting_swi                 0x0800026d   Thumb Code     2  use_no_semi.o(.text)
    __semihosting_library_function           0x0800026f   Thumb Code     0  indicate_semi.o(.text)
    BusFault_Handler                         0x08000271   Thumb Code     2  stm32f1xx_it.o(.text.BusFault_Handler)
    DMA1_Channel2_IRQHandler                 0x08000275   Thumb Code    12  stm32f1xx_it.o(.text.DMA1_Channel2_IRQHandler)
    DMA1_Channel3_IRQHandler                 0x08000281   Thumb Code    12  stm32f1xx_it.o(.text.DMA1_Channel3_IRQHandler)
    DebugMon_Handler                         0x0800028d   Thumb Code     2  stm32f1xx_it.o(.text.DebugMon_Handler)
    Error_Handler                            0x08000291   Thumb Code    10  main.o(.text.Error_Handler)
    HAL_CAN_ActivateNotification             0x0800029d   Thumb Code    46  stm32f1xx_hal_can.o(.text.HAL_CAN_ActivateNotification)
    HAL_CAN_AddTxMessage                     0x080002cd   Thumb Code   164  stm32f1xx_hal_can.o(.text.HAL_CAN_AddTxMessage)
    HAL_CAN_ConfigFilter                     0x08000371   Thumb Code   234  stm32f1xx_hal_can.o(.text.HAL_CAN_ConfigFilter)
    HAL_CAN_ErrorCallback                    0x0800045d   Thumb Code     2  stm32f1xx_hal_can.o(.text.HAL_CAN_ErrorCallback)
    HAL_CAN_GetRxMessage                     0x08000461   Thumb Code   302  stm32f1xx_hal_can.o(.text.HAL_CAN_GetRxMessage)
    HAL_CAN_GetTxMailboxesFreeLevel          0x08000591   Thumb Code    40  stm32f1xx_hal_can.o(.text.HAL_CAN_GetTxMailboxesFreeLevel)
    HAL_CAN_IRQHandler                       0x080005b9   Thumb Code   606  stm32f1xx_hal_can.o(.text.HAL_CAN_IRQHandler)
    HAL_CAN_Init                             0x08000819   Thumb Code   244  stm32f1xx_hal_can.o(.text.HAL_CAN_Init)
    HAL_CAN_MspInit                          0x0800090d   Thumb Code   142  can.o(.text.HAL_CAN_MspInit)
    HAL_CAN_RxFifo0FullCallback              0x0800099d   Thumb Code     2  stm32f1xx_hal_can.o(.text.HAL_CAN_RxFifo0FullCallback)
    HAL_CAN_RxFifo0MsgPendingCallback        0x080009a1   Thumb Code   262  zlac_can.o(.text.HAL_CAN_RxFifo0MsgPendingCallback)
    HAL_CAN_RxFifo1FullCallback              0x08000aa9   Thumb Code     2  stm32f1xx_hal_can.o(.text.HAL_CAN_RxFifo1FullCallback)
    HAL_CAN_RxFifo1MsgPendingCallback        0x08000aad   Thumb Code     2  stm32f1xx_hal_can.o(.text.HAL_CAN_RxFifo1MsgPendingCallback)
    HAL_CAN_SleepCallback                    0x08000ab1   Thumb Code     2  stm32f1xx_hal_can.o(.text.HAL_CAN_SleepCallback)
    HAL_CAN_Start                            0x08000ab5   Thumb Code    90  stm32f1xx_hal_can.o(.text.HAL_CAN_Start)
    HAL_CAN_TxMailbox0AbortCallback          0x08000b11   Thumb Code     2  stm32f1xx_hal_can.o(.text.HAL_CAN_TxMailbox0AbortCallback)
    HAL_CAN_TxMailbox0CompleteCallback       0x08000b15   Thumb Code     2  stm32f1xx_hal_can.o(.text.HAL_CAN_TxMailbox0CompleteCallback)
    HAL_CAN_TxMailbox1AbortCallback          0x08000b19   Thumb Code     2  stm32f1xx_hal_can.o(.text.HAL_CAN_TxMailbox1AbortCallback)
    HAL_CAN_TxMailbox1CompleteCallback       0x08000b1d   Thumb Code     2  stm32f1xx_hal_can.o(.text.HAL_CAN_TxMailbox1CompleteCallback)
    HAL_CAN_TxMailbox2AbortCallback          0x08000b21   Thumb Code     2  stm32f1xx_hal_can.o(.text.HAL_CAN_TxMailbox2AbortCallback)
    HAL_CAN_TxMailbox2CompleteCallback       0x08000b25   Thumb Code     2  stm32f1xx_hal_can.o(.text.HAL_CAN_TxMailbox2CompleteCallback)
    HAL_CAN_WakeUpFromRxMsgCallback          0x08000b29   Thumb Code     2  stm32f1xx_hal_can.o(.text.HAL_CAN_WakeUpFromRxMsgCallback)
    HAL_DMA_IRQHandler                       0x08000b2d   Thumb Code   416  stm32f1xx_hal_dma.o(.text.HAL_DMA_IRQHandler)
    HAL_DMA_Init                             0x08000ccd   Thumb Code   132  stm32f1xx_hal_dma.o(.text.HAL_DMA_Init)
    HAL_Delay                                0x08000d51   Thumb Code    40  stm32f1xx_hal.o(.text.HAL_Delay)
    HAL_GPIO_Init                            0x08000d79   Thumb Code   526  stm32f1xx_hal_gpio.o(.text.HAL_GPIO_Init)
    HAL_GPIO_WritePin                        0x08000f89   Thumb Code    10  stm32f1xx_hal_gpio.o(.text.HAL_GPIO_WritePin)
    HAL_GetTick                              0x08000f95   Thumb Code    12  stm32f1xx_hal.o(.text.HAL_GetTick)
    HAL_I2C_Init                             0x08000fa1   Thumb Code   356  stm32f1xx_hal_i2c.o(.text.HAL_I2C_Init)
    HAL_I2C_MspInit                          0x08001105   Thumb Code   106  i2c.o(.text.HAL_I2C_MspInit)
    HAL_IncTick                              0x08001171   Thumb Code    26  stm32f1xx_hal.o(.text.HAL_IncTick)
    HAL_Init                                 0x0800118d   Thumb Code    38  stm32f1xx_hal.o(.text.HAL_Init)
    HAL_InitTick                             0x080011b5   Thumb Code    72  stm32f1xx_hal.o(.text.HAL_InitTick)
    HAL_MspInit                              0x080011fd   Thumb Code    66  stm32f1xx_hal_msp.o(.text.HAL_MspInit)
    HAL_NVIC_EnableIRQ                       0x08001241   Thumb Code    34  stm32f1xx_hal_cortex.o(.text.HAL_NVIC_EnableIRQ)
    HAL_NVIC_SetPriority                     0x08001265   Thumb Code    86  stm32f1xx_hal_cortex.o(.text.HAL_NVIC_SetPriority)
    HAL_NVIC_SetPriorityGrouping             0x080012bd   Thumb Code    32  stm32f1xx_hal_cortex.o(.text.HAL_NVIC_SetPriorityGrouping)
    HAL_RCC_ClockConfig                      0x080012dd   Thumb Code   442  stm32f1xx_hal_rcc.o(.text.HAL_RCC_ClockConfig)
    HAL_RCC_GetPCLK1Freq                     0x08001499   Thumb Code    38  stm32f1xx_hal_rcc.o(.text.HAL_RCC_GetPCLK1Freq)
    HAL_RCC_OscConfig                        0x080014c1   Thumb Code  1024  stm32f1xx_hal_rcc.o(.text.HAL_RCC_OscConfig)
    HAL_SPI_Init                             0x080018c1   Thumb Code   168  stm32f1xx_hal_spi.o(.text.HAL_SPI_Init)
    HAL_SPI_MspInit                          0x08001969   Thumb Code   230  spi.o(.text.HAL_SPI_MspInit)
    HAL_SPI_Receive                          0x08001a51   Thumb Code   512  stm32f1xx_hal_spi.o(.text.HAL_SPI_Receive)
    HAL_SPI_Transmit                         0x08001c51   Thumb Code   506  stm32f1xx_hal_spi.o(.text.HAL_SPI_Transmit)
    HAL_SPI_TransmitReceive                  0x08001e4d   Thumb Code   722  stm32f1xx_hal_spi.o(.text.HAL_SPI_TransmitReceive)
    HAL_SYSTICK_Config                       0x08002121   Thumb Code    44  stm32f1xx_hal_cortex.o(.text.HAL_SYSTICK_Config)
    HardFault_Handler                        0x0800214d   Thumb Code     2  stm32f1xx_it.o(.text.HardFault_Handler)
    MX_CAN_Init                              0x08002151   Thumb Code    64  can.o(.text.MX_CAN_Init)
    MX_DMA_Init                              0x08002191   Thumb Code    68  dma.o(.text.MX_DMA_Init)
    MX_GPIO_Init                             0x080021d5   Thumb Code   144  gpio.o(.text.MX_GPIO_Init)
    MX_I2C1_Init                             0x08002265   Thumb Code    66  i2c.o(.text.MX_I2C1_Init)
    MX_SPI1_Init                             0x080022a9   Thumb Code    76  spi.o(.text.MX_SPI1_Init)
    MemManage_Handler                        0x080022f5   Thumb Code     2  stm32f1xx_it.o(.text.MemManage_Handler)
    NMI_Handler                              0x080022f9   Thumb Code     2  stm32f1xx_it.o(.text.NMI_Handler)
    PendSV_Handler                           0x080022fd   Thumb Code     2  stm32f1xx_it.o(.text.PendSV_Handler)
    SDO_Read_Request                         0x08002301   Thumb Code   106  zlac_can.o(.text.SDO_Read_Request)
    SVC_Handler                              0x0800248d   Thumb Code     2  stm32f1xx_it.o(.text.SVC_Handler)
    SysTick_Handler                          0x08002491   Thumb Code     4  stm32f1xx_it.o(.text.SysTick_Handler)
    SystemInit                               0x08002495   Thumb Code     2  system_stm32f1xx.o(.text.SystemInit)
    USB_LP_CAN1_RX0_IRQHandler               0x08002499   Thumb Code    12  stm32f1xx_it.o(.text.USB_LP_CAN1_RX0_IRQHandler)
    UsageFault_Handler                       0x080024a5   Thumb Code     2  stm32f1xx_it.o(.text.UsageFault_Handler)
    W5500_Deselect                           0x080024a9   Thumb Code    16  main.o(.text.W5500_Deselect)
    W5500_ReadBurst                          0x080024b9   Thumb Code    18  main.o(.text.W5500_ReadBurst)
    W5500_ReadByte                           0x080024cd   Thumb Code    54  main.o(.text.W5500_ReadByte)
    W5500_Select                             0x08002505   Thumb Code    16  main.o(.text.W5500_Select)
    W5500_WriteBurst                         0x08002515   Thumb Code    18  main.o(.text.W5500_WriteBurst)
    W5500_WriteByte                          0x08002529   Thumb Code    42  main.o(.text.W5500_WriteByte)
    WIZCHIP_READ                             0x08002555   Thumb Code    98  w5500.o(.text.WIZCHIP_READ)
    WIZCHIP_READ_BUF                         0x080025b9   Thumb Code   120  w5500.o(.text.WIZCHIP_READ_BUF)
    WIZCHIP_WRITE                            0x08002631   Thumb Code   100  w5500.o(.text.WIZCHIP_WRITE)
    WIZCHIP_WRITE_BUF                        0x08002695   Thumb Code   126  w5500.o(.text.WIZCHIP_WRITE_BUF)
    ZLAC_CAN_Init                            0x08002715   Thumb Code   100  zlac_can.o(.text.ZLAC_CAN_Init)
    ZLAC_IsReady                             0x08002779   Thumb Code    20  zlac_can.o(.text.ZLAC_IsReady)
    ZLAC_Odom_Reset                          0x0800278d   Thumb Code    22  zlac_can.o(.text.ZLAC_Odom_Reset)
    ZLAC_SetSpeed_mps                        0x080027a5   Thumb Code   242  zlac_can.o(.text.ZLAC_SetSpeed_mps)
    ZLAC_SetSpeed_raw                        0x08002899   Thumb Code   238  zlac_can.o(.text.ZLAC_SetSpeed_raw)
    ZLAC_StateMachine                        0x08002989   Thumb Code  3448  zlac_can.o(.text.ZLAC_StateMachine)
    ZLAC_Stop                                0x08003701   Thumb Code     8  zlac_can.o(.text.ZLAC_Stop)
    close                                    0x08003709   Thumb Code   116  socket.o(.text.close)
    getSn_RX_RSR                             0x0800377d   Thumb Code   458  w5500.o(.text.getSn_RX_RSR)
    getSn_TX_FSR                             0x08003949   Thumb Code   458  w5500.o(.text.getSn_TX_FSR)
    main                                     0x08003b15   Thumb Code   846  main.o(.text.main)
    recvfrom_W5x00                           0x080040c1   Thumb Code    12  socket.o(.text.recvfrom_W5x00)
    reg_wizchip_cs_cbfunc                    0x080040cd   Thumb Code    56  wizchip_conf.o(.text.reg_wizchip_cs_cbfunc)
    reg_wizchip_spi_cbfunc                   0x08004105   Thumb Code    68  wizchip_conf.o(.text.reg_wizchip_spi_cbfunc)
    reg_wizchip_spiburst_cbfunc              0x08004149   Thumb Code    68  wizchip_conf.o(.text.reg_wizchip_spiburst_cbfunc)
    sendto_W5x00                             0x08004399   Thumb Code    24  socket.o(.text.sendto_W5x00)
    socket                                   0x080043b1   Thumb Code   438  socket.o(.text.socket)
    wiz_recv_data                            0x08004569   Thumb Code   486  w5500.o(.text.wiz_recv_data)
    wiz_recv_ignore                          0x08004751   Thumb Code   372  w5500.o(.text.wiz_recv_ignore)
    wiz_send_data                            0x080048c5   Thumb Code   482  w5500.o(.text.wiz_send_data)
    wizchip_bus_readdata                     0x08004aa9   Thumb Code     4  wizchip_conf.o(.text.wizchip_bus_readdata)
    wizchip_bus_writedata                    0x08004aad   Thumb Code     4  wizchip_conf.o(.text.wizchip_bus_writedata)
    wizchip_cris_enter                       0x08004ab1   Thumb Code     2  wizchip_conf.o(.text.wizchip_cris_enter)
    wizchip_cris_exit                        0x08004ab5   Thumb Code     2  wizchip_conf.o(.text.wizchip_cris_exit)
    wizchip_cs_deselect                      0x08004ab9   Thumb Code     2  wizchip_conf.o(.text.wizchip_cs_deselect)
    wizchip_cs_select                        0x08004abd   Thumb Code     2  wizchip_conf.o(.text.wizchip_cs_select)
    wizchip_setnetinfo                       0x08004ac1   Thumb Code    78  wizchip_conf.o(.text.wizchip_setnetinfo)
    wizchip_spi_readburst                    0x08004b11   Thumb Code    46  wizchip_conf.o(.text.wizchip_spi_readburst)
    wizchip_spi_readbyte                     0x08004b41   Thumb Code     4  wizchip_conf.o(.text.wizchip_spi_readbyte)
    wizchip_spi_writeburst                   0x08004b45   Thumb Code    46  wizchip_conf.o(.text.wizchip_spi_writeburst)
    wizchip_spi_writebyte                    0x08004b75   Thumb Code     2  wizchip_conf.o(.text.wizchip_spi_writebyte)
    roundf                                   0x08004b77   Thumb Code   114  roundf.o(i.roundf)
    __aeabi_fadd                             0x08004be9   Thumb Code     0  faddsub_clz.o(x$fpl$fadd)
    _fadd                                    0x08004be9   Thumb Code   196  faddsub_clz.o(x$fpl$fadd)
    __aeabi_fcmpeq                           0x08004cad   Thumb Code     0  fcmp.o(x$fpl$fcmp)
    _feq                                     0x08004cad   Thumb Code    14  fcmp.o(x$fpl$fcmp)
    _fneq                                    0x08004cbb   Thumb Code    14  fcmp.o(x$fpl$fcmp)
    __aeabi_fcmpgt                           0x08004cc9   Thumb Code     0  fcmp.o(x$fpl$fcmp)
    _fgr                                     0x08004cc9   Thumb Code    14  fcmp.o(x$fpl$fcmp)
    __aeabi_fcmpge                           0x08004cd7   Thumb Code     0  fcmp.o(x$fpl$fcmp)
    _fgeq                                    0x08004cd7   Thumb Code    14  fcmp.o(x$fpl$fcmp)
    __aeabi_fcmple                           0x08004ce5   Thumb Code     0  fcmp.o(x$fpl$fcmp)
    _fleq                                    0x08004ce5   Thumb Code    14  fcmp.o(x$fpl$fcmp)
    __aeabi_fcmplt                           0x08004cf3   Thumb Code     0  fcmp.o(x$fpl$fcmp)
    _fls                                     0x08004cf3   Thumb Code    14  fcmp.o(x$fpl$fcmp)
    __fpl_fcmp_Inf                           0x08004d01   Thumb Code    24  fcmpi.o(x$fpl$fcmpinf)
    __aeabi_fdiv                             0x08004d19   Thumb Code     0  fdiv.o(x$fpl$fdiv)
    _fdiv                                    0x08004d19   Thumb Code   384  fdiv.o(x$fpl$fdiv)
    __aeabi_cfcmpeq                          0x08004e9d   Thumb Code     0  feqf.o(x$fpl$feqf)
    _fcmpeq                                  0x08004e9d   Thumb Code   104  feqf.o(x$fpl$feqf)
    __aeabi_f2iz                             0x08004f05   Thumb Code     0  ffix.o(x$fpl$ffix)
    _ffix                                    0x08004f05   Thumb Code    54  ffix.o(x$fpl$ffix)
    _fcmpge                                  0x08004f3d   Thumb Code   104  fgeqf.o(x$fpl$fgeqf)
    __aeabi_cfcmple                          0x08004fa5   Thumb Code     0  fleqf.o(x$fpl$fleqf)
    _fcmple                                  0x08004fa5   Thumb Code   104  fleqf.o(x$fpl$fleqf)
    __fpl_fcmple_InfNaN                      0x08004ff7   Thumb Code     0  fleqf.o(x$fpl$fleqf)
    __aeabi_fmul                             0x0800500d   Thumb Code     0  fmul.o(x$fpl$fmul)
    _fmul                                    0x0800500d   Thumb Code   258  fmul.o(x$fpl$fmul)
    __fpl_fnaninf                            0x0800510f   Thumb Code   140  fnaninf.o(x$fpl$fnaninf)
    __fpl_fretinf                            0x0800519b   Thumb Code    10  fretinf.o(x$fpl$fretinf)
    _frnd                                    0x080051a5   Thumb Code    96  frnd.o(x$fpl$frnd)
    __aeabi_fsub                             0x08005205   Thumb Code     0  faddsub_clz.o(x$fpl$fsub)
    _fsub                                    0x08005205   Thumb Code   234  faddsub_clz.o(x$fpl$fsub)
    __I$use$fp                               0x080052ee   Number         0  usenofp.o(x$fpl$usenofp)
    AHBPrescTable                            0x08005307   Data          16  system_stm32f1xx.o(.rodata.AHBPrescTable)
    APBPrescTable                            0x08005317   Data           8  system_stm32f1xx.o(.rodata.APBPrescTable)
    Region$$Table$$Base                      0x08005334   Number         0  anon$$obj.o(Region$$Table)
    Region$$Table$$Limit                     0x08005354   Number         0  anon$$obj.o(Region$$Table)
    remote_port                              0x20000000   Data           2  main.o(.data..L_MergedGlobals)
    remote_ip                                0x20000002   Data           4  main.o(.data..L_MergedGlobals)
    uwTickFreq                               0x20000008   Data           1  stm32f1xx_hal.o(.data..L_MergedGlobals)
    uwTickPrio                               0x2000000c   Data           4  stm32f1xx_hal.o(.data..L_MergedGlobals)
    SystemCoreClock                          0x20000010   Data           4  system_stm32f1xx.o(.data.SystemCoreClock)
    WIZCHIP                                  0x20000014   Data          44  wizchip_conf.o(.data.WIZCHIP)
    __libspace_start                         0x20000048   Data          96  libspace.o(.bss)
    __temporary_stack_top$libspace           0x200000a8   Data           0  libspace.o(.bss)
    zlac_state                               0x200000a8   Data           1  zlac_can.o(.bss..L_MergedGlobals)
    zlac_odom                                0x200000bc   Data          20  zlac_can.o(.bss..L_MergedGlobals)
    zlac_fb                                  0x200000d0   Data          28  zlac_can.o(.bss..L_MergedGlobals)
    sock_pack_info                           0x200000f0   Data           8  socket.o(.bss..L_MergedGlobals)
    w5500_version                            0x20000110   Data           1  main.o(.bss..L_MergedGlobals.1)
    last_udp_rx_time                         0x20000114   Data           4  main.o(.bss..L_MergedGlobals.1)
    last_feedback_time                       0x20000118   Data           4  main.o(.bss..L_MergedGlobals.1)
    hcan                                     0x20000120   Data          40  can.o(.bss.hcan)
    hdma_spi1_rx                             0x20000148   Data          68  spi.o(.bss.hdma_spi1_rx)
    hdma_spi1_tx                             0x2000018c   Data          68  spi.o(.bss.hdma_spi1_tx)
    hi2c1                                    0x200001d0   Data          84  i2c.o(.bss.hi2c1)
    hspi1                                    0x20000224   Data          88  spi.o(.bss.hspi1)
    uwTick                                   0x2000027c   Data           4  stm32f1xx_hal.o(.bss.uwTick)



==============================================================================

Memory Map of the image

  Image Entry point : 0x080000ed

  Load Region LR_IROM1 (Base: 0x08000000, Size: 0x000053a0, Max: 0x00010000, ABSOLUTE)

    Execution Region ER_IROM1 (Exec base: 0x08000000, Load base: 0x08000000, Size: 0x00005354, Max: 0x00010000, ABSOLUTE)

    Exec Addr    Load Addr    Size         Type   Attr      Idx    E Section Name        Object

    0x08000000   0x08000000   0x000000ec   Data   RO            3    RESET               startup_stm32f103xb.o
    0x080000ec   0x080000ec   0x00000008   Code   RO         1060  * !!!main             c_w.l(__main.o)
    0x080000f4   0x080000f4   0x0000005c   Code   RO         1308    !!!scatter          c_w.l(__scatter.o)
    0x08000150   0x08000150   0x0000001a   Code   RO         1312    !!handler_copy      c_w.l(__scatter_copy.o)
    0x0800016a   0x0800016a   0x00000002   PAD
    0x0800016c   0x0800016c   0x00000002   Code   RO         1309    !!handler_null      c_w.l(__scatter.o)
    0x0800016e   0x0800016e   0x00000002   PAD
    0x08000170   0x08000170   0x0000001c   Code   RO         1314    !!handler_zi        c_w.l(__scatter_zi.o)
    0x0800018c   0x0800018c   0x00000002   Code   RO         1167    .ARM.Collect$$libinit$$00000000  c_w.l(libinit.o)
    0x0800018e   0x0800018e   0x00000000   Code   RO         1173    .ARM.Collect$$libinit$$00000002  c_w.l(libinit2.o)
    0x0800018e   0x0800018e   0x00000000   Code   RO         1175    .ARM.Collect$$libinit$$00000004  c_w.l(libinit2.o)
    0x0800018e   0x0800018e   0x00000000   Code   RO         1177    .ARM.Collect$$libinit$$00000006  c_w.l(libinit2.o)
    0x0800018e   0x0800018e   0x00000000   Code   RO         1180    .ARM.Collect$$libinit$$0000000C  c_w.l(libinit2.o)
    0x0800018e   0x0800018e   0x00000000   Code   RO         1182    .ARM.Collect$$libinit$$0000000E  c_w.l(libinit2.o)
    0x0800018e   0x0800018e   0x00000000   Code   RO         1184    .ARM.Collect$$libinit$$00000010  c_w.l(libinit2.o)
    0x0800018e   0x0800018e   0x00000000   Code   RO         1187    .ARM.Collect$$libinit$$00000013  c_w.l(libinit2.o)
    0x0800018e   0x0800018e   0x00000000   Code   RO         1189    .ARM.Collect$$libinit$$00000015  c_w.l(libinit2.o)
    0x0800018e   0x0800018e   0x00000000   Code   RO         1191    .ARM.Collect$$libinit$$00000017  c_w.l(libinit2.o)
    0x0800018e   0x0800018e   0x00000000   Code   RO         1193    .ARM.Collect$$libinit$$00000019  c_w.l(libinit2.o)
    0x0800018e   0x0800018e   0x00000000   Code   RO         1195    .ARM.Collect$$libinit$$0000001B  c_w.l(libinit2.o)
    0x0800018e   0x0800018e   0x00000000   Code   RO         1197    .ARM.Collect$$libinit$$0000001D  c_w.l(libinit2.o)
    0x0800018e   0x0800018e   0x00000000   Code   RO         1199    .ARM.Collect$$libinit$$0000001F  c_w.l(libinit2.o)
    0x0800018e   0x0800018e   0x00000000   Code   RO         1201    .ARM.Collect$$libinit$$00000021  c_w.l(libinit2.o)
    0x0800018e   0x0800018e   0x00000000   Code   RO         1203    .ARM.Collect$$libinit$$00000023  c_w.l(libinit2.o)
    0x0800018e   0x0800018e   0x00000000   Code   RO         1205    .ARM.Collect$$libinit$$00000025  c_w.l(libinit2.o)
    0x0800018e   0x0800018e   0x00000000   Code   RO         1207    .ARM.Collect$$libinit$$00000027  c_w.l(libinit2.o)
    0x0800018e   0x0800018e   0x00000000   Code   RO         1211    .ARM.Collect$$libinit$$0000002E  c_w.l(libinit2.o)
    0x0800018e   0x0800018e   0x00000000   Code   RO         1213    .ARM.Collect$$libinit$$00000030  c_w.l(libinit2.o)
    0x0800018e   0x0800018e   0x00000000   Code   RO         1215    .ARM.Collect$$libinit$$00000032  c_w.l(libinit2.o)
    0x0800018e   0x0800018e   0x00000000   Code   RO         1217    .ARM.Collect$$libinit$$00000034  c_w.l(libinit2.o)
    0x0800018e   0x0800018e   0x00000002   Code   RO         1218    .ARM.Collect$$libinit$$00000035  c_w.l(libinit2.o)
    0x08000190   0x08000190   0x00000002   Code   RO         1244    .ARM.Collect$$libshutdown$$00000000  c_w.l(libshutdown.o)
    0x08000192   0x08000192   0x00000000   Code   RO         1259    .ARM.Collect$$libshutdown$$00000002  c_w.l(libshutdown2.o)
    0x08000192   0x08000192   0x00000000   Code   RO         1261    .ARM.Collect$$libshutdown$$00000004  c_w.l(libshutdown2.o)
    0x08000192   0x08000192   0x00000000   Code   RO         1264    .ARM.Collect$$libshutdown$$00000007  c_w.l(libshutdown2.o)
    0x08000192   0x08000192   0x00000000   Code   RO         1267    .ARM.Collect$$libshutdown$$0000000A  c_w.l(libshutdown2.o)
    0x08000192   0x08000192   0x00000000   Code   RO         1269    .ARM.Collect$$libshutdown$$0000000C  c_w.l(libshutdown2.o)
    0x08000192   0x08000192   0x00000000   Code   RO         1272    .ARM.Collect$$libshutdown$$0000000F  c_w.l(libshutdown2.o)
    0x08000192   0x08000192   0x00000002   Code   RO         1273    .ARM.Collect$$libshutdown$$00000010  c_w.l(libshutdown2.o)
    0x08000194   0x08000194   0x00000000   Code   RO         1096    .ARM.Collect$$rtentry$$00000000  c_w.l(__rtentry.o)
    0x08000194   0x08000194   0x00000000   Code   RO         1132    .ARM.Collect$$rtentry$$00000002  c_w.l(__rtentry2.o)
    0x08000194   0x08000194   0x00000006   Code   RO         1144    .ARM.Collect$$rtentry$$00000004  c_w.l(__rtentry4.o)
    0x0800019a   0x0800019a   0x00000000   Code   RO         1134    .ARM.Collect$$rtentry$$00000009  c_w.l(__rtentry2.o)
    0x0800019a   0x0800019a   0x00000004   Code   RO         1135    .ARM.Collect$$rtentry$$0000000A  c_w.l(__rtentry2.o)
    0x0800019e   0x0800019e   0x00000000   Code   RO         1137    .ARM.Collect$$rtentry$$0000000C  c_w.l(__rtentry2.o)
    0x0800019e   0x0800019e   0x00000008   Code   RO         1138    .ARM.Collect$$rtentry$$0000000D  c_w.l(__rtentry2.o)
    0x080001a6   0x080001a6   0x00000002   Code   RO         1170    .ARM.Collect$$rtexit$$00000000  c_w.l(rtexit.o)
    0x080001a8   0x080001a8   0x00000000   Code   RO         1222    .ARM.Collect$$rtexit$$00000002  c_w.l(rtexit2.o)
    0x080001a8   0x080001a8   0x00000004   Code   RO         1223    .ARM.Collect$$rtexit$$00000003  c_w.l(rtexit2.o)
    0x080001ac   0x080001ac   0x00000006   Code   RO         1224    .ARM.Collect$$rtexit$$00000004  c_w.l(rtexit2.o)
    0x080001b2   0x080001b2   0x00000002   PAD
    0x080001b4   0x080001b4   0x00000040   Code   RO            4    .text               startup_stm32f103xb.o
    0x080001f4   0x080001f4   0x00000006   Code   RO         1058    .text               c_w.l(heapauxi.o)
    0x080001fa   0x080001fa   0x00000002   PAD
    0x080001fc   0x080001fc   0x00000008   Code   RO         1155    .text               c_w.l(libspace.o)
    0x08000204   0x08000204   0x0000004a   Code   RO         1158    .text               c_w.l(sys_stackheap_outer.o)
    0x0800024e   0x0800024e   0x00000012   Code   RO         1160    .text               c_w.l(exit.o)
    0x08000260   0x08000260   0x0000000c   Code   RO         1234    .text               c_w.l(sys_exit.o)
    0x0800026c   0x0800026c   0x00000002   Code   RO         1249    .text               c_w.l(use_no_semi.o)
    0x0800026e   0x0800026e   0x00000000   Code   RO         1251    .text               c_w.l(indicate_semi.o)
    0x0800026e   0x0800026e   0x00000002   PAD
    0x08000270   0x08000270   0x00000002   Code   RO          161    .text.BusFault_Handler  stm32f1xx_it.o
    0x08000272   0x08000272   0x00000002   PAD
    0x08000274   0x08000274   0x0000000c   Code   RO          173    .text.DMA1_Channel2_IRQHandler  stm32f1xx_it.o
    0x08000280   0x08000280   0x0000000c   Code   RO          175    .text.DMA1_Channel3_IRQHandler  stm32f1xx_it.o
    0x0800028c   0x0800028c   0x00000002   Code   RO          167    .text.DebugMon_Handler  stm32f1xx_it.o
    0x0800028e   0x0800028e   0x00000002   PAD
    0x08000290   0x08000290   0x0000000a   Code   RO           66    .text.Error_Handler  main.o
    0x0800029a   0x0800029a   0x00000002   PAD
    0x0800029c   0x0800029c   0x0000002e   Code   RO          243    .text.HAL_CAN_ActivateNotification  stm32f1xx_hal_can.o
    0x080002ca   0x080002ca   0x00000002   PAD
    0x080002cc   0x080002cc   0x000000a4   Code   RO          229    .text.HAL_CAN_AddTxMessage  stm32f1xx_hal_can.o
    0x08000370   0x08000370   0x000000ea   Code   RO          219    .text.HAL_CAN_ConfigFilter  stm32f1xx_hal_can.o
    0x0800045a   0x0800045a   0x00000002   PAD
    0x0800045c   0x0800045c   0x00000002   Code   RO          273    .text.HAL_CAN_ErrorCallback  stm32f1xx_hal_can.o
    0x0800045e   0x0800045e   0x00000002   PAD
    0x08000460   0x08000460   0x0000012e   Code   RO          239    .text.HAL_CAN_GetRxMessage  stm32f1xx_hal_can.o
    0x0800058e   0x0800058e   0x00000002   PAD
    0x08000590   0x08000590   0x00000028   Code   RO          233    .text.HAL_CAN_GetTxMailboxesFreeLevel  stm32f1xx_hal_can.o
    0x080005b8   0x080005b8   0x0000025e   Code   RO          247    .text.HAL_CAN_IRQHandler  stm32f1xx_hal_can.o
    0x08000816   0x08000816   0x00000002   PAD
    0x08000818   0x08000818   0x000000f4   Code   RO          209    .text.HAL_CAN_Init  stm32f1xx_hal_can.o
    0x0800090c   0x0800090c   0x0000008e   Code   RO          101    .text.HAL_CAN_MspInit  can.o
    0x0800099a   0x0800099a   0x00000002   PAD
    0x0800099c   0x0800099c   0x00000002   Code   RO          261    .text.HAL_CAN_RxFifo0FullCallback  stm32f1xx_hal_can.o
    0x0800099e   0x0800099e   0x00000002   PAD
    0x080009a0   0x080009a0   0x00000106   Code   RO           37    .text.HAL_CAN_RxFifo0MsgPendingCallback  zlac_can.o
    0x08000aa6   0x08000aa6   0x00000002   PAD
    0x08000aa8   0x08000aa8   0x00000002   Code   RO          265    .text.HAL_CAN_RxFifo1FullCallback  stm32f1xx_hal_can.o
    0x08000aaa   0x08000aaa   0x00000002   PAD
    0x08000aac   0x08000aac   0x00000002   Code   RO          267    .text.HAL_CAN_RxFifo1MsgPendingCallback  stm32f1xx_hal_can.o
    0x08000aae   0x08000aae   0x00000002   PAD
    0x08000ab0   0x08000ab0   0x00000002   Code   RO          269    .text.HAL_CAN_SleepCallback  stm32f1xx_hal_can.o
    0x08000ab2   0x08000ab2   0x00000002   PAD
    0x08000ab4   0x08000ab4   0x0000005a   Code   RO          221    .text.HAL_CAN_Start  stm32f1xx_hal_can.o
    0x08000b0e   0x08000b0e   0x00000002   PAD
    0x08000b10   0x08000b10   0x00000002   Code   RO          251    .text.HAL_CAN_TxMailbox0AbortCallback  stm32f1xx_hal_can.o
    0x08000b12   0x08000b12   0x00000002   PAD
    0x08000b14   0x08000b14   0x00000002   Code   RO          249    .text.HAL_CAN_TxMailbox0CompleteCallback  stm32f1xx_hal_can.o
    0x08000b16   0x08000b16   0x00000002   PAD
    0x08000b18   0x08000b18   0x00000002   Code   RO          255    .text.HAL_CAN_TxMailbox1AbortCallback  stm32f1xx_hal_can.o
    0x08000b1a   0x08000b1a   0x00000002   PAD
    0x08000b1c   0x08000b1c   0x00000002   Code   RO          253    .text.HAL_CAN_TxMailbox1CompleteCallback  stm32f1xx_hal_can.o
    0x08000b1e   0x08000b1e   0x00000002   PAD
    0x08000b20   0x08000b20   0x00000002   Code   RO          259    .text.HAL_CAN_TxMailbox2AbortCallback  stm32f1xx_hal_can.o
    0x08000b22   0x08000b22   0x00000002   PAD
    0x08000b24   0x08000b24   0x00000002   Code   RO          257    .text.HAL_CAN_TxMailbox2CompleteCallback  stm32f1xx_hal_can.o
    0x08000b26   0x08000b26   0x00000002   PAD
    0x08000b28   0x08000b28   0x00000002   Code   RO          271    .text.HAL_CAN_WakeUpFromRxMsgCallback  stm32f1xx_hal_can.o
    0x08000b2a   0x08000b2a   0x00000002   PAD
    0x08000b2c   0x08000b2c   0x000001a0   Code   RO          439    .text.HAL_DMA_IRQHandler  stm32f1xx_hal_dma.o
    0x08000ccc   0x08000ccc   0x00000084   Code   RO          425    .text.HAL_DMA_Init  stm32f1xx_hal_dma.o
    0x08000d50   0x08000d50   0x00000028   Code   RO          309    .text.HAL_Delay     stm32f1xx_hal.o
    0x08000d78   0x08000d78   0x0000020e   Code   RO          401    .text.HAL_GPIO_Init  stm32f1xx_hal_gpio.o
    0x08000f86   0x08000f86   0x00000002   PAD
    0x08000f88   0x08000f88   0x0000000a   Code   RO          407    .text.HAL_GPIO_WritePin  stm32f1xx_hal_gpio.o
    0x08000f92   0x08000f92   0x00000002   PAD
    0x08000f94   0x08000f94   0x0000000c   Code   RO          301    .text.HAL_GetTick   stm32f1xx_hal.o
    0x08000fa0   0x08000fa0   0x00000164   Code   RO          622    .text.HAL_I2C_Init  stm32f1xx_hal_i2c.o
    0x08001104   0x08001104   0x0000006a   Code   RO          125    .text.HAL_I2C_MspInit  i2c.o
    0x0800116e   0x0800116e   0x00000002   PAD
    0x08001170   0x08001170   0x0000001a   Code   RO          299    .text.HAL_IncTick   stm32f1xx_hal.o
    0x0800118a   0x0800118a   0x00000002   PAD
    0x0800118c   0x0800118c   0x00000026   Code   RO          289    .text.HAL_Init      stm32f1xx_hal.o
    0x080011b2   0x080011b2   0x00000002   PAD
    0x080011b4   0x080011b4   0x00000048   Code   RO          291    .text.HAL_InitTick  stm32f1xx_hal.o
    0x080011fc   0x080011fc   0x00000042   Code   RO          186    .text.HAL_MspInit   stm32f1xx_hal_msp.o
    0x0800123e   0x0800123e   0x00000002   PAD
    0x08001240   0x08001240   0x00000022   Code   RO          461    .text.HAL_NVIC_EnableIRQ  stm32f1xx_hal_cortex.o
    0x08001262   0x08001262   0x00000002   PAD
    0x08001264   0x08001264   0x00000056   Code   RO          459    .text.HAL_NVIC_SetPriority  stm32f1xx_hal_cortex.o
    0x080012ba   0x080012ba   0x00000002   PAD
    0x080012bc   0x080012bc   0x00000020   Code   RO          457    .text.HAL_NVIC_SetPriorityGrouping  stm32f1xx_hal_cortex.o
    0x080012dc   0x080012dc   0x000001ba   Code   RO          353    .text.HAL_RCC_ClockConfig  stm32f1xx_hal_rcc.o
    0x08001496   0x08001496   0x00000002   PAD
    0x08001498   0x08001498   0x00000026   Code   RO          365    .text.HAL_RCC_GetPCLK1Freq  stm32f1xx_hal_rcc.o
    0x080014be   0x080014be   0x00000002   PAD
    0x080014c0   0x080014c0   0x00000400   Code   RO          351    .text.HAL_RCC_OscConfig  stm32f1xx_hal_rcc.o
    0x080018c0   0x080018c0   0x000000a8   Code   RO          760    .text.HAL_SPI_Init  stm32f1xx_hal_spi.o
    0x08001968   0x08001968   0x000000e6   Code   RO          140    .text.HAL_SPI_MspInit  spi.o
    0x08001a4e   0x08001a4e   0x00000002   PAD
    0x08001a50   0x08001a50   0x00000200   Code   RO          770    .text.HAL_SPI_Receive  stm32f1xx_hal_spi.o
    0x08001c50   0x08001c50   0x000001fa   Code   RO          768    .text.HAL_SPI_Transmit  stm32f1xx_hal_spi.o
    0x08001e4a   0x08001e4a   0x00000002   PAD
    0x08001e4c   0x08001e4c   0x000002d2   Code   RO          772    .text.HAL_SPI_TransmitReceive  stm32f1xx_hal_spi.o
    0x0800211e   0x0800211e   0x00000002   PAD
    0x08002120   0x08002120   0x0000002c   Code   RO          469    .text.HAL_SYSTICK_Config  stm32f1xx_hal_cortex.o
    0x0800214c   0x0800214c   0x00000002   Code   RO          157    .text.HardFault_Handler  stm32f1xx_it.o
    0x0800214e   0x0800214e   0x00000002   PAD
    0x08002150   0x08002150   0x00000040   Code   RO           99    .text.MX_CAN_Init   can.o
    0x08002190   0x08002190   0x00000044   Code   RO          114    .text.MX_DMA_Init   dma.o
    0x080021d4   0x080021d4   0x00000090   Code   RO           90    .text.MX_GPIO_Init  gpio.o
    0x08002264   0x08002264   0x00000042   Code   RO          123    .text.MX_I2C1_Init  i2c.o
    0x080022a6   0x080022a6   0x00000002   PAD
    0x080022a8   0x080022a8   0x0000004c   Code   RO          138    .text.MX_SPI1_Init  spi.o
    0x080022f4   0x080022f4   0x00000002   Code   RO          159    .text.MemManage_Handler  stm32f1xx_it.o
    0x080022f6   0x080022f6   0x00000002   PAD
    0x080022f8   0x080022f8   0x00000002   Code   RO          155    .text.NMI_Handler   stm32f1xx_it.o
    0x080022fa   0x080022fa   0x00000002   PAD
    0x080022fc   0x080022fc   0x00000002   Code   RO          169    .text.PendSV_Handler  stm32f1xx_it.o
    0x080022fe   0x080022fe   0x00000002   PAD
    0x08002300   0x08002300   0x0000006a   Code   RO           13    .text.SDO_Read_Request  zlac_can.o
    0x0800236a   0x0800236a   0x00000002   PAD
    0x0800236c   0x0800236c   0x00000120   Code   RO          864    .text.SPI_WaitFlagStateUntilTimeout  stm32f1xx_hal_spi.o
    0x0800248c   0x0800248c   0x00000002   Code   RO          165    .text.SVC_Handler   stm32f1xx_it.o
    0x0800248e   0x0800248e   0x00000002   PAD
    0x08002490   0x08002490   0x00000004   Code   RO          171    .text.SysTick_Handler  stm32f1xx_it.o
    0x08002494   0x08002494   0x00000002   Code   RO          876    .text.SystemInit    system_stm32f1xx.o
    0x08002496   0x08002496   0x00000002   PAD
    0x08002498   0x08002498   0x0000000c   Code   RO          177    .text.USB_LP_CAN1_RX0_IRQHandler  stm32f1xx_it.o
    0x080024a4   0x080024a4   0x00000002   Code   RO          163    .text.UsageFault_Handler  stm32f1xx_it.o
    0x080024a6   0x080024a6   0x00000002   PAD
    0x080024a8   0x080024a8   0x00000010   Code   RO           52    .text.W5500_Deselect  main.o
    0x080024b8   0x080024b8   0x00000012   Code   RO           58    .text.W5500_ReadBurst  main.o
    0x080024ca   0x080024ca   0x00000002   PAD
    0x080024cc   0x080024cc   0x00000036   Code   RO           56    .text.W5500_ReadByte  main.o
    0x08002502   0x08002502   0x00000002   PAD
    0x08002504   0x08002504   0x00000010   Code   RO           50    .text.W5500_Select  main.o
    0x08002514   0x08002514   0x00000012   Code   RO           60    .text.W5500_WriteBurst  main.o
    0x08002526   0x08002526   0x00000002   PAD
    0x08002528   0x08002528   0x0000002a   Code   RO           54    .text.W5500_WriteByte  main.o
    0x08002552   0x08002552   0x00000002   PAD
    0x08002554   0x08002554   0x00000062   Code   RO         1031    .text.WIZCHIP_READ  w5500.o
    0x080025b6   0x080025b6   0x00000002   PAD
    0x080025b8   0x080025b8   0x00000078   Code   RO         1035    .text.WIZCHIP_READ_BUF  w5500.o
    0x08002630   0x08002630   0x00000064   Code   RO         1033    .text.WIZCHIP_WRITE  w5500.o
    0x08002694   0x08002694   0x0000007e   Code   RO         1037    .text.WIZCHIP_WRITE_BUF  w5500.o
    0x08002712   0x08002712   0x00000002   PAD
    0x08002714   0x08002714   0x00000064   Code   RO           17    .text.ZLAC_CAN_Init  zlac_can.o
    0x08002778   0x08002778   0x00000014   Code   RO           23    .text.ZLAC_IsReady  zlac_can.o
    0x0800278c   0x0800278c   0x00000016   Code   RO           35    .text.ZLAC_Odom_Reset  zlac_can.o
    0x080027a2   0x080027a2   0x00000002   PAD
    0x080027a4   0x080027a4   0x000000f2   Code   RO           27    .text.ZLAC_SetSpeed_mps  zlac_can.o
    0x08002896   0x08002896   0x00000002   PAD
    0x08002898   0x08002898   0x000000ee   Code   RO           25    .text.ZLAC_SetSpeed_raw  zlac_can.o
    0x08002986   0x08002986   0x00000002   PAD
    0x08002988   0x08002988   0x00000d78   Code   RO           19    .text.ZLAC_StateMachine  zlac_can.o
    0x08003700   0x08003700   0x00000008   Code   RO           21    .text.ZLAC_Stop     zlac_can.o
    0x08003708   0x08003708   0x00000074   Code   RO          893    .text.close         socket.o
    0x0800377c   0x0800377c   0x000001ca   Code   RO         1041    .text.getSn_RX_RSR  w5500.o
    0x08003946   0x08003946   0x00000002   PAD
    0x08003948   0x08003948   0x000001ca   Code   RO         1039    .text.getSn_TX_FSR  w5500.o
    0x08003b12   0x08003b12   0x00000002   PAD
    0x08003b14   0x08003b14   0x0000034e   Code   RO           62    .text.main          main.o
    0x08003e62   0x08003e62   0x00000002   PAD
    0x08003e64   0x08003e64   0x0000025a   Code   RO          917    .text.recvfrom_IO_6  socket.o
    0x080040be   0x080040be   0x00000002   PAD
    0x080040c0   0x080040c0   0x0000000c   Code   RO          915    .text.recvfrom_W5x00  socket.o
    0x080040cc   0x080040cc   0x00000038   Code   RO          967    .text.reg_wizchip_cs_cbfunc  wizchip_conf.o
    0x08004104   0x08004104   0x00000044   Code   RO          973    .text.reg_wizchip_spi_cbfunc  wizchip_conf.o
    0x08004148   0x08004148   0x00000044   Code   RO          975    .text.reg_wizchip_spiburst_cbfunc  wizchip_conf.o
    0x0800418c   0x0800418c   0x0000020a   Code   RO          911    .text.sendto_IO_6   socket.o
    0x08004396   0x08004396   0x00000002   PAD
    0x08004398   0x08004398   0x00000018   Code   RO          909    .text.sendto_W5x00  socket.o
    0x080043b0   0x080043b0   0x000001b6   Code   RO          891    .text.socket        socket.o
    0x08004566   0x08004566   0x00000002   PAD
    0x08004568   0x08004568   0x000001e6   Code   RO         1045    .text.wiz_recv_data  w5500.o
    0x0800474e   0x0800474e   0x00000002   PAD
    0x08004750   0x08004750   0x00000174   Code   RO         1047    .text.wiz_recv_ignore  w5500.o
    0x080048c4   0x080048c4   0x000001e2   Code   RO         1043    .text.wiz_send_data  w5500.o
    0x08004aa6   0x08004aa6   0x00000002   PAD
    0x08004aa8   0x08004aa8   0x00000004   Code   RO          945    .text.wizchip_bus_readdata  wizchip_conf.o
    0x08004aac   0x08004aac   0x00000004   Code   RO          947    .text.wizchip_bus_writedata  wizchip_conf.o
    0x08004ab0   0x08004ab0   0x00000002   Code   RO          937    .text.wizchip_cris_enter  wizchip_conf.o
    0x08004ab2   0x08004ab2   0x00000002   PAD
    0x08004ab4   0x08004ab4   0x00000002   Code   RO          939    .text.wizchip_cris_exit  wizchip_conf.o
    0x08004ab6   0x08004ab6   0x00000002   PAD
    0x08004ab8   0x08004ab8   0x00000002   Code   RO          943    .text.wizchip_cs_deselect  wizchip_conf.o
    0x08004aba   0x08004aba   0x00000002   PAD
    0x08004abc   0x08004abc   0x00000002   Code   RO          941    .text.wizchip_cs_select  wizchip_conf.o
    0x08004abe   0x08004abe   0x00000002   PAD
    0x08004ac0   0x08004ac0   0x0000004e   Code   RO         1009    .text.wizchip_setnetinfo  wizchip_conf.o
    0x08004b0e   0x08004b0e   0x00000002   PAD
    0x08004b10   0x08004b10   0x0000002e   Code   RO          957    .text.wizchip_spi_readburst  wizchip_conf.o
    0x08004b3e   0x08004b3e   0x00000002   PAD
    0x08004b40   0x08004b40   0x00000004   Code   RO          953    .text.wizchip_spi_readbyte  wizchip_conf.o
    0x08004b44   0x08004b44   0x0000002e   Code   RO          959    .text.wizchip_spi_writeburst  wizchip_conf.o
    0x08004b72   0x08004b72   0x00000002   PAD
    0x08004b74   0x08004b74   0x00000002   Code   RO          955    .text.wizchip_spi_writebyte  wizchip_conf.o
    0x08004b76   0x08004b76   0x00000072   Code   RO         1094    i.roundf            m_ws.l(roundf.o)
    0x08004be8   0x08004be8   0x000000c4   Code   RO         1062    x$fpl$fadd          fz_ws.l(faddsub_clz.o)
    0x08004cac   0x08004cac   0x00000054   Code   RO         1068    x$fpl$fcmp          fz_ws.l(fcmp.o)
    0x08004d00   0x08004d00   0x00000018   Code   RO         1151    x$fpl$fcmpinf       fz_ws.l(fcmpi.o)
    0x08004d18   0x08004d18   0x00000184   Code   RO         1071    x$fpl$fdiv          fz_ws.l(fdiv.o)
    0x08004e9c   0x08004e9c   0x00000068   Code   RO         1099    x$fpl$feqf          fz_ws.l(feqf.o)
    0x08004f04   0x08004f04   0x00000036   Code   RO         1074    x$fpl$ffix          fz_ws.l(ffix.o)
    0x08004f3a   0x08004f3a   0x00000002   PAD
    0x08004f3c   0x08004f3c   0x00000068   Code   RO         1101    x$fpl$fgeqf         fz_ws.l(fgeqf.o)
    0x08004fa4   0x08004fa4   0x00000068   Code   RO         1103    x$fpl$fleqf         fz_ws.l(fleqf.o)
    0x0800500c   0x0800500c   0x00000102   Code   RO         1084    x$fpl$fmul          fz_ws.l(fmul.o)
    0x0800510e   0x0800510e   0x0000008c   Code   RO         1105    x$fpl$fnaninf       fz_ws.l(fnaninf.o)
    0x0800519a   0x0800519a   0x0000000a   Code   RO         1107    x$fpl$fretinf       fz_ws.l(fretinf.o)
    0x080051a4   0x080051a4   0x00000060   Code   RO         1109    x$fpl$frnd          fz_ws.l(frnd.o)
    0x08005204   0x08005204   0x000000ea   Code   RO         1064    x$fpl$fsub          fz_ws.l(faddsub_clz.o)
    0x080052ee   0x080052ee   0x00000000   Code   RO         1111    x$fpl$usenofp       fz_ws.l(usenofp.o)
    0x080052ee   0x080052ee   0x00000002   PAD
    0x080052f0   0x080052f0   0x00000017   Data   RO           76    .rodata..L__const.main.net_info  main.o
    0x08005307   0x08005307   0x00000010   Data   RO          881    .rodata.AHBPrescTable  system_stm32f1xx.o
    0x08005317   0x08005317   0x00000008   Data   RO          882    .rodata.APBPrescTable  system_stm32f1xx.o
    0x0800531f   0x0800531f   0x00000002   Data   RO          378    .rodata.HAL_RCC_GetSysClockFreq.aPredivFactorTable  stm32f1xx_hal_rcc.o
    0x08005321   0x08005321   0x00000010   Data   RO          377    .rodata.cst16       stm32f1xx_hal_rcc.o
    0x08005331   0x08005331   0x00000003   PAD
    0x08005334   0x08005334   0x00000020   Data   RO         1307    Region$$Table       anon$$obj.o


    Execution Region RW_IRAM1 (Exec base: 0x20000000, Load base: 0x08005358, Size: 0x00000880, Max: 0x00005000, ABSOLUTE)

    Exec Addr    Load Addr    Size         Type   Attr      Idx    E Section Name        Object

    0x20000000   0x08005358   0x00000006   Data   RW           80    .data..L_MergedGlobals  main.o
    0x20000006   0x0800535e   0x00000002   PAD
    0x20000008   0x08005360   0x00000008   Data   RW          340    .data..L_MergedGlobals  stm32f1xx_hal.o
    0x20000010   0x08005368   0x00000004   Data   RW          880    .data.SystemCoreClock  system_stm32f1xx.o
    0x20000014   0x0800536c   0x0000002c   Data   RW         1021    .data.WIZCHIP       wizchip_conf.o
    0x20000040   0x08005398   0x00000002   Data   RW          927    .data.sock_any_port  socket.o
    0x20000042   0x0800539a   0x00000006   PAD
    0x20000048        -       0x00000060   Zero   RW         1156    .bss                c_w.l(libspace.o)
    0x200000a8        -       0x00000044   Zero   RW           39    .bss..L_MergedGlobals  zlac_can.o
    0x200000ec        -       0x0000001c   Zero   RW          928    .bss..L_MergedGlobals  socket.o
    0x20000108        -       0x00000005   Zero   RW         1022    .bss..L_MergedGlobals  wizchip_conf.o
    0x2000010d   0x0800539a   0x00000003   PAD
    0x20000110        -       0x00000010   Zero   RW           81    .bss..L_MergedGlobals.1  main.o
    0x20000120        -       0x00000028   Zero   RW          105    .bss.hcan           can.o
    0x20000148        -       0x00000044   Zero   RW          145    .bss.hdma_spi1_rx   spi.o
    0x2000018c        -       0x00000044   Zero   RW          146    .bss.hdma_spi1_tx   spi.o
    0x200001d0        -       0x00000054   Zero   RW          129    .bss.hi2c1          i2c.o
    0x20000224        -       0x00000058   Zero   RW          144    .bss.hspi1          spi.o
    0x2000027c        -       0x00000004   Zero   RW          339    .bss.uwTick         stm32f1xx_hal.o
    0x20000280        -       0x00000200   Zero   RW            2    HEAP                startup_stm32f103xb.o
    0x20000480        -       0x00000400   Zero   RW            1    STACK               startup_stm32f103xb.o


==============================================================================

Image component sizes


      Code (inc. data)   RO Data    RW Data    ZI Data      Debug   Object Name

       206          0          0          0         40       4941   can.o
        68          0          0          0          0       2206   dma.o
       144          0          0          0          0       1576   gpio.o
       172          0          0          0         84       4503   i2c.o
      1020          0         23          6         16      10788   main.o
      1714          0          0          2         28      12498   socket.o
       306          0          0          0        224       4480   spi.o
        64         26        236          0       1536        800   startup_stm32f103xb.o
       188          0          0          8          4       5781   stm32f1xx_hal.o
      1750          6          0          0          0      13664   stm32f1xx_hal_can.o
       196          0          0          0          0       8435   stm32f1xx_hal_cortex.o
       548          0          0          0          0       8302   stm32f1xx_hal_dma.o
       536         22          0          0          0       4709   stm32f1xx_hal_gpio.o
       356          0          0          0          0      45007   stm32f1xx_hal_i2c.o
        66          0          0          0          0       1230   stm32f1xx_hal_msp.o
      1504          0         18          0          0       7969   stm32f1xx_hal_rcc.o
      2196          0          0          0          0      23697   stm32f1xx_hal_spi.o
        56          0          0          0          0       4562   stm32f1xx_it.o
         2          0         24          4          0       1619   system_stm32f1xx.o
      2700          0          0          0          0      11684   w5500.o
       384          0          0         44          5      16456   wizchip_conf.o
      4446         14          0          0         68      27631   zlac_can.o

    ----------------------------------------------------------------------
     18758         68        336         68       2012     222538   Object Totals
         0          0         32          0          0          0   (incl. Generated)
       136          0          3          4          7          0   (incl. Padding)

    ----------------------------------------------------------------------

      Code (inc. data)   RO Data    RW Data    ZI Data      Debug   Library Member Name

         8          0          0          0          0         68   __main.o
         0          0          0          0          0          0   __rtentry.o
        12          0          0          0          0          0   __rtentry2.o
         6          0          0          0          0          0   __rtentry4.o
        94          8          0          0          0          0   __scatter.o
        26          0          0          0          0          0   __scatter_copy.o
        28          0          0          0          0          0   __scatter_zi.o
        18          0          0          0          0         80   exit.o
         6          0          0          0          0        152   heapauxi.o
         0          0          0          0          0          0   indicate_semi.o
         2          0          0          0          0          0   libinit.o
         2          0          0          0          0          0   libinit2.o
         2          0          0          0          0          0   libshutdown.o
         2          0          0          0          0          0   libshutdown2.o
         8          4          0          0         96         68   libspace.o
         2          0          0          0          0          0   rtexit.o
        10          0          0          0          0          0   rtexit2.o
        12          4          0          0          0         68   sys_exit.o
        74          0          0          0          0         80   sys_stackheap_outer.o
         2          0          0          0          0         68   use_no_semi.o
       430          8          0          0          0        168   faddsub_clz.o
        84          0          0          0          0        196   fcmp.o
        24          0          0          0          0         68   fcmpi.o
       388         76          0          0          0         96   fdiv.o
       104          4          0          0          0         84   feqf.o
        54          4          0          0          0         84   ffix.o
       104          4          0          0          0         84   fgeqf.o
       104          4          0          0          0         84   fleqf.o
       258          4          0          0          0         84   fmul.o
       140          4          0          0          0         84   fnaninf.o
        10          0          0          0          0         68   fretinf.o
        96          4          0          0          0         76   frnd.o
         0          0          0          0          0          0   usenofp.o
       114          0          0          0          0         80   roundf.o

    ----------------------------------------------------------------------
      2238        128          0          0         96       1840   Library Totals
        14          0          0          0          0          0   (incl. Padding)

    ----------------------------------------------------------------------

      Code (inc. data)   RO Data    RW Data    ZI Data      Debug   Library Name

       314         16          0          0         96        584   c_w.l
      1796        112          0          0          0       1176   fz_ws.l
       114          0          0          0          0         80   m_ws.l

    ----------------------------------------------------------------------
      2238        128          0          0         96       1840   Library Totals

    ----------------------------------------------------------------------

==============================================================================


      Code (inc. data)   RO Data    RW Data    ZI Data      Debug   

     20996        196        336         68       2108     223210   Grand Totals
     20996        196        336         68       2108     223210   ELF Image Totals
     20996        196        336         68          0          0   ROM Totals

==============================================================================

    Total RO  Size (Code + RO Data)                21332 (  20.83kB)
    Total RW  Size (RW Data + ZI Data)              2176 (   2.12kB)
    Total ROM Size (Code + RO Data + RW Data)      21400 (  20.90kB)

==============================================================================

